EN/S05_Descriptive_Analytics/Demo - retail_sales_data.csv
WEEK_END_DATE,STORE_NUM,STORE_CITY,UPC,UNITS,VISITS,SPEND,PRICE,BASE_PRICE,FEATURE,DISPLAY,
2017-01-14,389,Laval,1111009477,71,68,98.69,1.39,1.39,0,0,
2017-01-21,389,Laval,1111009477,78,67,107.64,1.38,1.38,0,0,
2017-01-28,389,Laval,1111009477,66,54,91.08,1.38,1.38,0,0,
2017-02-04,389,Laval,1111009477,82,73,113.16,1.38,1.38,0,0,
2017-02-11,389,Laval,1111009477,68,57,101.32,1.49,1.49,0,0,
2017-02-18,389,Laval,1111009477,76,67,113.24,1.49,1.49,0,0,
2017-02-25,389,Laval,1111009477,71,57,105.79,1.49,1.49,0,0,
2017-03-04,389,Laval,1111009477,81,68,119.88,1.48,1.48,0,0,
2017-03-11,389,Laval,1111009477,75,62,109.5,1.46,1.46,0,0,
2017-03-18,389,Laval,1111009477,72,58,106.56,1.48,1.48,0,0,
2017-03-25,389,Laval,1111009477,68,56,101.32,1.49,1.49,0,0,
2017-04-01,389,Laval,1111009477,63,55,91.35,1.45,1.45,0,0,
2017-04-08,389,Laval,1111009477,99,87,145.53,1.47,1.45,0,1,
2017-04-15,389,Laval,1111009477,93,82,138.57,1.49,1.49,0,0,
2017-04-22,389,Laval,1111009477,104,98,127.92,1.23,1.49,0,1,
2017-04-29,389,Laval,1111009477,109,92,134.07,1.23,1.49,0,1,
2017-05-06,389,Laval,1111009477,119,103,145.18,1.22,1.49,0,1,
2017-05-13,389,Laval,1111009477,136,113,168.64,1.24,1.49,0,1,
2017-05-20,389,Laval,1111009477,87,75,107.88,1.24,1.49,0,0,
2017-05-27,389,Laval,1111009477,106,76,131.44,1.24,1.49,0,0,
2017-06-03,389,Laval,1111009477,58,47,71.92,1.24,1.49,0,0,
2017-06-10,389,Laval,1111009477,77,68,95.48,1.24,1.49,0,0,
2017-06-17,389,Laval,1111009477,75,67,92.25,1.23,1.49,0,0,
2017-06-24,389,Laval,1111009477,93,80,115.32,1.24,1.49,0,0,
2017-07-01,389,Laval,1111009477,65,61,80.6,1.24,1.24,0,0,
2017-07-08,389,Laval,1111009477,77,67,95.48,1.24,1.24,0,0,
2017-07-15,389,Laval,1111009477,60,55,75,1.25,1.25,0,0,
2017-07-22,389,Laval,1111009477,75,65,92.25,1.23,1.23,0,0,
2017-07-29,389,Laval,1111009477,72,59,90,1.25,1.25,0,0,
2017-08-05,389,Laval,1111009477,74,66,91.76,1.24,1.24,0,0,
2017-08-12,389,Laval,1111009477,73,67,91.25,1.25,1.25,0,0,
2017-08-19,389,Laval,1111009477,94,80,117.5,1.25,1.25,0,0,
2017-08-26,389,Laval,1111009477,81,69,100.44,1.24,1.24,0,0,
2017-09-02,389,Laval,1111009477,67,61,83.75,1.25,1.25,0,0,
2017-09-09,389,Laval,1111009477,68,59,84.32,1.24,1.24,0,0,
2017-09-16,389,Laval,1111009477,89,76,110.36,1.24,1.24,0,0,
2017-09-23,389,Laval,1111009477,82,69,101.68,1.24,1.24,0,0,
2017-09-30,389,Laval,1111009477,89,76,107.69,1.21,1.21,0,0,
2017-10-07,389,Laval,1111009477,88,73,128.48,1.46,1.46,0,0,
2017-10-14,389,Laval,1111009477,101,85,147.46,1.46,1.46,0,0,
2017-10-21,389,Laval,1111009477,76,60,111.72,1.47,1.47,0,0,
2017-10-28,389,Laval,1111009477,84,69,125.16,1.49,1.49,0,0,
2017-11-04,389,Laval,1111009477,76,67,110.96,1.46,1.46,0,0,
2017-11-11,389,Laval,1111009477,78,66,113.1,1.45,1.45,0,0,
2017-11-18,389,Laval,1111009477,112,93,165.76,1.48,1.48,0,0,
2017-11-25,389,Laval,1111009477,119,98,177.31,1.49,1.49,0,0,
2017-12-02,389,Laval,1111009477,118,98,173.46,1.47,1.47,0,0,
2017-12-09,389,Laval,1111009477,110,88,136.4,1.24,1.47,0,1,
2017-12-16,389,Laval,1111009477,110,97,137.5,1.25,1.47,0,0,
2017-12-23,389,Laval,1111009477,151,137,187.24,1.24,1.47,0,0,
2017-12-30,389,Laval,1111009477,114,105,140.22,1.23,1.47,0,0,
2018-01-06,389,Laval,1111009477,131,117,163.75,1.25,1.47,1,1,
2018-01-13,389,Laval,1111009477,162,137,202.5,1.25,1.47,1,1,
2018-01-20,389,Laval,1111009477,117,104,145.08,1.24,1.47,0,1,
2017-01-14,389,Laval,1111009497,78,68,106.86,1.37,1.37,0,0,
2017-01-21,389,Laval,1111009497,74,66,102.12,1.38,1.38,0,0,
2017-01-28,389,Laval,1111009497,63,55,86.31,1.37,1.37,0,0,
2017-02-04,389,Laval,1111009497,56,48,76.72,1.37,1.37,0,0,
2017-02-11,389,Laval,1111009497,74,68,110.26,1.49,1.49,0,0,
2017-02-18,389,Laval,1111009497,66,56,97.68,1.48,1.48,0,0,
2017-02-25,389,Laval,1111009497,66,61,99,1.5,1.5,0,0,
2017-03-04,389,Laval,1111009497,65,60,96.85,1.49,1.49,0,0,
2017-03-11,389,Laval,1111009497,67,59,97.82,1.46,1.46,0,0,
2017-03-18,389,Laval,1111009497,82,71,121.36,1.48,1.48,0,0,
2017-03-25,389,Laval,1111009497,70,62,102.2,1.46,1.46,0,0,
2017-04-01,389,Laval,1111009497,72,59,106.56,1.48,1.48,0,0,
2017-04-08,389,Laval,1111009497,118,108,175.82,1.49,1.49,0,0,
2017-04-15,389,Laval,1111009497,111,96,163.17,1.47,1.47,0,0,
2017-04-22,389,Laval,1111009497,107,93,132.68,1.24,1.47,0,1,
2017-04-29,389,Laval,1111009497,105,93,130.2,1.24,1.47,0,1,
2017-05-06,389,Laval,1111009497,127,113,154.94,1.22,1.47,0,1,
2017-05-13,389,Laval,1111009497,133,121,164.92,1.24,1.47,0,1,
2017-05-20,389,Laval,1111009497,68,60,84.32,1.24,1.47,0,0,
2017-05-27,389,Laval,1111009497,89,76,110.36,1.24,1.47,0,0,
2017-06-03,389,Laval,1111009497,78,67,97.5,1.25,1.47,0,0,
2017-06-10,389,Laval,1111009497,69,58,86.25,1.25,1.47,0,0,
2017-06-17,389,Laval,1111009497,68,63,84.32,1.24,1.47,0,0,
2017-06-24,389,Laval,1111009497,88,74,109.12,1.24,1.47,0,0,
2017-07-01,389,Laval,1111009497,57,48,71.25,1.25,1.25,0,0,
2017-07-08,389,Laval,1111009497,74,67,91.76,1.24,1.24,0,0,
2017-07-15,389,Laval,1111009497,61,50,75.64,1.24,1.24,0,0,
2017-07-22,389,Laval,1111009497,66,59,81.84,1.24,1.24,0,0,
2017-07-29,389,Laval,1111009497,62,57,77.5,1.25,1.25,0,0,
2017-08-05,389,Laval,1111009497,44,40,54.56,1.24,1.24,0,0,
2017-08-12,389,Laval,1111009497,81,69,100.44,1.24,1.24,0,0,
2017-08-19,389,Laval,1111009497,58,54,71.92,1.24,1.24,0,0,
2017-08-26,389,Laval,1111009497,65,53,80.6,1.24,1.24,0,0,
2017-09-02,389,Laval,1111009497,57,49,70.68,1.24,1.24,0,0,
2017-09-09,389,Laval,1111009497,62,57,76.88,1.24,1.24,0,0,
2017-09-16,389,Laval,1111009497,59,57,73.75,1.25,1.25,0,0,
2017-09-23,389,Laval,1111009497,55,47,68.2,1.24,1.24,0,0,
2017-09-30,389,Laval,1111009497,80,68,94.4,1.18,1.18,0,0,
2017-10-07,389,Laval,1111009497,65,57,92.95,1.43,1.43,0,0,
2017-10-14,389,Laval,1111009497,66,60,94.38,1.43,1.43,0,0,
2017-10-21,389,Laval,1111009497,41,39,61.5,1.5,1.5,0,0,
2017-10-28,389,Laval,1111009497,43,36,64.07,1.49,1.49,0,0,
2017-11-04,389,Laval,1111009497,54,50,80.46,1.49,1.49,0,0,
2017-11-11,389,Laval,1111009497,51,44,74.46,1.46,1.46,0,0,
2017-11-18,389,Laval,1111009497,64,55,93.44,1.46,1.46,0,0,
2017-11-25,389,Laval,1111009497,60,50,89.4,1.49,1.49,0,0,
2017-12-02,389,Laval,1111009497,60,54,89.4,1.49,1.49,0,0,
2017-12-09,389,Laval,1111009497,68,59,84.32,1.24,1.49,0,0,
2017-12-16,389,Laval,1111009497,62,55,76.26,1.23,1.49,0,0,
2017-12-23,389,Laval,1111009497,69,51,85.56,1.24,1.49,0,0,
2017-12-30,389,Laval,1111009497,49,44,60.27,1.23,1.49,0,0,
2018-01-06,389,Laval,1111009497,92,83,114.08,1.24,1.49,1,1,
2018-01-13,389,Laval,1111009497,128,114,158.72,1.24,1.49,1,1,
2018-01-20,389,Laval,1111009497,82,74,101.68,1.24,1.49,0,1,
2017-01-14,389,Laval,1111009507,28,27,38.64,1.38,1.38,0,0,
2017-01-21,389,Laval,1111009507,24,20,33.12,1.38,1.38,0,0,
2017-01-28,389,Laval,1111009507,21,21,29.19,1.39,1.39,0,0,
2017-02-04,389,Laval,1111009507,31,30,42.47,1.37,1.37,0,0,
2017-02-11,389,Laval,1111009507,29,24,43.21,1.49,1.49,0,0,
2017-02-18,389,Laval,1111009507,17,16,25.16,1.48,1.48,0,0,
2017-02-25,389,Laval,1111009507,20,19,30,1.5,1.5,0,0,
2017-03-04,389,Laval,1111009507,23,22,33.81,1.47,1.47,0,0,
2017-03-11,389,Laval,1111009507,21,21,30.66,1.46,1.46,0,0,
2017-03-18,389,Laval,1111009507,24,23,35.52,1.48,1.48,0,0,
2017-03-25,389,Laval,1111009507,24,23,35.52,1.48,1.48,0,0,
2017-04-01,389,Laval,1111009507,37,31,55.13,1.49,1.49,0,0,
2017-04-08,389,Laval,1111009507,65,59,96.85,1.49,1.49,0,1,
2017-04-15,389,Laval,1111009507,65,60,96.85,1.49,1.49,0,0,
2017-04-22,389,Laval,1111009507,57,47,68.97,1.21,1.49,0,1,
2017-04-29,389,Laval,1111009507,59,50,71.98,1.22,1.49,0,1,
2017-05-06,389,Laval,1111009507,64,60,79.36,1.24,1.49,0,1,
2017-05-13,389,Laval,1111009507,85,75,103.7,1.22,1.49,0,1,
2017-05-20,389,Laval,1111009507,26,20,32.5,1.25,1.49,0,0,
2017-05-27,389,Laval,1111009507,35,32,42,1.2,1.49,0,0,
2017-06-03,389,Laval,1111009507,30,26,37.5,1.25,1.49,0,0,
2017-06-10,389,Laval,1111009507,31,25,38.44,1.24,1.49,0,0,
2017-06-17,389,Laval,1111009507,29,23,35.09,1.21,1.49,0,0,
2017-06-24,389,Laval,1111009507,13,13,15.99,1.23,1.49,0,0,
2017-07-01,389,Laval,1111009507,30,25,34.8,1.16,1.16,0,0,
2017-07-08,389,Laval,1111009507,33,26,40.59,1.23,1.23,0,0,
2017-07-15,389,Laval,1111009507,24,22,29.76,1.24,1.24,0,0,
2017-07-22,389,Laval,1111009507,31,26,38.44,1.24,1.24,0,0,
2017-07-29,389,Laval,1111009507,36,24,44.64,1.24,1.24,0,0,
2017-08-05,389,Laval,1111009507,14,13,17.5,1.25,1.25,0,0,
2017-08-12,389,Laval,1111009507,24,23,29.52,1.23,1.23,0,0,
2017-08-19,389,Laval,1111009507,30,25,37.2,1.24,1.24,0,0,
2017-08-26,389,Laval,1111009507,25,23,30.75,1.23,1.23,0,0,
2017-09-02,389,Laval,1111009507,29,25,35.96,1.24,1.24,0,0,
2017-09-09,389,Laval,1111009507,37,34,45.88,1.24,1.24,0,0,
2017-09-16,389,Laval,1111009507,29,25,36.25,1.25,1.25,0,0,
2017-09-23,389,Laval,1111009507,29,26,36.25,1.25,1.25,0,0,
2017-09-30,389,Laval,1111009507,25,25,29.25,1.17,1.17,0,0,
2017-10-07,389,Laval,1111009507,39,32,56.94,1.46,1.46,0,0,
2017-10-14,389,Laval,1111009507,23,21,34.5,1.5,1.5,0,0,
2017-10-21,389,Laval,1111009507,50,45,74,1.48,1.48,0,0,
2017-10-28,389,Laval,1111009507,52,42,75.92,1.46,1.46,0,0,
2017-11-04,389,Laval,1111009507,55,42,80.3,1.46,1.46,0,0,
2017-11-11,389,Laval,1111009507,48,41,70.08,1.46,1.46,0,0,
2017-11-18,389,Laval,1111009507,50,48,73,1.46,1.46,0,0,
2017-11-25,389,Laval,1111009507,48,43,70.56,1.47,1.47,0,0,
2017-12-02,389,Laval,1111009507,54,49,78.3,1.45,1.45,0,0,
2017-12-09,389,Laval,1111009507,64,58,80,1.25,1.45,0,1,
2017-12-16,389,Laval,1111009507,50,41,62.5,1.25,1.45,0,0,
2017-12-23,389,Laval,1111009507,65,51,81.25,1.25,1.45,0,0,
2017-12-30,389,Laval,1111009507,66,52,83.82,1.27,1.45,0,0,
2018-01-06,389,Laval,1111009507,42,41,52.08,1.24,1.45,1,0,
2018-01-13,389,Laval,1111009507,105,91,130.2,1.24,1.45,1,1,
2018-01-20,389,Laval,1111009507,61,52,75.64,1.24,1.45,0,1,
2017-01-14,389,Laval,1111035398,4,3,14,3.5,4.49,0,0,
2017-01-21,389,Laval,1111035398,2,2,6.66,3.33,4.49,0,0,
2017-01-28,389,Laval,1111035398,2,2,7,3.5,4.49,0,0,
2017-02-04,389,Laval,1111035398,7,4,24.5,3.5,4.49,0,0,
2017-02-11,389,Laval,1111035398,1,1,4.49,4.49,4.49,0,0,
2017-02-25,389,Laval,1111035398,1,1,4.49,4.49,4.49,0,0,
2017-03-04,389,Laval,1111035398,2,2,8.98,4.49,4.49,0,0,
2017-03-11,389,Laval,1111035398,2,2,7.98,3.99,4.49,0,0,
2017-03-18,389,Laval,1111035398,3,3,11.97,3.99,4.49,0,0,
2017-03-25,389,Laval,1111035398,2,2,7.98,3.99,4.49,0,1,
2017-04-01,389,Laval,1111035398,1,1,3.59,3.59,4.49,0,1,
2017-04-15,389,Laval,1111035398,1,1,4.49,4.49,4.49,0,1,
2017-04-22,389,Laval,1111035398,1,1,4.49,4.49,4.49,0,1,
2017-05-06,389,Laval,1111035398,1,1,4.04,4.04,4.49,0,0,
2017-05-13,389,Laval,1111035398,1,1,4.49,4.49,4.49,0,0,
2017-05-20,389,Laval,1111035398,1,1,4.49,4.49,4.49,0,0,
2017-05-27,389,Laval,1111035398,1,1,4.49,4.49,4.49,0,0,
2017-06-03,389,Laval,1111035398,10,10,33.2,3.32,4.49,0,0,
2017-06-10,389,Laval,1111035398,3,3,9.18,3.06,4.49,0,1,
2017-06-17,389,Laval,1111035398,3,2,9.18,3.06,4.49,0,0,
2017-06-24,389,Laval,1111035398,3,3,9.18,3.06,4.49,0,0,
2017-07-01,389,Laval,1111035398,4,3,12.24,3.06,4.49,0,1,
2017-07-08,389,Laval,1111035398,2,2,6.12,3.06,4.49,0,1,
2017-07-15,389,Laval,1111035398,4,4,12.24,3.06,4.49,0,1,
2017-07-22,389,Laval,1111035398,2,2,6,3,4.49,0,0,
2017-07-29,389,Laval,1111035398,3,3,9.06,3.02,4.49,0,0,
2017-08-05,389,Laval,1111035398,2,2,6,3,4.49,0,0,
2017-08-12,389,Laval,1111035398,3,3,9.06,3.02,3.02,0,0,
2017-08-19,389,Laval,1111035398,4,4,11.76,2.94,2.94,0,0,
2017-08-26,389,Laval,1111035398,1,1,3.06,3.06,3.06,0,0,
2017-09-02,389,Laval,1111035398,3,3,9.18,3.06,3.06,0,0,
2017-09-09,389,Laval,1111035398,3,3,9.18,3.06,3.06,0,0,
2017-09-16,389,Laval,1111035398,2,2,5.82,2.91,2.91,0,0,
2017-09-23,389,Laval,1111035398,4,4,12.24,3.06,3.06,0,0,
2017-10-07,389,Laval,1111035398,1,1,3.06,3.06,3.06,0,0,
2017-10-14,389,Laval,1111035398,4,4,12.24,3.06,3.06,0,0,
2017-10-21,389,Laval,1111035398,2,2,6.12,3.06,3.06,0,0,
2017-10-28,389,Laval,1111035398,4,4,12.24,3.06,3.06,0,0,
2017-11-04,389,Laval,1111035398,3,3,9.18,3.06,3.06,0,0,
2017-11-11,389,Laval,1111035398,2,2,5.82,2.91,2.91,0,0,
2017-11-18,389,Laval,1111035398,7,7,21.42,3.06,3.06,0,0,
2017-11-25,389,Laval,1111035398,1,1,3.06,3.06,3.06,0,0,
2017-12-02,389,Laval,1111035398,7,7,21.42,3.06,3.06,0,0,
2017-12-16,389,Laval,1111035398,2,2,6.12,3.06,3.06,0,0,
2017-12-23,389,Laval,1111035398,4,3,12.24,3.06,3.06,0,0,
2017-12-30,389,Laval,1111035398,2,2,6.12,3.06,3.06,0,0,
2018-01-06,389,Laval,1111035398,2,2,5.82,2.91,2.91,0,0,
2018-01-13,389,Laval,1111035398,3,3,9.18,3.06,3.06,0,0,
2018-01-20,389,Laval,1111035398,3,3,9.18,3.06,3.06,0,0,
2017-01-14,389,Laval,1111038078,6,6,15.54,2.59,2.59,0,0,
2017-01-21,389,Laval,1111038078,28,23,27.44,0.98,2.59,1,1,
2017-01-28,389,Laval,1111038078,24,10,24,1,2.59,0,0,
2017-02-04,389,Laval,1111038078,13,9,13,1,2.59,0,0,
2017-02-11,389,Laval,1111038078,16,12,16,1,2.59,0,0,
2017-02-18,389,Laval,1111038078,5,5,12.7,2.54,2.54,0,0,
2017-03-04,389,Laval,1111038078,4,4,10.36,2.59,2.59,0,0,
2017-03-11,389,Laval,1111038078,3,3,7.77,2.59,2.59,0,0,
2017-03-18,389,Laval,1111038078,1,1,2.59,2.59,2.59,0,0,
2017-03-25,389,Laval,1111038078,4,4,9.84,2.46,2.46,0,0,
2017-04-01,389,Laval,1111038078,4,4,10.36,2.59,2.59,0,0,
2017-04-08,389,Laval,1111038078,3,3,7.77,2.59,2.59,0,0,
2017-04-15,389,Laval,1111038078,4,3,9.84,2.46,2.46,0,0,
2017-04-22,389,Laval,1111038078,35,16,35,1,2.46,1,0,
2017-04-29,389,Laval,1111038078,12,9,12,1,2.46,0,0,
2017-05-06,389,Laval,1111038078,16,13,15.84,0.99,2.46,0,0,
2017-05-13,389,Laval,1111038078,13,9,13,1,2.46,0,0,
2017-05-20,389,Laval,1111038078,2,2,5.18,2.59,2.59,0,0,
2017-05-27,389,Laval,1111038078,2,2,5.18,2.59,2.59,0,0,
2017-06-03,389,Laval,1111038078,9,8,13.41,1.49,2.59,0,0,
2017-06-10,389,Laval,1111038078,7,5,11.06,1.58,2.59,0,0,
2017-06-17,389,Laval,1111038078,9,9,13.86,1.54,2.59,1,0,
2017-06-24,389,Laval,1111038078,6,6,9.48,1.58,2.59,0,0,
2017-07-01,389,Laval,1111038078,5,4,7.9,1.58,2.59,0,0,
2017-07-08,389,Laval,1111038078,8,8,12.64,1.58,2.59,0,0,
2017-07-15,389,Laval,1111038078,5,4,7.9,1.58,2.59,0,0,
2017-07-22,389,Laval,1111038078,5,5,7.9,1.58,1.58,0,0,
2017-07-29,389,Laval,1111038078,6,6,9.3,1.55,1.55,0,0,
2017-08-05,389,Laval,1111038078,4,4,6.32,1.58,1.58,0,0,
2017-08-12,389,Laval,1111038078,6,6,9.3,1.55,1.55,0,0,
2017-08-19,389,Laval,1111038078,4,4,6.32,1.58,1.58,0,0,
2017-08-26,389,Laval,1111038078,6,6,9.48,1.58,1.58,0,0,
2017-09-02,389,Laval,1111038078,6,5,9.18,1.53,1.53,0,0,
2017-09-09,389,Laval,1111038078,3,3,4.74,1.58,1.58,0,0,
2017-09-16,389,Laval,1111038078,7,7,10.92,1.56,1.56,0,0,
2017-09-23,389,Laval,1111038078,6,5,9.18,1.53,1.53,0,0,
2017-09-30,389,Laval,1111038078,10,10,15.8,1.58,1.58,0,0,
2017-10-07,389,Laval,1111038078,10,10,15.6,1.56,1.56,0,0,
2017-10-14,389,Laval,1111038078,4,4,6.32,1.58,1.58,0,0,
2017-10-21,389,Laval,1111038078,4,4,6.32,1.58,1.58,0,0,
2017-10-28,389,Laval,1111038078,12,11,18.96,1.58,1.58,0,0,
2017-11-04,389,Laval,1111038078,9,8,13.86,1.54,1.54,0,0,
2017-11-11,389,Laval,1111038078,8,8,12.48,1.56,1.56,0,0,
2017-11-18,389,Laval,1111038078,8,7,12.32,1.54,1.54,0,0,
2017-11-25,389,Laval,1111038078,2,2,3.16,1.58,1.58,0,0,
2017-12-02,389,Laval,1111038078,3,3,4.74,1.58,1.58,0,0,
2017-12-09,389,Laval,1111038078,12,10,18.96,1.58,1.58,0,0,
2017-12-16,389,Laval,1111038078,9,8,14.04,1.56,1.56,0,0,
2017-12-23,389,Laval,1111038078,3,3,4.74,1.58,1.58,0,0,
2017-12-30,389,Laval,1111038078,5,5,7.9,1.58,1.58,0,0,
2018-01-06,389,Laval,1111038078,6,6,9.48,1.58,1.58,0,0,
2018-01-13,389,Laval,1111038078,9,9,14.22,1.58,1.58,0,0,
2018-01-20,389,Laval,1111038078,5,5,7.9,1.58,1.58,0,0,
