EN/S05_Descriptive_Analytics/Demo - retail_sales_data.csv
WEEK_END_DATE,STORE_NUM,STORE_CITY,UPC,UNITS,VISITS,SPEND,PRICE,BASE_PRICE,FEATURE,DISPLAY,
2017-01-14,389,Laval,1111038080,2,2,5.18,2.59,2.59,0,0,
2017-01-21,389,Laval,1111038080,39,31,38.22,0.98,2.59,1,1,
2017-01-28,389,Laval,1111038080,17,13,16.66,0.98,2.59,0,1,
2017-02-04,389,Laval,1111038080,19,15,20.52,1.08,2.59,0,1,
2017-02-11,389,Laval,1111038080,12,10,11.76,0.98,2.59,0,0,
2017-02-18,389,Laval,1111038080,1,1,2.59,2.59,2.59,0,0,
2017-03-04,389,Laval,1111038080,2,2,4.92,2.46,2.46,0,0,
2017-03-11,389,Laval,1111038080,1,1,2.59,2.59,2.59,0,0,
2017-03-18,389,Laval,1111038080,1,1,2.59,2.59,2.59,0,0,
2017-03-25,389,Laval,1111038080,1,1,2.59,2.59,2.59,0,0,
2017-04-01,389,Laval,1111038080,2,2,5.18,2.59,2.59,0,0,
2017-04-08,389,Laval,1111038080,5,5,12.95,2.59,2.59,0,0,
2017-04-15,389,Laval,1111038080,3,3,7.77,2.59,2.59,0,0,
2017-04-22,389,Laval,1111038080,21,17,21,1,2.59,1,0,
2017-04-29,389,Laval,1111038080,5,5,5,1,2.59,0,0,
2017-05-06,389,Laval,1111038080,19,15,18.62,0.98,2.59,0,0,
2017-05-13,389,Laval,1111038080,11,11,11,1,2.59,0,0,
2017-05-20,389,Laval,1111038080,5,5,12.7,2.54,2.54,0,0,
2017-05-27,389,Laval,1111038080,2,2,5.18,2.59,2.59,0,0,
2017-06-03,389,Laval,1111038080,5,5,7.9,1.58,2.59,0,0,
2017-06-10,389,Laval,1111038080,10,9,15.8,1.58,2.59,0,0,
2017-06-17,389,Laval,1111038080,7,7,11.06,1.58,2.59,1,0,
2017-06-24,389,Laval,1111038080,10,9,15.5,1.55,2.59,0,0,
2017-07-01,389,Laval,1111038080,4,4,6.32,1.58,2.59,0,0,
2017-07-08,389,Laval,1111038080,8,8,12.48,1.56,2.59,0,0,
2017-07-15,389,Laval,1111038080,6,6,9.48,1.58,2.59,0,0,
2017-07-22,389,Laval,1111038080,5,5,7.9,1.58,1.58,0,0,
2017-07-29,389,Laval,1111038080,2,2,3.16,1.58,1.58,0,0,
2017-08-05,389,Laval,1111038080,10,10,15.5,1.55,1.55,0,0,
2017-08-12,389,Laval,1111038080,9,7,14.04,1.56,1.56,0,0,
2017-08-19,389,Laval,1111038080,9,9,14.22,1.58,1.58,0,0,
2017-08-26,389,Laval,1111038080,7,7,11.06,1.58,1.58,0,0,
2017-09-02,389,Laval,1111038080,9,9,14.22,1.58,1.58,0,0,
2017-09-09,389,Laval,1111038080,14,13,21.98,1.57,1.57,0,0,
2017-09-16,389,Laval,1111038080,6,6,9.48,1.58,1.58,0,0,
2017-09-23,389,Laval,1111038080,2,2,3.16,1.58,1.58,0,0,
2017-09-30,389,Laval,1111038080,8,8,12.48,1.56,1.56,0,0,
2017-10-07,389,Laval,1111038080,12,12,18.96,1.58,1.58,0,0,
2017-10-14,389,Laval,1111038080,9,8,14.04,1.56,1.56,0,0,
2017-10-21,389,Laval,1111038080,15,15,23.55,1.57,1.57,0,0,
2017-10-28,389,Laval,1111038080,6,6,9.48,1.58,1.58,0,0,
2017-11-04,389,Laval,1111038080,8,8,12.64,1.58,1.58,0,0,
2017-11-11,389,Laval,1111038080,10,10,15.8,1.58,1.58,0,0,
2017-11-18,389,Laval,1111038080,2,2,3.16,1.58,1.58,0,0,
2017-11-25,389,Laval,1111038080,8,8,12.64,1.58,1.58,0,0,
2017-12-02,389,Laval,1111038080,5,5,7.9,1.58,1.58,0,0,
2017-12-09,389,Laval,1111038080,8,8,12.64,1.58,1.58,0,0,
2017-12-16,389,Laval,1111038080,9,9,14.22,1.58,1.58,0,0,
2017-12-23,389,Laval,1111038080,6,6,9.48,1.58,1.58,0,0,
2017-12-30,389,Laval,1111038080,9,9,14.04,1.56,1.56,0,0,
2018-01-06,389,Laval,1111038080,6,6,9.3,1.55,1.55,0,0,
2018-01-13,389,Laval,1111038080,14,14,21.84,1.56,1.56,0,0,
2018-01-20,389,Laval,1111038080,12,12,18.84,1.57,1.57,0,0,
2017-01-14,389,Laval,1111085319,46,43,86.02,1.87,1.87,0,0,
2017-01-21,389,Laval,1111085319,55,51,102.85,1.87,1.87,0,0,
2017-01-28,389,Laval,1111085319,51,45,96.39,1.89,1.89,0,0,
2017-02-04,389,Laval,1111085319,49,47,92.12,1.88,1.88,0,0,
2017-02-11,389,Laval,1111085319,31,28,57.66,1.86,1.86,0,0,
2017-02-18,389,Laval,1111085319,36,31,59.4,1.65,1.86,0,0,
2017-02-25,389,Laval,1111085319,49,40,79.38,1.62,1.86,0,0,
2017-03-04,389,Laval,1111085319,14,13,23.38,1.67,1.86,0,0,
2017-03-11,389,Laval,1111085319,67,56,109.88,1.64,1.86,0,0,
2017-03-18,389,Laval,1111085319,78,64,128.7,1.65,1.86,0,0,
2017-03-25,389,Laval,1111085319,54,47,89.64,1.66,1.86,0,0,
2017-04-01,389,Laval,1111085319,53,46,99.11,1.87,1.87,0,0,
2017-04-08,389,Laval,1111085319,50,46,93.5,1.87,1.87,0,0,
2017-04-15,389,Laval,1111085319,52,47,98.28,1.89,1.89,0,0,
2017-04-22,389,Laval,1111085319,51,46,95.88,1.88,1.88,0,0,
2017-04-29,389,Laval,1111085319,33,31,62.04,1.88,1.88,0,0,
2017-05-06,389,Laval,1111085319,57,43,94.62,1.66,1.88,1,0,
2017-05-13,389,Laval,1111085319,74,55,113.96,1.54,1.88,0,0,
2017-05-20,389,Laval,1111085319,75,68,118.5,1.58,1.88,0,0,
2017-05-27,389,Laval,1111085319,62,52,102.3,1.65,1.88,0,0,
2017-06-03,389,Laval,1111085319,90,79,147.6,1.64,1.88,0,0,
2017-06-10,389,Laval,1111085319,87,72,145.29,1.67,1.88,0,0,
2017-06-17,389,Laval,1111085319,69,58,113.85,1.65,1.88,0,0,
2017-06-24,389,Laval,1111085319,43,40,80.41,1.87,1.87,0,0,
2017-07-01,389,Laval,1111085319,48,45,90.72,1.89,1.89,0,0,
2017-07-08,389,Laval,1111085319,51,44,93.33,1.83,1.83,0,0,
2017-07-15,389,Laval,1111085319,33,31,62.04,1.88,1.88,0,0,
2017-07-22,389,Laval,1111085319,22,22,40.48,1.84,1.84,0,0,
2017-07-29,389,Laval,1111085319,45,43,84.15,1.87,1.87,0,0,
2017-08-05,389,Laval,1111085319,56,51,92.4,1.65,1.87,0,0,
2017-08-12,389,Laval,1111085319,60,58,98.4,1.64,1.87,0,0,
2017-08-19,389,Laval,1111085319,57,56,92.91,1.63,1.87,1,0,
2017-08-26,389,Laval,1111085319,72,66,118.8,1.65,1.87,0,0,
2017-09-02,389,Laval,1111085319,62,59,102.92,1.66,1.87,0,0,
2017-09-09,389,Laval,1111085319,72,67,119.52,1.66,1.87,0,0,
2017-09-16,389,Laval,1111085319,61,58,100.65,1.65,1.87,0,0,
2017-09-23,389,Laval,1111085319,59,54,110.33,1.87,1.87,0,0,
2017-09-30,389,Laval,1111085319,32,30,60.48,1.89,1.89,0,0,
2017-10-07,389,Laval,1111085319,38,32,71.82,1.89,1.89,0,0,
2017-10-14,389,Laval,1111085319,59,51,110.33,1.87,1.87,0,0,
2017-10-21,389,Laval,1111085319,38,35,71.44,1.88,1.88,0,0,
2017-10-28,389,Laval,1111085319,38,35,70.68,1.86,1.86,0,0,
2017-11-04,389,Laval,1111085319,39,37,73.32,1.88,1.88,0,0,
2017-11-11,389,Laval,1111085319,36,33,65.16,1.81,1.81,0,0,
2017-11-18,389,Laval,1111085319,61,51,101.26,1.66,1.66,0,0,
2017-11-25,389,Laval,1111085319,55,54,90.75,1.65,1.65,0,0,
2017-12-02,389,Laval,1111085319,45,38,74.25,1.65,1.65,0,0,
2017-12-09,389,Laval,1111085319,46,40,86.94,1.89,1.89,0,0,
2017-12-16,389,Laval,1111085319,41,38,76.67,1.87,1.87,0,0,
2017-12-23,389,Laval,1111085319,39,35,73.32,1.88,1.88,0,0,
2017-12-30,389,Laval,1111085319,32,27,60.48,1.89,1.89,0,0,
2018-01-06,389,Laval,1111085319,47,45,87.89,1.87,1.87,0,0,
2018-01-13,389,Laval,1111085319,61,55,114.68,1.88,1.88,0,0,
2018-01-20,389,Laval,1111085319,48,44,90.24,1.88,1.88,0,0,
2017-01-14,389,Laval,1111085345,59,54,110.92,1.88,1.88,0,0,
2017-01-21,389,Laval,1111085345,51,47,95.37,1.87,1.87,0,0,
2017-01-28,389,Laval,1111085345,59,55,110.33,1.87,1.87,0,0,
2017-02-04,389,Laval,1111085345,58,47,109.04,1.88,1.88,0,0,
2017-02-11,389,Laval,1111085345,43,38,79.98,1.86,1.86,0,0,
2017-02-18,389,Laval,1111085345,53,45,86.92,1.64,1.86,0,0,
2017-02-25,389,Laval,1111085345,65,55,105.3,1.62,1.86,0,0,
2017-03-04,389,Laval,1111085345,58,43,95.12,1.64,1.86,0,0,
2017-03-11,389,Laval,1111085345,78,57,127.92,1.64,1.86,0,0,
2017-03-18,389,Laval,1111085345,63,53,102.69,1.63,1.86,0,0,
2017-03-25,389,Laval,1111085345,69,55,114.54,1.66,1.86,0,0,
2017-04-01,389,Laval,1111085345,46,39,86.02,1.87,1.87,0,0,
2017-04-08,389,Laval,1111085345,48,40,89.28,1.86,1.86,0,0,
2017-04-15,389,Laval,1111085345,41,33,77.08,1.88,1.88,0,0,
2017-04-22,389,Laval,1111085345,51,42,95.88,1.88,1.88,0,0,
2017-04-29,389,Laval,1111085345,45,39,84.6,1.88,1.88,0,0,
2017-05-06,389,Laval,1111085345,72,53,118.8,1.65,1.88,1,0,
2017-05-13,389,Laval,1111085345,57,43,93.48,1.64,1.88,0,0,
2017-05-20,389,Laval,1111085345,63,47,102.69,1.63,1.88,0,0,
2017-05-27,389,Laval,1111085345,74,58,122.1,1.65,1.88,0,0,
2017-06-03,389,Laval,1111085345,93,74,153.45,1.65,1.88,0,0,
2017-06-10,389,Laval,1111085345,77,62,126.28,1.64,1.88,0,0,
2017-06-17,389,Laval,1111085345,74,57,122.84,1.66,1.88,0,0,
2017-06-24,389,Laval,1111085345,51,45,95.88,1.88,1.88,0,0,
2017-07-01,389,Laval,1111085345,73,57,136.51,1.87,1.87,0,0,
2017-07-08,389,Laval,1111085345,60,55,111.6,1.86,1.86,0,0,
2017-07-15,389,Laval,1111085345,62,57,115.32,1.86,1.86,0,0,
2017-07-22,389,Laval,1111085345,60,54,112.2,1.87,1.87,0,0,
2017-07-29,389,Laval,1111085345,55,44,103.95,1.89,1.89,0,0,
2017-08-05,389,Laval,1111085345,71,62,117.86,1.66,1.89,0,0,
2017-08-12,389,Laval,1111085345,77,62,125.51,1.63,1.89,0,0,
2017-08-19,389,Laval,1111085345,88,74,142.56,1.62,1.89,1,0,
2017-08-26,389,Laval,1111085345,84,72,136.08,1.62,1.89,0,0,
2017-09-02,389,Laval,1111085345,71,61,115.73,1.63,1.89,0,0,
2017-09-09,389,Laval,1111085345,80,70,131.2,1.64,1.89,0,0,
2017-09-16,389,Laval,1111085345,84,76,139.44,1.66,1.89,0,0,
2017-09-23,389,Laval,1111085345,51,46,95.37,1.87,1.87,0,0,
2017-09-30,389,Laval,1111085345,64,53,120.32,1.88,1.88,0,0,
2017-10-07,389,Laval,1111085345,52,47,97.24,1.87,1.87,0,0,
2017-10-14,389,Laval,1111085345,67,56,125.96,1.88,1.88,0,0,
2017-10-21,389,Laval,1111085345,59,54,110.33,1.87,1.87,0,0,
2017-10-28,389,Laval,1111085345,60,53,112.8,1.88,1.88,0,0,
2017-11-04,389,Laval,1111085345,55,50,103.4,1.88,1.88,0,0,
2017-11-11,389,Laval,1111085345,47,46,86.48,1.84,1.84,0,0,
2017-11-18,389,Laval,1111085345,95,79,155.8,1.64,1.84,0,0,
2017-11-25,389,Laval,1111085345,76,70,123.88,1.63,1.84,0,0,
2017-12-02,389,Laval,1111085345,64,59,104.96,1.64,1.84,0,0,
2017-12-09,389,Laval,1111085345,70,57,130.9,1.87,1.87,0,0,
2017-12-16,389,Laval,1111085345,41,33,77.08,1.88,1.88,0,0,
2017-12-23,389,Laval,1111085345,54,49,100.44,1.86,1.86,0,0,
2017-12-30,389,Laval,1111085345,13,13,24.31,1.87,1.87,0,0,
2018-01-06,389,Laval,1111085345,48,38,87.84,1.83,1.83,0,0,
2018-01-13,389,Laval,1111085345,51,47,95.37,1.87,1.87,0,0,
2018-01-20,389,Laval,1111085345,14,13,26.18,1.87,1.87,0,0,
2017-01-14,389,Laval,2840002333,15,14,43.35,2.89,2.89,0,0,
2017-01-21,389,Laval,2840002333,18,16,52.02,2.89,2.89,0,0,
2017-01-28,389,Laval,2840002333,20,18,50,2.5,2.89,0,0,
2017-02-04,389,Laval,2840002333,24,23,60,2.5,2.89,0,0,
2017-02-11,389,Laval,2840002333,15,13,37.05,2.47,2.89,0,0,
2017-02-18,389,Laval,2840002333,20,19,50.2,2.51,2.89,0,0,
2017-02-25,389,Laval,2840002333,8,8,19.92,2.49,2.89,0,0,
2017-03-04,389,Laval,2840002333,21,19,52.29,2.49,2.89,0,0,
2017-03-11,389,Laval,2840002333,18,18,44.82,2.49,2.49,0,0,
2017-03-18,389,Laval,2840002333,7,7,20.23,2.89,2.89,0,0,
2017-03-25,389,Laval,2840002333,8,8,23.12,2.89,2.89,0,0,
2017-04-01,389,Laval,2840002333,6,6,17.34,2.89,2.89,0,0,
2017-04-08,389,Laval,2840002333,12,11,34.68,2.89,2.89,0,0,
2017-04-15,389,Laval,2840002333,9,9,26.01,2.89,2.89,0,0,
2017-04-22,389,Laval,2840002333,11,11,31.79,2.89,2.89,0,0,
2017-04-29,389,Laval,2840002333,6,6,17.34,2.89,2.89,0,0,
2017-05-06,389,Laval,2840002333,10,10,28.9,2.89,2.89,0,0,
2017-05-13,389,Laval,2840002333,12,11,34.68,2.89,2.89,0,0,
2017-05-20,389,Laval,2840002333,7,7,20.23,2.89,2.89,0,0,
2017-05-27,389,Laval,2840002333,7,7,20.23,2.89,2.89,0,0,
2017-06-03,389,Laval,2840002333,8,7,23.12,2.89,2.89,0,0,
2017-06-10,389,Laval,2840002333,9,9,26.01,2.89,2.89,0,0,
2017-06-17,389,Laval,2840002333,6,6,17.34,2.89,2.89,0,0,
2017-06-24,389,Laval,2840002333,13,11,37.57,2.89,2.89,0,0,
2017-07-01,389,Laval,2840002333,18,14,52.02,2.89,2.89,0,0,
2017-07-08,389,Laval,2840002333,12,9,34.68,2.89,2.89,0,0,
2017-07-15,389,Laval,2840002333,11,10,31.79,2.89,2.89,0,0,
2017-07-22,389,Laval,2840002333,6,6,17.34,2.89,2.89,0,0,
2017-07-29,389,Laval,2840002333,4,4,11.56,2.89,2.89,0,0,
2017-08-05,389,Laval,2840002333,7,7,20.23,2.89,2.89,0,0,
2017-08-12,389,Laval,2840002333,3,3,8.67,2.89,2.89,0,0,
2017-08-19,389,Laval,2840002333,3,3,8.67,2.89,2.89,0,0,
2017-08-26,389,Laval,2840002333,5,5,14.45,2.89,2.89,0,1,
2017-09-02,389,Laval,2840002333,13,12,37.57,2.89,2.89,0,0,
2017-09-09,389,Laval,2840002333,7,6,20.23,2.89,2.89,0,0,
2017-09-16,389,Laval,2840002333,9,9,26.01,2.89,2.89,0,0,
2017-09-23,389,Laval,2840002333,12,10,34.68,2.89,2.89,0,0,
2017-09-30,389,Laval,2840002333,9,8,26.01,2.89,2.89,0,0,
2017-10-07,389,Laval,2840002333,7,5,20.23,2.89,2.89,0,0,
2017-10-14,389,Laval,2840002333,10,9,28.9,2.89,2.89,0,0,
2017-10-21,389,Laval,2840002333,17,17,49.13,2.89,2.89,0,0,
2017-10-28,389,Laval,2840002333,15,11,43.35,2.89,2.89,0,0,
2017-11-04,389,Laval,2840002333,9,9,26.01,2.89,2.89,0,0,
2017-11-11,389,Laval,2840002333,12,11,34.68,2.89,2.89,0,0,
2017-11-18,389,Laval,2840002333,15,11,43.35,2.89,2.89,0,0,
2017-11-25,389,Laval,2840002333,15,12,43.35,2.89,2.89,0,0,
2017-12-02,389,Laval,2840002333,13,11,37.57,2.89,2.89,0,0,
2017-12-09,389,Laval,2840002333,19,16,54.91,2.89,2.89,0,0,
2017-12-16,389,Laval,2840002333,10,9,28.9,2.89,2.89,0,0,
2017-12-23,389,Laval,2840002333,16,14,46.24,2.89,2.89,0,0,
2017-12-30,389,Laval,2840002333,8,8,23.12,2.89,2.89,0,0,
2018-01-06,389,Laval,2840002333,8,8,23.12,2.89,2.89,0,0,
2018-01-13,389,Laval,2840002333,14,13,40.46,2.89,2.89,0,0,
2018-01-20,389,Laval,2840002333,13,13,37.57,2.89,2.89,0,0,
2017-01-14,389,Laval,2840004768,20,19,57.8,2.89,2.89,0,0,
2017-01-21,389,Laval,2840004768,26,25,75.14,2.89,2.89,0,0,
2017-01-28,389,Laval,2840004768,18,17,45,2.5,2.89,0,0,
2017-02-04,389,Laval,2840004768,43,40,107.5,2.5,2.89,0,0,
2017-02-11,389,Laval,2840004768,24,22,59.52,2.48,2.89,0,0,
2017-02-18,389,Laval,2840004768,35,32,87.85,2.51,2.89,0,1,
2017-02-25,389,Laval,2840004768,25,21,62.25,2.49,2.89,0,0,
2017-03-04,389,Laval,2840004768,33,33,82.17,2.49,2.89,0,0,
2017-03-11,389,Laval,2840004768,35,32,87.15,2.49,2.89,0,1,
2017-03-18,389,Laval,2840004768,10,10,28.9,2.89,2.89,0,0,
2017-03-25,389,Laval,2840004768,21,20,60.69,2.89,2.89,0,0,
2017-04-01,389,Laval,2840004768,23,22,66.47,2.89,2.89,0,0,
2017-04-08,389,Laval,2840004768,16,15,46.24,2.89,2.89,0,0,
2017-04-15,389,Laval,2840004768,16,16,46.24,2.89,2.89,0,0,
2017-04-22,389,Laval,2840004768,13,13,37.57,2.89,2.89,0,0,
2017-04-29,389,Laval,2840004768,8,10,23.12,2.89,2.89,0,0,
2017-05-06,389,Laval,2840004768,15,14,43.35,2.89,2.89,0,0,
2017-05-13,389,Laval,2840004768,16,16,46.24,2.89,2.89,0,0,
2017-05-20,389,Laval,2840004768,14,14,40.46,2.89,2.89,0,0,
2017-05-27,389,Laval,2840004768,17,17,49.13,2.89,2.89,0,0,
2017-06-03,389,Laval,2840004768,18,17,52.02,2.89,2.89,0,0,
2017-06-10,389,Laval,2840004768,7,7,20.23,2.89,2.89,0,0,
2017-06-17,389,Laval,2840004768,19,19,54.91,2.89,2.89,0,0,
2017-06-24,389,Laval,2840004768,12,12,34.68,2.89,2.89,0,0,
2017-07-01,389,Laval,2840004768,15,15,43.35,2.89,2.89,0,0,
2017-07-08,389,Laval,2840004768,16,15,45.92,2.87,2.87,0,0,
2017-07-15,389,Laval,2840004768,18,17,52.02,2.89,2.89,0,0,
2017-07-22,389,Laval,2840004768,18,17,52.02,2.89,2.89,0,0,
2017-07-29,389,Laval,2840004768,15,15,43.35,2.89,2.89,0,0,
2017-08-05,389,Laval,2840004768,13,12,37.57,2.89,2.89,0,0,
2017-08-12,389,Laval,2840004768,12,11,34.68,2.89,2.89,0,0,
2017-08-19,389,Laval,2840004768,7,7,20.23,2.89,2.89,0,0,
2017-08-26,389,Laval,2840004768,12,12,34.68,2.89,2.89,0,0,
2017-09-02,389,Laval,2840004768,13,12,37.57,2.89,2.89,0,0,
2017-09-09,389,Laval,2840004768,13,12,37.57,2.89,2.89,0,0,
2017-09-16,389,Laval,2840004768,9,8,26.01,2.89,2.89,0,0,
2017-09-23,389,Laval,2840004768,8,7,23.12,2.89,2.89,0,0,
2017-09-30,389,Laval,2840004768,4,4,11.56,2.89,2.89,0,0,
2017-10-07,389,Laval,2840004768,17,16,49.13,2.89,2.89,0,0,
2017-10-14,389,Laval,2840004768,16,16,46.24,2.89,2.89,0,0,
2017-10-21,389,Laval,2840004768,18,18,52.02,2.89,2.89,0,0,
2017-10-28,389,Laval,2840004768,16,16,46.24,2.89,2.89,0,0,
2017-11-04,389,Laval,2840004768,24,23,69.36,2.89,2.89,0,0,
2017-11-11,389,Laval,2840004768,14,13,40.46,2.89,2.89,0,0,
2017-11-18,389,Laval,2840004768,12,11,34.68,2.89,2.89,0,0,
2017-11-25,389,Laval,2840004768,14,13,40.46,2.89,2.89,0,0,
2017-12-02,389,Laval,2840004768,20,20,57.8,2.89,2.89,0,0,
2017-12-09,389,Laval,2840004768,22,22,63.58,2.89,2.89,0,0,
2017-12-16,389,Laval,2840004768,21,23,60.69,2.89,2.89,0,0,
2017-12-23,389,Laval,2840004768,32,28,92.48,2.89,2.89,0,0,
2017-12-30,389,Laval,2840004768,30,28,86.7,2.89,2.89,0,0,
2018-01-06,389,Laval,2840004768,18,17,52.02,2.89,2.89,0,0,
2018-01-13,389,Laval,2840004768,16,16,46.24,2.89,2.89,0,0,
2018-01-20,389,Laval,2840004768,15,14,43.35,2.89,2.89,0,0,
