EN/S05_Descriptive_Analytics/Demo - retail_sales_data.csv
WEEK_END_DATE,STORE_NUM,STORE_CITY,UPC,UNITS,VISITS,SPEND,PRICE,BASE_PRICE,FEATURE,DISPLAY,
2017-01-14,389,Laval,2840004770,5,5,14.45,2.89,2.89,0,0,
2017-01-21,389,Laval,2840004770,4,4,11.56,2.89,2.89,0,0,
2017-01-28,389,Laval,2840004770,8,8,20,2.5,2.89,0,0,
2017-02-04,389,Laval,2840004770,12,12,30,2.5,2.89,0,0,
2017-02-11,389,Laval,2840004770,14,14,34.86,2.49,2.89,0,1,
2017-02-18,389,Laval,2840004770,14,14,34.86,2.49,2.89,0,1,
2017-02-25,389,Laval,2840004770,11,11,27.39,2.49,2.89,0,1,
2017-03-04,389,Laval,2840004770,12,12,30.24,2.52,2.89,0,1,
2017-03-11,389,Laval,2840004770,12,11,29.88,2.49,2.89,0,1,
2017-03-18,389,Laval,2840004770,5,5,14.45,2.89,2.89,0,0,
2017-03-25,389,Laval,2840004770,5,5,14.45,2.89,2.89,0,0,
2017-04-01,389,Laval,2840004770,10,10,28.9,2.89,2.89,0,0,
2017-04-08,389,Laval,2840004770,4,4,11.56,2.89,2.89,0,0,
2017-04-15,389,Laval,2840004770,12,11,34.68,2.89,2.89,0,0,
2017-04-22,389,Laval,2840004770,5,5,14.45,2.89,2.89,0,0,
2017-04-29,389,Laval,2840004770,4,4,11.56,2.89,2.89,0,0,
2017-05-06,389,Laval,2840004770,5,5,14.45,2.89,2.89,0,0,
2017-05-13,389,Laval,2840004770,9,9,26.01,2.89,2.89,0,0,
2017-05-20,389,Laval,2840004770,4,4,11.56,2.89,2.89,0,0,
2017-05-27,389,Laval,2840004770,12,12,34.68,2.89,2.89,0,0,
2017-06-03,389,Laval,2840004770,6,6,17.34,2.89,2.89,0,0,
2017-06-10,389,Laval,2840004770,9,9,26.01,2.89,2.89,0,0,
2017-06-17,389,Laval,2840004770,4,4,11.56,2.89,2.89,0,0,
2017-06-24,389,Laval,2840004770,9,8,26.01,2.89,2.89,0,0,
2017-07-01,389,Laval,2840004770,8,8,23.12,2.89,2.89,0,0,
2017-07-08,389,Laval,2840004770,10,10,28.9,2.89,2.89,0,0,
2017-07-15,389,Laval,2840004770,7,6,20.23,2.89,2.89,0,0,
2017-07-22,389,Laval,2840004770,11,8,31.79,2.89,2.89,0,0,
2017-07-29,389,Laval,2840004770,7,6,20.23,2.89,2.89,0,0,
2017-08-05,389,Laval,2840004770,5,5,14.45,2.89,2.89,0,0,
2017-08-12,389,Laval,2840004770,7,7,20.23,2.89,2.89,0,0,
2017-08-19,389,Laval,2840004770,3,3,8.67,2.89,2.89,0,0,
2017-08-26,389,Laval,2840004770,2,2,5.78,2.89,2.89,0,0,
2017-09-02,389,Laval,2840004770,10,9,28.9,2.89,2.89,0,0,
2017-09-09,389,Laval,2840004770,3,3,8.37,2.79,2.79,0,0,
2017-09-16,389,Laval,2840004770,3,3,8.67,2.89,2.89,0,0,
2017-09-23,389,Laval,2840004770,7,7,20.23,2.89,2.89,0,0,
2017-09-30,389,Laval,2840004770,1,1,2.89,2.89,2.89,0,0,
2017-10-07,389,Laval,2840004770,4,4,11.56,2.89,2.89,0,0,
2017-10-14,389,Laval,2840004770,4,4,11.56,2.89,2.89,0,0,
2017-10-21,389,Laval,2840004770,8,8,23.12,2.89,2.89,0,0,
2017-10-28,389,Laval,2840004770,14,14,40.46,2.89,2.89,0,0,
2017-11-04,389,Laval,2840004770,7,7,20.23,2.89,2.89,0,0,
2017-11-11,389,Laval,2840004770,11,11,31.79,2.89,2.89,0,0,
2017-11-18,389,Laval,2840004770,12,12,34.68,2.89,2.89,0,0,
2017-11-25,389,Laval,2840004770,12,11,34.68,2.89,2.89,0,0,
2017-12-02,389,Laval,2840004770,14,14,40.46,2.89,2.89,0,0,
2017-12-09,389,Laval,2840004770,14,14,40.46,2.89,2.89,0,0,
2017-12-16,389,Laval,2840004770,14,13,40.46,2.89,2.89,0,0,
2017-12-23,389,Laval,2840004770,15,15,43.35,2.89,2.89,0,0,
2017-12-30,389,Laval,2840004770,22,20,63.58,2.89,2.89,0,0,
2018-01-06,389,Laval,2840004770,8,8,23.12,2.89,2.89,0,0,
2018-01-13,389,Laval,2840004770,10,9,28.9,2.89,2.89,0,0,
2018-01-20,389,Laval,2840004770,12,12,34.68,2.89,2.89,0,0,
2017-01-14,389,Laval,3000006560,75,59,150,2,2.59,0,0,
2017-01-21,389,Laval,3000006560,36,35,93.24,2.59,2.59,0,0,
2017-01-28,389,Laval,3000006560,44,39,113.96,2.59,2.59,0,0,
2017-02-04,389,Laval,3000006560,48,47,124.32,2.59,2.59,0,0,
2017-02-11,389,Laval,3000006560,38,36,98.42,2.59,2.59,0,0,
2017-02-18,389,Laval,3000006560,30,29,77.7,2.59,2.59,0,0,
2017-02-25,389,Laval,3000006560,4,4,10.36,2.59,2.59,0,0,
2017-03-04,389,Laval,3000006560,7,7,18.13,2.59,2.59,0,0,
2017-03-11,389,Laval,3000006560,34,31,88.06,2.59,2.59,0,0,
2017-03-18,389,Laval,3000006560,28,28,72.52,2.59,2.59,0,0,
2017-03-25,389,Laval,3000006560,31,30,80.29,2.59,2.59,0,0,
2017-04-01,389,Laval,3000006560,50,44,125,2.5,2.5,0,0,
2017-04-08,389,Laval,3000006560,85,65,212.5,2.5,2.5,1,0,
2017-04-15,389,Laval,3000006560,30,29,77.7,2.59,2.59,0,0,
2017-04-22,389,Laval,3000006560,29,29,75.11,2.59,2.59,0,0,
2017-04-29,389,Laval,3000006560,20,18,51.8,2.59,2.59,0,0,
2017-05-06,389,Laval,3000006560,14,14,36.26,2.59,2.59,0,0,
2017-05-13,389,Laval,3000006560,24,24,62.16,2.59,2.59,0,0,
2017-05-20,389,Laval,3000006560,50,47,129.5,2.59,2.59,0,0,
2017-05-27,389,Laval,3000006560,37,32,85.47,2.31,2.59,1,1,
2017-06-03,389,Laval,3000006560,15,15,34.35,2.29,2.59,1,0,
2017-06-10,389,Laval,3000006560,36,34,93.24,2.59,2.59,0,0,
2017-06-17,389,Laval,3000006560,35,34,90.65,2.59,2.59,0,0,
2017-06-24,389,Laval,3000006560,24,23,62.16,2.59,2.59,0,0,
2017-07-01,389,Laval,3000006560,37,35,95.83,2.59,2.59,0,0,
2017-07-08,389,Laval,3000006560,34,33,88.06,2.59,2.59,0,0,
2017-07-15,389,Laval,3000006560,41,37,106.19,2.59,2.59,0,0,
2017-07-22,389,Laval,3000006560,23,21,59.57,2.59,2.59,0,0,
2017-07-29,389,Laval,3000006560,25,24,64.75,2.59,2.59,0,0,
2017-08-05,389,Laval,3000006560,23,23,59.57,2.59,2.59,0,0,
2017-08-12,389,Laval,3000006560,23,23,59.57,2.59,2.59,0,0,
2017-08-19,389,Laval,3000006560,36,34,93.24,2.59,2.59,0,0,
2017-08-26,389,Laval,3000006560,112,99,225.12,2.01,2.59,1,1,
2017-09-02,389,Laval,3000006560,91,81,182,2,2.59,1,0,
2017-09-09,389,Laval,3000006560,70,67,139.3,1.99,2.59,0,0,
2017-09-16,389,Laval,3000006560,22,20,43.78,1.99,2.59,0,0,
2017-09-23,389,Laval,3000006560,22,21,56.98,2.59,2.59,0,0,
2017-09-30,389,Laval,3000006560,25,25,64.75,2.59,2.59,0,0,
2017-10-07,389,Laval,3000006560,29,28,75.11,2.59,2.59,0,0,
2017-10-14,389,Laval,3000006560,26,23,67.34,2.59,2.59,0,0,
2017-10-21,389,Laval,3000006560,22,21,56.98,2.59,2.59,0,0,
2017-10-28,389,Laval,3000006560,19,19,49.21,2.59,2.59,0,0,
2017-11-04,389,Laval,3000006560,23,23,59.57,2.59,2.59,0,0,
2017-11-11,389,Laval,3000006560,8,8,20.72,2.59,2.59,0,0,
2017-11-18,389,Laval,3000006560,28,23,70,2.5,2.59,1,0,
2017-11-25,389,Laval,3000006560,25,24,62.5,2.5,2.5,0,0,
2017-12-02,389,Laval,3000006560,22,21,56.98,2.59,2.59,0,0,
2017-12-09,389,Laval,3000006560,32,30,82.88,2.59,2.59,0,0,
2017-12-16,389,Laval,3000006560,30,30,77.7,2.59,2.59,0,0,
2017-12-23,389,Laval,3000006560,163,142,306.44,1.88,2.59,1,1,
2017-12-30,389,Laval,3000006560,45,40,85.05,1.89,2.59,1,1,
2018-01-06,389,Laval,3000006560,172,151,323.36,1.88,2.59,0,1,
2018-01-13,389,Laval,3000006560,77,74,145.53,1.89,2.59,1,0,
2018-01-20,389,Laval,3000006560,32,30,82.88,2.59,2.59,0,0,
2017-01-14,389,Laval,3700019521,19,15,47.5,2.5,3.49,0,0,
2017-01-21,389,Laval,3700019521,21,18,52.5,2.5,3.49,0,0,
2017-01-28,389,Laval,3700019521,9,7,22.5,2.5,3.49,0,0,
2017-02-04,389,Laval,3700019521,3,2,10.47,3.49,3.49,0,0,
2017-02-11,389,Laval,3700019521,5,5,17.45,3.49,3.49,0,0,
2017-02-25,389,Laval,3700019521,2,2,6.98,3.49,3.49,0,1,
2017-03-04,389,Laval,3700019521,6,4,15.36,2.56,3.49,1,1,
2017-03-11,389,Laval,3700019521,7,6,17.5,2.5,3.49,0,1,
2017-03-18,389,Laval,3700019521,4,4,10,2.5,3.49,0,0,
2017-03-25,389,Laval,3700019521,5,3,12.5,2.5,3.49,0,0,
2017-04-01,389,Laval,3700019521,14,11,35,2.5,3.49,1,0,
2017-04-08,389,Laval,3700019521,11,9,27.5,2.5,3.49,0,1,
2017-04-15,389,Laval,3700019521,7,7,17.5,2.5,3.49,0,0,
2017-04-22,389,Laval,3700019521,8,6,20,2.5,3.49,0,1,
2017-04-29,389,Laval,3700019521,3,3,10.47,3.49,3.49,0,0,
2017-05-06,389,Laval,3700019521,5,5,17.45,3.49,3.49,0,0,
2017-05-13,389,Laval,3700019521,10,6,25,2.5,3.49,0,0,
2017-05-20,389,Laval,3700019521,7,6,17.5,2.5,3.49,0,0,
2017-05-27,389,Laval,3700019521,5,4,12.5,2.5,3.49,0,0,
2017-06-03,389,Laval,3700019521,14,10,35,2.5,3.49,0,0,
2017-06-10,389,Laval,3700019521,1,1,3.49,3.49,3.49,0,0,
2017-06-17,389,Laval,3700019521,3,3,10.47,3.49,3.49,0,0,
2017-06-24,389,Laval,3700019521,2,2,6.98,3.49,3.49,0,0,
2017-07-01,389,Laval,3700019521,16,10,40,2.5,3.49,1,0,
2017-07-08,389,Laval,3700019521,12,11,30,2.5,3.49,0,1,
2017-07-15,389,Laval,3700019521,20,15,50,2.5,3.49,1,1,
2017-07-22,389,Laval,3700019521,2,2,6.98,3.49,3.49,0,0,
2017-07-29,389,Laval,3700019521,3,5,10.47,3.49,3.49,0,0,
2017-08-05,389,Laval,3700019521,4,4,13.96,3.49,3.49,0,0,
2017-08-12,389,Laval,3700019521,2,2,6.98,3.49,3.49,0,0,
2017-08-19,389,Laval,3700019521,6,6,18.18,3.03,3.49,0,0,
2017-08-26,389,Laval,3700019521,10,8,25,2.5,3.49,0,0,
2017-09-02,389,Laval,3700019521,7,6,17.5,2.5,3.49,0,0,
2017-09-09,389,Laval,3700019521,8,7,20,2.5,3.49,0,0,
2017-09-16,389,Laval,3700019521,9,8,22.5,2.5,3.49,0,0,
2017-09-23,389,Laval,3700019521,2,2,6.98,3.49,3.49,0,1,
2017-09-30,389,Laval,3700019521,4,3,13.96,3.49,3.49,0,0,
2017-10-07,389,Laval,3700019521,5,3,12.5,2.5,3.49,0,0,
2017-10-14,389,Laval,3700019521,6,5,15,2.5,3.49,0,0,
2017-10-21,389,Laval,3700019521,6,5,15,2.5,3.49,0,0,
2017-10-28,389,Laval,3700019521,14,11,35,2.5,3.49,0,0,
2017-11-04,389,Laval,3700019521,1,1,3.49,3.49,3.49,0,0,
2017-11-11,389,Laval,3700019521,8,8,24.4,3.05,3.49,0,0,
2017-11-18,389,Laval,3700019521,6,5,20.94,3.49,3.49,0,0,
2017-11-25,389,Laval,3700019521,1,1,3.49,3.49,3.49,0,0,
2017-12-02,389,Laval,3700019521,5,5,17.45,3.49,3.49,0,0,
2017-12-09,389,Laval,3700019521,5,5,16.45,3.29,3.29,0,0,
2017-12-16,389,Laval,3700019521,5,5,17.45,3.49,3.49,0,0,
2017-12-23,389,Laval,3700019521,7,7,24.43,3.49,3.49,0,0,
2017-12-30,389,Laval,3700019521,4,4,13.96,3.49,3.49,0,0,
2018-01-06,389,Laval,3700019521,17,15,42.5,2.5,3.49,0,1,
2018-01-13,389,Laval,3700019521,18,15,46.08,2.56,3.49,1,0,
2018-01-20,389,Laval,3700019521,20,18,47.6,2.38,3.49,0,0,
2017-01-14,389,Laval,3700031613,1,1,4.69,4.69,4.69,0,1,
2017-01-21,389,Laval,3700031613,2,2,9.38,4.69,4.69,0,1,
2017-01-28,389,Laval,3700031613,8,6,37.52,4.69,4.69,0,1,
2017-02-04,389,Laval,3700031613,6,6,28.14,4.69,4.69,0,0,
2017-02-11,389,Laval,3700031613,1,1,4.69,4.69,4.69,0,0,
2017-02-18,389,Laval,3700031613,1,1,4.69,4.69,4.69,0,0,
2017-02-25,389,Laval,3700031613,8,7,37.52,4.69,4.69,0,1,
2017-03-04,389,Laval,3700031613,7,6,24.5,3.5,4.69,0,1,
2017-03-11,389,Laval,3700031613,1,1,3.5,3.5,4.69,0,1,
2017-03-18,389,Laval,3700031613,2,2,7.2,3.6,4.69,0,1,
2017-03-25,389,Laval,3700031613,1,1,3.5,3.5,4.69,0,1,
2017-04-01,389,Laval,3700031613,11,10,46.09,4.19,4.69,0,1,
2017-04-08,389,Laval,3700031613,3,3,12.57,4.19,4.69,0,0,
2017-04-15,389,Laval,3700031613,9,7,37.71,4.19,4.69,0,0,
2017-04-22,389,Laval,3700031613,6,6,25.14,4.19,4.69,0,0,
2017-05-06,389,Laval,3700031613,2,2,8.38,4.19,4.69,0,0,
2017-06-03,389,Laval,3700031613,2,2,6.88,3.44,4.69,0,0,
2017-06-10,389,Laval,3700031613,9,7,31.5,3.5,4.69,0,1,
2017-06-17,389,Laval,3700031613,4,4,14,3.5,4.69,0,1,
2017-06-24,389,Laval,3700031613,3,3,10.5,3.5,4.69,0,1,
2017-07-01,389,Laval,3700031613,2,2,7.7,3.85,4.69,0,1,
2017-07-08,389,Laval,3700031613,2,2,8.38,4.19,4.69,0,1,
2017-07-15,389,Laval,3700031613,3,3,12.57,4.19,4.69,0,1,
2017-07-22,389,Laval,3700031613,3,2,12.57,4.19,4.69,0,0,
2017-08-05,389,Laval,3700031613,1,1,4.19,4.19,4.19,0,0,
2017-08-12,389,Laval,3700031613,10,10,41.9,4.19,4.19,0,0,
2017-08-19,389,Laval,3700031613,4,4,16.76,4.19,4.19,0,0,
2017-08-26,389,Laval,3700031613,9,9,37.71,4.19,4.19,0,0,
2017-09-02,389,Laval,3700031613,3,3,12.57,4.19,4.19,0,0,
2017-09-09,389,Laval,3700031613,8,8,27.76,3.47,4.19,1,0,
2017-09-16,389,Laval,3700031613,5,7,18.05,3.61,4.19,1,0,
2017-09-23,389,Laval,3700031613,3,3,10.41,3.47,4.19,0,0,
2017-09-30,389,Laval,3700031613,4,4,13.88,3.47,4.19,0,0,
2017-10-07,389,Laval,3700031613,3,3,11.37,3.79,3.79,0,0,
2017-10-14,389,Laval,3700031613,6,6,22.74,3.79,3.79,0,0,
2017-10-21,389,Laval,3700031613,2,2,7.58,3.79,3.79,0,0,
2017-10-28,389,Laval,3700031613,2,2,7.58,3.79,3.79,0,0,
2017-11-04,389,Laval,3700031613,4,4,16.76,4.19,4.19,0,0,
2017-11-11,389,Laval,3700031613,4,4,16.76,4.19,4.19,0,0,
2017-11-18,389,Laval,3700031613,4,4,16.76,4.19,4.19,0,0,
2017-11-25,389,Laval,3700031613,3,3,12.57,4.19,4.19,0,0,
2017-12-02,389,Laval,3700031613,5,5,20.95,4.19,4.19,0,0,
2017-12-09,389,Laval,3700031613,3,3,12.57,4.19,4.19,0,0,
2017-12-16,389,Laval,3700031613,1,1,4.19,4.19,4.19,0,0,
2017-12-23,389,Laval,3700031613,8,8,31.92,3.99,3.99,0,0,
2017-12-30,389,Laval,3700031613,7,7,27.93,3.99,3.99,0,0,
2018-01-06,389,Laval,3700031613,4,4,15.96,3.99,3.99,0,0,
2018-01-13,389,Laval,3700031613,5,5,19.95,3.99,3.99,0,0,
2018-01-20,389,Laval,3700031613,5,5,19.95,3.99,3.99,0,0,
2017-01-14,389,Laval,4116709428,4,4,15.96,3.99,4.59,0,0,
2017-01-21,389,Laval,4116709428,2,2,7.98,3.99,4.59,0,0,
2017-02-04,389,Laval,4116709428,2,2,7.98,3.99,4.59,0,0,
2017-02-11,389,Laval,4116709428,5,5,22.95,4.59,4.59,0,0,
2017-02-18,389,Laval,4116709428,2,2,9.18,4.59,4.59,0,0,
2017-02-25,389,Laval,4116709428,1,1,4.59,4.59,4.59,0,0,
2017-03-04,389,Laval,4116709428,3,3,13.77,4.59,4.59,0,0,
2017-03-11,389,Laval,4116709428,4,3,18.36,4.59,4.59,0,0,
2017-03-18,389,Laval,4116709428,3,3,13.77,4.59,4.59,0,0,
2017-03-25,389,Laval,4116709428,3,3,13.77,4.59,4.59,0,0,
2017-04-01,389,Laval,4116709428,3,2,13.77,4.59,4.59,0,0,
2017-04-08,389,Laval,4116709428,1,1,4.59,4.59,4.59,0,0,
2017-04-15,389,Laval,4116709428,1,1,4.59,4.59,4.59,0,0,
2017-04-22,389,Laval,4116709428,5,4,21.45,4.29,4.29,0,0,
2017-04-29,389,Laval,4116709428,1,1,4.29,4.29,4.29,0,0,
2017-05-06,389,Laval,4116709428,4,4,17.16,4.29,4.29,0,0,
2017-05-13,389,Laval,4116709428,1,1,4.29,4.29,4.29,0,0,
2017-06-10,389,Laval,4116709428,1,1,4.59,4.59,4.59,0,0,
2017-06-17,389,Laval,4116709428,2,2,9.18,4.59,4.59,0,0,
2017-06-24,389,Laval,4116709428,1,1,4.59,4.59,4.59,0,0,
2017-07-01,389,Laval,4116709428,2,2,9.18,4.59,4.59,0,0,
2017-07-08,389,Laval,4116709428,3,3,13.77,4.59,4.59,0,0,
2017-07-15,389,Laval,4116709428,2,2,9.18,4.59,4.59,0,0,
2017-07-29,389,Laval,4116709428,1,1,4.59,4.59,4.59,0,0,
2017-08-05,389,Laval,4116709428,1,1,4.59,4.59,4.59,0,0,
2017-08-26,389,Laval,4116709428,1,1,4.59,4.59,4.59,0,0,
2017-09-02,389,Laval,4116709428,2,2,9.18,4.59,4.59,0,0,
2017-09-09,389,Laval,4116709428,2,2,9.18,4.59,4.59,0,0,
2017-09-16,389,Laval,4116709428,2,2,9.18,4.59,4.59,0,0,
2017-09-30,389,Laval,4116709428,2,2,9.18,4.59,4.59,0,0,
2017-10-07,389,Laval,4116709428,1,1,4.59,4.59,4.59,0,0,
2017-10-14,389,Laval,4116709428,1,1,3.59,3.59,4.59,0,0,
2017-10-21,389,Laval,4116709428,2,2,9.18,4.59,4.59,0,0,
2017-10-28,389,Laval,4116709428,1,1,4.59,4.59,4.59,0,0,
2017-11-04,389,Laval,4116709428,1,1,4.59,4.59,4.59,0,0,
2017-11-11,389,Laval,4116709428,3,3,13.77,4.59,4.59,0,0,
2017-11-18,389,Laval,4116709428,3,3,11.07,3.69,4.59,0,0,
2017-11-25,389,Laval,4116709428,2,2,7.38,3.69,4.59,0,0,
2017-12-02,389,Laval,4116709428,2,2,7.38,3.69,4.59,0,0,
2017-12-09,389,Laval,4116709428,2,2,7.38,3.69,4.59,0,0,
2017-12-16,389,Laval,4116709428,2,2,9.18,4.59,4.59,0,0,
2018-01-06,389,Laval,4116709428,1,1,4.59,4.59,4.59,0,0,
2018-01-13,389,Laval,4116709428,4,3,17.16,4.29,4.29,0,0,
2018-01-20,389,Laval,4116709428,2,2,8.58,4.29,4.29,0,0,
2017-01-14,389,Laval,4116709565,3,3,10.47,3.49,4.99,0,0,
2017-01-21,389,Laval,4116709565,3,3,10.47,3.49,4.99,0,0,
2017-01-28,389,Laval,4116709565,3,3,10.47,3.49,4.99,0,0,
2017-02-04,389,Laval,4116709565,5,5,17.45,3.49,4.99,0,0,
2017-02-11,389,Laval,4116709565,1,1,4.99,4.99,4.99,0,0,
2017-02-18,389,Laval,4116709565,4,4,19.96,4.99,4.99,0,0,
2017-02-25,389,Laval,4116709565,5,5,24.95,4.99,4.99,0,0,
2017-03-11,389,Laval,4116709565,4,4,19.96,4.99,4.99,0,0,
2017-03-25,389,Laval,4116709565,1,1,4.99,4.99,4.99,0,0,
2017-04-01,389,Laval,4116709565,1,1,4.99,4.99,4.99,0,0,
2017-04-08,389,Laval,4116709565,1,1,4.99,4.99,4.99,0,0,
2017-04-15,389,Laval,4116709565,1,1,4.99,4.99,4.99,0,0,
2017-04-29,389,Laval,4116709565,1,1,4.99,4.99,4.99,0,0,
2017-05-06,389,Laval,4116709565,2,1,8.98,4.49,4.99,0,0,
2017-05-27,389,Laval,4116709565,1,1,4.49,4.49,4.99,0,0,
2017-07-22,389,Laval,4116709565,1,1,4.99,4.99,4.99,0,0,
2017-08-05,389,Laval,4116709565,3,3,11.97,3.99,4.99,0,0,
2017-08-12,389,Laval,4116709565,1,1,3.99,3.99,4.99,0,0,
2017-09-16,389,Laval,4116709565,1,1,4.99,4.99,4.99,0,0,
2017-09-23,389,Laval,4116709565,1,1,4.99,4.99,4.99,0,0,
2017-09-30,389,Laval,4116709565,1,1,4.99,4.99,4.99,0,0,
2017-10-14,389,Laval,4116709565,1,1,4.99,4.99,4.99,0,0,
2017-11-18,389,Laval,4116709565,1,1,4.49,4.49,4.99,0,0,
2017-11-25,389,Laval,4116709565,2,2,8.98,4.49,4.99,0,0,
2017-12-02,389,Laval,4116709565,2,2,8.98,4.49,4.99,0,0,
2017-12-09,389,Laval,4116709565,1,1,4.99,4.99,4.99,0,0,
2017-12-16,389,Laval,4116709565,1,1,4.99,4.99,4.99,0,0,
2017-12-23,389,Laval,4116709565,1,1,4.99,4.99,4.99,0,0,
2017-12-30,389,Laval,4116709565,5,5,24.95,4.99,4.99,0,0,
2018-01-06,389,Laval,4116709565,2,2,9.98,4.99,4.99,0,0,
2018-01-13,389,Laval,4116709565,2,2,8.98,4.49,4.99,0,0,
2018-01-20,389,Laval,4116709565,1,1,4.49,4.49,4.99,0,0,
