EN/S05_Descriptive_Analytics/Demo - retail_sales_data.csv
WEEK_END_DATE,STORE_NUM,STORE_CITY,UPC,UNITS,VISITS,SPEND,PRICE,BASE_PRICE,FEATURE,DISPLAY,
2017-01-14,389,Laval,7027312504,29,17,49.3,1.7,2.25,0,0,
2017-01-21,389,Laval,7027312504,29,19,55.97,1.93,2.25,0,0,
2017-01-28,389,Laval,7027312504,33,21,52.8,1.6,2.25,0,0,
2017-02-04,389,Laval,7027312504,50,38,89,1.78,2.25,0,0,
2017-02-11,389,Laval,7027312504,41,27,78.31,1.91,2.25,0,0,
2017-02-18,389,Laval,7027312504,49,28,85.75,1.75,1.75,0,0,
2017-02-25,389,Laval,7027312504,42,25,72.24,1.72,1.72,0,0,
2017-03-04,389,Laval,7027312504,40,25,66,1.65,1.65,0,0,
2017-03-11,389,Laval,7027312504,50,32,95.5,1.91,1.91,0,0,
2017-03-18,389,Laval,7027312504,49,30,82.32,1.68,1.91,0,0,
2017-03-25,389,Laval,7027312504,48,29,82.08,1.71,1.91,0,0,
2017-04-01,389,Laval,7027312504,33,20,55.77,1.69,1.91,0,0,
2017-04-08,389,Laval,7027312504,49,32,92.12,1.88,1.88,0,0,
2017-04-15,389,Laval,7027312504,29,19,55.97,1.93,1.93,0,0,
2017-04-22,389,Laval,7027312504,40,24,59.2,1.48,1.93,0,0,
2017-04-29,389,Laval,7027312504,47,28,88.83,1.89,1.89,0,0,
2017-05-06,389,Laval,7027312504,49,28,78.89,1.61,1.89,0,0,
2017-05-13,389,Laval,7027312504,41,25,72.57,1.77,1.77,0,0,
2017-05-20,389,Laval,7027312504,58,36,98.6,1.7,1.7,0,0,
2017-05-27,389,Laval,7027312504,44,31,85.36,1.94,1.94,0,0,
2017-06-03,389,Laval,7027312504,28,15,46.2,1.65,1.94,0,0,
2017-06-10,389,Laval,7027312504,45,27,72.45,1.61,1.94,0,0,
2017-06-17,389,Laval,7027312504,49,31,88.69,1.81,1.81,0,0,
2017-06-24,389,Laval,7027312504,45,28,69.3,1.54,1.81,0,0,
2017-07-01,389,Laval,7027312504,38,25,75.62,1.99,1.99,0,0,
2017-07-08,389,Laval,7027312504,50,33,78.5,1.57,1.99,0,0,
2017-07-15,389,Laval,7027312504,49,30,92.12,1.88,1.88,0,0,
2017-07-22,389,Laval,7027312504,51,34,92.31,1.81,1.81,0,0,
2017-07-29,389,Laval,7027312504,58,33,92.22,1.59,1.81,0,0,
2017-08-05,389,Laval,7027312504,48,29,72.48,1.51,1.81,0,0,
2017-08-12,389,Laval,7027312504,45,28,88.65,1.97,1.97,0,0,
2017-08-19,389,Laval,7027312504,48,29,79.2,1.65,1.97,0,0,
2017-08-26,389,Laval,7027312504,39,27,72.54,1.86,1.86,0,0,
2017-09-02,389,Laval,7027312504,34,24,62.56,1.84,1.84,0,0,
2017-09-09,389,Laval,7027312504,52,33,85.8,1.65,1.84,0,0,
2017-09-16,389,Laval,7027312504,37,23,65.86,1.78,1.78,0,0,
2017-09-23,389,Laval,7027312504,31,19,55.8,1.8,1.8,0,0,
2017-09-30,389,Laval,7027312504,53,31,82.15,1.55,1.8,0,0,
2017-10-07,389,Laval,7027312504,40,30,82.4,2.06,2.06,0,0,
2017-10-14,389,Laval,7027312504,53,31,89.04,1.68,2.06,0,0,
2017-10-21,389,Laval,7027312504,49,27,82.32,1.68,2.06,0,0,
2017-10-28,389,Laval,7027312504,31,18,49.29,1.59,2.06,0,0,
2017-11-04,389,Laval,7027312504,28,18,56,2,2,0,0,
2017-11-11,389,Laval,7027312504,32,22,49.28,1.54,2,0,0,
2017-11-18,389,Laval,7027312504,22,15,42.68,1.94,1.94,0,0,
2017-11-25,389,Laval,7027312504,25,16,46,1.84,1.84,0,0,
2017-12-02,389,Laval,7027312504,14,9,19.74,1.41,1.84,0,0,
2017-12-09,389,Laval,7027312504,33,19,55.77,1.69,1.69,0,0,
2017-12-16,389,Laval,7027312504,33,19,59.07,1.79,1.79,0,0,
2017-12-23,389,Laval,7027312504,45,31,85.5,1.9,1.9,0,0,
2017-12-30,389,Laval,7027312504,36,23,69.12,1.92,1.92,0,0,
2018-01-06,389,Laval,7027312504,47,28,82.25,1.75,1.75,0,0,
2018-01-13,389,Laval,7027312504,21,14,36.12,1.72,1.72,0,0,
2018-01-20,389,Laval,7027312504,35,21,62.65,1.79,1.79,0,0,
2017-01-14,389,Laval,7027316204,58,34,95.7,1.65,1.65,0,0,
2017-01-21,389,Laval,7027316204,71,43,121.41,1.71,1.71,0,0,
2017-01-28,389,Laval,7027316204,62,38,111.6,1.8,1.8,0,0,
2017-02-04,389,Laval,7027316204,90,57,157.5,1.75,1.75,0,0,
2017-02-11,389,Laval,7027316204,60,36,99,1.65,1.65,0,0,
2017-02-18,389,Laval,7027316204,48,30,95.52,1.99,1.99,0,0,
2017-02-25,389,Laval,7027316204,54,41,105.3,1.95,1.95,0,0,
2017-03-04,389,Laval,7027316204,74,44,125.06,1.69,1.95,0,0,
2017-03-11,389,Laval,7027316204,61,40,98.82,1.62,1.95,0,0,
2017-03-18,389,Laval,7027316204,57,38,98.61,1.73,1.95,0,0,
2017-03-25,389,Laval,7027316204,56,37,78.96,1.41,1.95,0,0,
2017-04-01,389,Laval,7027316204,62,41,105.4,1.7,1.95,0,0,
2017-04-08,389,Laval,7027316204,68,43,102,1.5,1.95,0,0,
2017-04-15,389,Laval,7027316204,58,39,115.42,1.99,1.99,0,0,
2017-04-22,389,Laval,7027316204,68,42,118.32,1.74,1.99,0,0,
2017-04-29,389,Laval,7027316204,37,23,69.19,1.87,1.87,0,0,
2017-05-06,389,Laval,7027316204,56,38,95.2,1.7,1.7,0,0,
2017-05-13,389,Laval,7027316204,49,33,92.12,1.88,1.88,0,0,
2017-05-20,389,Laval,7027316204,66,39,111.54,1.69,1.69,0,0,
2017-05-27,389,Laval,7027316204,70,45,108.5,1.55,1.55,0,0,
2017-06-03,389,Laval,7027316204,51,34,95.37,1.87,1.87,0,0,
2017-06-10,389,Laval,7027316204,48,30,85.44,1.78,1.78,0,0,
2017-06-17,389,Laval,7027316204,54,38,98.82,1.83,1.83,0,0,
2017-06-24,389,Laval,7027316204,61,38,108.58,1.78,1.78,0,0,
2017-07-01,389,Laval,7027316204,57,37,95.19,1.67,1.67,0,0,
2017-07-08,389,Laval,7027316204,65,42,108.55,1.67,1.67,0,0,
2017-07-15,389,Laval,7027316204,58,39,105.56,1.82,1.82,0,0,
2017-07-22,389,Laval,7027316204,62,41,107.26,1.73,1.73,0,0,
2017-07-29,389,Laval,7027316204,56,39,92.4,1.65,1.65,0,0,
2017-08-05,389,Laval,7027316204,49,34,75.46,1.54,1.54,0,0,
2017-08-12,389,Laval,7027316204,48,34,72.48,1.51,1.51,0,0,
2017-08-19,389,Laval,7027316204,45,30,75.6,1.68,1.68,0,0,
2017-08-26,389,Laval,7027316204,55,36,91.85,1.67,1.67,0,0,
2017-09-02,389,Laval,7027316204,43,29,75.68,1.76,1.76,0,0,
2017-09-09,389,Laval,7027316204,75,56,135,1.8,1.8,0,0,
2017-09-16,389,Laval,7027316204,50,33,92,1.84,1.84,0,0,
2017-09-23,389,Laval,7027316204,50,33,95.5,1.91,1.91,0,0,
2017-09-30,389,Laval,7027316204,57,39,108.3,1.9,1.9,0,0,
2017-10-07,389,Laval,7027316204,56,37,98.56,1.76,1.76,0,0,
2017-10-14,389,Laval,7027316204,54,33,92.34,1.71,1.71,0,0,
2017-10-21,389,Laval,7027316204,40,28,75.6,1.89,1.89,0,0,
2017-10-28,389,Laval,7027316204,37,23,65.86,1.78,1.78,0,0,
2017-11-04,389,Laval,7027316204,42,29,62.58,1.49,1.78,0,0,
2017-11-11,389,Laval,7027316204,35,23,68.95,1.97,1.97,0,0,
2017-11-18,389,Laval,7027316204,50,32,79,1.58,1.97,0,0,
2017-11-25,389,Laval,7027316204,39,25,65.91,1.69,1.97,0,0,
2017-12-02,389,Laval,7027316204,52,36,98.8,1.9,1.9,0,0,
2017-12-09,389,Laval,7027316204,58,36,98.6,1.7,1.9,0,0,
2017-12-16,389,Laval,7027316204,48,29,79.2,1.65,1.9,0,0,
2017-12-23,389,Laval,7027316204,80,55,128,1.6,1.9,0,0,
2017-12-30,389,Laval,7027316204,78,48,138.06,1.77,1.77,0,0,
2018-01-06,389,Laval,7027316204,58,38,108.46,1.87,1.87,0,0,
2018-01-13,389,Laval,7027316204,49,33,92.12,1.88,1.88,0,0,
2018-01-20,389,Laval,7027316204,57,37,95.19,1.67,1.88,0,0,
2017-01-14,389,Laval,7027316404,57,35,105.45,1.85,1.85,0,0,
2017-01-21,389,Laval,7027316404,52,36,85.8,1.65,1.85,0,0,
2017-01-28,389,Laval,7027316404,68,43,125.12,1.84,1.84,0,0,
2017-02-04,389,Laval,7027316404,47,35,75.67,1.61,1.84,0,0,
2017-02-11,389,Laval,7027316404,56,35,95.2,1.7,1.7,0,0,
2017-02-18,389,Laval,7027316404,52,35,85.8,1.65,1.65,0,0,
2017-02-25,389,Laval,7027316404,41,30,55.76,1.36,1.65,0,0,
2017-03-04,389,Laval,7027316404,67,42,115.24,1.72,1.72,0,0,
2017-03-11,389,Laval,7027316404,58,41,95.7,1.65,1.65,0,0,
2017-03-18,389,Laval,7027316404,65,44,111.8,1.72,1.72,0,0,
2017-03-25,389,Laval,7027316404,63,40,105.21,1.67,1.67,0,0,
2017-04-01,389,Laval,7027316404,39,28,65.91,1.69,1.69,0,0,
2017-04-08,389,Laval,7027316404,39,28,72.54,1.86,1.86,0,0,
2017-04-15,389,Laval,7027316404,45,29,75.6,1.68,1.68,0,0,
2017-04-22,389,Laval,7027316404,41,31,69.29,1.69,1.69,0,0,
2017-04-29,389,Laval,7027316404,44,29,72.6,1.65,1.65,0,0,
2017-05-06,389,Laval,7027316404,43,33,82.13,1.91,1.91,0,0,
2017-05-13,389,Laval,7027316404,47,33,72.38,1.54,1.91,0,0,
2017-05-20,389,Laval,7027316404,52,34,82.16,1.58,1.91,0,0,
2017-05-27,389,Laval,7027316404,66,42,108.24,1.64,1.91,0,0,
2017-06-03,389,Laval,7027316404,48,30,82.08,1.71,1.91,0,0,
2017-06-10,389,Laval,7027316404,44,33,82.28,1.87,1.87,0,0,
2017-06-17,389,Laval,7027316404,59,38,92.04,1.56,1.87,0,0,
2017-06-24,389,Laval,7027316404,67,42,108.54,1.62,1.87,0,0,
2017-07-01,389,Laval,7027316404,45,32,72.45,1.61,1.87,0,0,
2017-07-08,389,Laval,7027316404,48,33,82.08,1.71,1.71,0,0,
2017-07-15,389,Laval,7027316404,54,39,108.54,2.01,2.01,0,0,
2017-07-22,389,Laval,7027316404,48,36,71.04,1.48,2.01,0,0,
2017-07-29,389,Laval,7027316404,72,47,126.72,1.76,2.01,0,0,
2017-08-05,389,Laval,7027316404,38,29,67.26,1.77,2.01,0,0,
2017-08-12,389,Laval,7027316404,39,32,75.66,1.94,1.94,0,0,
2017-08-19,389,Laval,7027316404,41,28,69.29,1.69,1.94,0,0,
2017-08-26,389,Laval,7027316404,52,36,82.16,1.58,1.94,0,0,
2017-09-02,389,Laval,7027316404,50,37,79,1.58,1.94,0,0,
2017-09-09,389,Laval,7027316404,64,46,101.12,1.58,1.94,0,0,
2017-09-16,389,Laval,7027316404,38,25,65.74,1.73,1.94,0,0,
2017-09-23,389,Laval,7027316404,47,32,82.25,1.75,1.75,0,0,
2017-09-30,389,Laval,7027316404,47,32,75.67,1.61,1.61,0,0,
2017-10-07,389,Laval,7027316404,31,24,49.29,1.59,1.59,0,0,
2017-10-14,389,Laval,7027316404,52,34,82.16,1.58,1.58,0,0,
2017-10-21,389,Laval,7027316404,39,29,62.4,1.6,1.6,0,0,
2017-10-28,389,Laval,7027316404,30,20,52.5,1.75,1.75,0,0,
2017-11-04,389,Laval,7027316404,42,27,72.24,1.72,1.72,0,0,
2017-11-11,389,Laval,7027316404,20,15,29.6,1.48,1.72,0,0,
2017-11-18,389,Laval,7027316404,47,31,85.54,1.82,1.82,0,0,
2017-11-25,389,Laval,7027316404,31,19,49.29,1.59,1.82,0,0,
2017-12-02,389,Laval,7027316404,28,21,39.48,1.41,1.82,0,0,
2017-12-09,389,Laval,7027316404,20,16,36.2,1.81,1.81,0,0,
2017-12-16,389,Laval,7027316404,36,24,62.64,1.74,1.74,0,0,
2017-12-23,389,Laval,7027316404,65,45,108.55,1.67,1.67,0,0,
2017-12-30,389,Laval,7027316404,47,32,82.25,1.75,1.75,0,0,
2018-01-06,389,Laval,7027316404,25,18,36.25,1.45,1.75,0,0,
2018-01-13,389,Laval,7027316404,23,18,39.56,1.72,1.72,0,0,
2018-01-20,389,Laval,7027316404,37,25,62.53,1.69,1.69,0,0,
2017-01-14,389,Laval,7110410455,4,4,10,2.5,2.79,0,0,
2017-01-21,389,Laval,7110410455,4,4,10,2.5,2.79,0,0,
2017-01-28,389,Laval,7110410455,2,2,5,2.5,2.79,0,0,
2017-02-04,389,Laval,7110410455,7,5,17.5,2.5,2.79,0,0,
2017-02-11,389,Laval,7110410455,7,7,17.5,2.5,2.79,0,0,
2017-02-18,389,Laval,7110410455,2,2,5,2.5,2.79,0,0,
2017-02-25,389,Laval,7110410455,3,3,7.5,2.5,2.5,0,0,
2017-03-04,389,Laval,7110410455,4,4,10,2.5,2.5,0,0,
2017-03-11,389,Laval,7110410455,3,2,8.37,2.79,2.79,0,0,
2017-03-18,389,Laval,7110410455,5,5,13.95,2.79,2.79,0,0,
2017-03-25,389,Laval,7110410455,6,6,16.74,2.79,2.79,0,0,
2017-04-01,389,Laval,7110410455,7,6,19.53,2.79,2.79,0,0,
2017-04-08,389,Laval,7110410455,4,4,10,2.5,2.79,0,0,
2017-04-15,389,Laval,7110410455,8,7,20,2.5,2.79,0,0,
2017-04-22,389,Laval,7110410455,4,4,10,2.5,2.79,0,0,
2017-04-29,389,Laval,7110410455,4,3,10.28,2.57,2.57,0,0,
2017-05-06,389,Laval,7110410455,11,11,27.5,2.5,2.5,0,0,
2017-05-13,389,Laval,7110410455,1,1,2.5,2.5,2.5,0,0,
2017-05-20,389,Laval,7110410455,1,1,2.5,2.5,2.5,0,0,
2017-05-27,389,Laval,7110410455,8,8,20,2.5,2.5,0,0,
2017-06-03,389,Laval,7110410455,13,10,32.5,2.5,2.5,0,1,
2017-06-10,389,Laval,7110410455,6,5,15,2.5,2.5,0,1,
2017-06-17,389,Laval,7110410455,4,4,10,2.5,2.5,0,1,
2017-07-01,389,Laval,7110410455,6,5,15,2.5,2.5,0,1,
2017-07-08,389,Laval,7110410455,8,7,20,2.5,2.5,0,1,
2017-07-15,389,Laval,7110410455,5,4,12.5,2.5,2.5,0,1,
2017-07-22,389,Laval,7110410455,4,4,10,2.5,2.5,0,1,
2017-07-29,389,Laval,7110410455,6,5,12,2,2.5,0,0,
2017-08-05,389,Laval,7110410455,5,5,10,2,2.5,0,1,
2017-08-12,389,Laval,7110410455,3,3,6,2,2.5,0,0,
2017-08-19,389,Laval,7110410455,5,4,10,2,2.5,0,1,
2017-08-26,389,Laval,7110410455,5,5,13.2,2.64,2.64,0,0,
2017-09-02,389,Laval,7110410455,4,3,10.56,2.64,2.64,0,0,
2017-09-09,389,Laval,7110410455,9,9,23.76,2.64,2.64,0,0,
2017-09-16,389,Laval,7110410455,4,4,10.56,2.64,2.64,0,1,
2017-09-23,389,Laval,7110410455,13,11,26,2,2.64,0,0,
2017-09-30,389,Laval,7110410455,4,3,8,2,2.64,0,1,
2017-10-07,389,Laval,7110410455,7,7,14,2,2.64,0,1,
2017-10-14,389,Laval,7110410455,5,4,10,2,2.64,0,1,
2017-10-21,389,Laval,7110410455,4,4,8.96,2.24,2.64,0,0,
2017-10-28,389,Laval,7110410455,3,3,6.72,2.24,2.64,0,0,
2017-11-04,389,Laval,7110410455,2,2,4.48,2.24,2.64,0,0,
2017-11-11,389,Laval,7110410455,3,3,6.72,2.24,2.64,0,0,
2017-11-18,389,Laval,7110410455,5,5,12,2.4,2.4,0,0,
2017-11-25,389,Laval,7110410455,3,3,7.2,2.4,2.4,0,0,
2017-12-02,389,Laval,7110410455,5,5,12,2.4,2.4,0,0,
2017-12-09,389,Laval,7110410455,3,2,7.2,2.4,2.4,0,0,
2017-12-16,389,Laval,7110410455,8,7,19.84,2.48,2.48,0,0,
2017-12-23,389,Laval,7110410455,7,9,17.36,2.48,2.48,0,0,
2017-12-30,389,Laval,7110410455,7,7,17.36,2.48,2.48,0,0,
2018-01-06,389,Laval,7110410455,2,2,4.96,2.48,2.48,0,0,
2018-01-13,389,Laval,7110410455,5,5,12.4,2.48,2.48,0,0,
2018-01-20,389,Laval,7110410455,3,3,7.44,2.48,2.48,0,0,
2017-01-14,389,Laval,7110410471,2,2,5.3,2.65,2.65,0,0,
2017-01-21,389,Laval,7110410471,1,1,2.5,2.5,2.5,0,0,
2017-01-28,389,Laval,7110410471,4,4,10,2.5,2.5,0,0,
2017-02-04,389,Laval,7110410471,4,4,10,2.5,2.5,0,0,
2017-02-11,389,Laval,7110410471,5,4,12.5,2.5,2.5,0,0,
2017-02-18,389,Laval,7110410471,1,1,2.5,2.5,2.5,0,0,
2017-02-25,389,Laval,7110410471,3,3,7.5,2.5,2.5,0,0,
2017-03-04,389,Laval,7110410471,2,2,5.3,2.65,2.65,0,0,
2017-03-11,389,Laval,7110410471,1,1,2.79,2.79,2.79,0,0,
2017-03-18,389,Laval,7110410471,1,1,2.79,2.79,2.79,0,0,
2017-03-25,389,Laval,7110410471,1,1,2.79,2.79,2.79,0,0,
2017-04-08,389,Laval,7110410471,4,4,10,2.5,2.79,0,0,
2017-04-15,389,Laval,7110410471,3,3,7.5,2.5,2.79,0,0,
2017-04-22,389,Laval,7110410471,3,3,7.5,2.5,2.79,0,0,
2017-04-29,389,Laval,7110410471,3,3,7.5,2.5,2.79,0,0,
2017-05-06,389,Laval,7110410471,2,2,5,2.5,2.79,0,0,
2017-05-13,389,Laval,7110410471,4,4,10,2.5,2.79,0,0,
2017-05-27,389,Laval,7110410471,2,2,5,2.5,2.5,0,0,
2017-06-03,389,Laval,7110410471,3,3,7.5,2.5,2.5,0,1,
2017-06-17,389,Laval,7110410471,4,4,10,2.5,2.5,0,0,
2017-06-24,389,Laval,7110410471,2,2,5,2.5,2.5,0,0,
2017-07-08,389,Laval,7110410471,4,4,10,2.5,2.5,0,1,
2017-07-15,389,Laval,7110410471,1,1,2.5,2.5,2.5,0,1,
2017-07-22,389,Laval,7110410471,1,1,2.5,2.5,2.5,0,0,
2017-07-29,389,Laval,7110410471,2,2,4,2,2.5,0,0,
2017-08-05,389,Laval,7110410471,2,2,4,2,2.5,0,0,
2017-08-12,389,Laval,7110410471,3,3,6,2,2.5,0,0,
2017-08-26,389,Laval,7110410471,2,2,5.28,2.64,2.5,0,1,
2017-09-02,389,Laval,7110410471,1,1,2.64,2.64,2.64,0,0,
2017-09-16,389,Laval,7110410471,5,5,13.2,2.64,2.64,0,1,
2017-09-23,389,Laval,7110410471,2,2,4,2,2.64,0,0,
2017-09-30,389,Laval,7110410471,2,2,4,2,2.64,0,0,
2017-10-07,389,Laval,7110410471,7,6,14,2,2.64,0,0,
2017-10-14,389,Laval,7110410471,5,5,10,2,2.64,0,1,
2017-10-21,389,Laval,7110410471,3,3,6.72,2.24,2.64,0,0,
2017-10-28,389,Laval,7110410471,1,1,2.24,2.24,2.64,0,0,
2017-11-04,389,Laval,7110410471,4,4,9.52,2.38,2.38,0,0,
2017-11-11,389,Laval,7110410471,4,4,8.96,2.24,2.24,0,0,
2017-11-18,389,Laval,7110410471,3,3,7.2,2.4,2.4,0,0,
2017-11-25,389,Laval,7110410471,3,3,7.2,2.4,2.4,0,0,
2017-12-09,389,Laval,7110410471,5,5,12,2.4,2.4,0,0,
2017-12-16,389,Laval,7110410471,7,6,17.99,2.57,2.57,0,0,
2017-12-23,389,Laval,7110410471,14,12,34.72,2.48,2.48,0,0,
2017-12-30,389,Laval,7110410471,5,4,12.4,2.48,2.48,0,0,
2018-01-06,389,Laval,7110410471,1,1,2.48,2.48,2.48,0,0,
2018-01-13,389,Laval,7110410471,3,3,7.44,2.48,2.48,0,0,
2018-01-20,389,Laval,7110410471,8,8,19.84,2.48,2.48,0,0,
2017-01-14,389,Laval,7218063052,6,6,38.76,6.46,6.46,0,1,
2017-01-21,389,Laval,7218063052,9,9,58.14,6.46,6.46,0,0,
2017-01-28,389,Laval,7218063052,4,4,25.84,6.46,6.46,0,0,
2017-02-04,389,Laval,7218063052,9,9,58.14,6.46,6.46,0,0,
2017-02-11,389,Laval,7218063052,29,26,144.71,4.99,6.46,1,1,
2017-02-18,389,Laval,7218063052,21,19,104.79,4.99,6.46,0,1,
2017-02-25,389,Laval,7218063052,5,4,34.45,6.89,6.89,0,0,
2017-03-04,389,Laval,7218063052,3,3,20.67,6.89,6.89,0,0,
2017-03-11,389,Laval,7218063052,57,45,257.64,4.52,6.89,1,1,
2017-03-18,389,Laval,7218063052,46,41,206.54,4.49,6.89,1,0,
2017-03-25,389,Laval,7218063052,38,30,170.62,4.49,6.89,0,1,
2017-04-01,389,Laval,7218063052,4,4,23.64,5.91,6.89,0,0,
2017-04-08,389,Laval,7218063052,4,3,25.52,6.38,6.38,0,0,
2017-04-15,389,Laval,7218063052,3,3,19.14,6.38,6.38,0,0,
2017-05-06,389,Laval,7218063052,10,8,63.8,6.38,6.38,0,0,
2017-05-20,389,Laval,7218063052,8,8,51.04,6.38,6.38,0,0,
2017-05-27,389,Laval,7218063052,5,4,31.9,6.38,6.38,0,0,
2017-06-03,389,Laval,7218063052,2,2,12.76,6.38,6.38,0,0,
2017-06-10,389,Laval,7218063052,8,7,51.04,6.38,6.38,0,0,
2017-06-17,389,Laval,7218063052,13,11,82.94,6.38,6.38,0,0,
2017-06-24,389,Laval,7218063052,5,5,32.4,6.48,6.48,0,0,
2017-07-01,389,Laval,7218063052,10,9,54.9,5.49,6.48,0,0,
2017-07-08,389,Laval,7218063052,6,5,32.94,5.49,6.48,0,0,
2017-07-15,389,Laval,7218063052,10,9,54.9,5.49,6.48,0,0,
2017-07-22,389,Laval,7218063052,13,13,71.37,5.49,6.48,0,0,
2017-07-29,389,Laval,7218063052,6,5,38.28,6.38,6.38,0,0,
2017-08-05,389,Laval,7218063052,7,7,44.66,6.38,6.38,0,0,
2017-08-12,389,Laval,7218063052,3,3,19.14,6.38,6.38,0,0,
2017-08-19,389,Laval,7218063052,6,6,38.28,6.38,6.38,0,0,
2017-08-26,389,Laval,7218063052,12,10,61.8,5.15,6.38,1,1,
2017-09-02,389,Laval,7218063052,19,18,94.81,4.99,6.38,0,1,
2017-09-09,389,Laval,7218063052,6,6,41.34,6.89,6.38,0,1,
2017-09-16,389,Laval,7218063052,16,12,110.24,6.89,6.38,0,1,
2017-09-23,389,Laval,7218063052,3,3,20.67,6.89,6.89,0,0,
2017-09-30,389,Laval,7218063052,6,6,41.34,6.89,6.89,0,0,
2017-10-07,389,Laval,7218063052,11,11,70.18,6.38,6.38,0,0,
2017-10-14,389,Laval,7218063052,33,28,164.67,4.99,6.38,1,0,
2017-10-21,389,Laval,7218063052,19,16,94.81,4.99,6.38,1,1,
2017-10-28,389,Laval,7218063052,5,4,32.4,6.48,6.48,0,0,
2017-11-04,389,Laval,7218063052,6,6,38.28,6.38,6.38,0,0,
2017-11-11,389,Laval,7218063052,5,5,31.9,6.38,6.38,0,0,
2017-11-18,389,Laval,7218063052,10,10,63.8,6.38,6.38,0,0,
2017-11-25,389,Laval,7218063052,14,13,89.32,6.38,6.38,0,0,
2017-12-02,389,Laval,7218063052,5,5,32.4,6.48,6.48,0,0,
2017-12-09,389,Laval,7218063052,8,8,51.04,6.38,6.38,0,0,
2017-12-16,389,Laval,7218063052,8,8,51.04,6.38,6.38,0,0,
2017-12-23,389,Laval,7218063052,4,4,25.52,6.38,6.38,0,0,
2017-12-30,389,Laval,7218063052,4,4,25.52,6.38,6.38,0,0,
2018-01-06,389,Laval,7218063052,48,39,191.52,3.99,6.38,1,1,
2018-01-13,389,Laval,7218063052,59,47,235.41,3.99,6.38,1,1,
2018-01-20,389,Laval,7218063052,3,3,19.14,6.38,6.38,0,0,
