EN/S05_Descriptive_Analytics/Demo - retail_sales_data.csv
WEEK_END_DATE,STORE_NUM,STORE_CITY,UPC,UNITS,VISITS,SPEND,PRICE,BASE_PRICE,FEATURE,DISPLAY,
2017-01-14,389,Laval,7218063983,6,3,38.76,6.46,6.46,0,0,
2017-01-21,389,Laval,7218063983,3,3,19.38,6.46,6.46,0,0,
2017-01-28,389,Laval,7218063983,1,1,6.46,6.46,6.46,0,0,
2017-02-04,389,Laval,7218063983,3,3,19.38,6.46,6.46,0,0,
2017-02-11,389,Laval,7218063983,24,21,119.76,4.99,6.46,1,1,
2017-02-18,389,Laval,7218063983,13,11,64.87,4.99,6.46,0,0,
2017-02-25,389,Laval,7218063983,6,6,41.34,6.89,6.89,0,0,
2017-03-04,389,Laval,7218063983,2,1,13.78,6.89,6.89,0,0,
2017-03-11,389,Laval,7218063983,34,29,152.66,4.49,6.89,1,0,
2017-03-18,389,Laval,7218063983,44,38,197.56,4.49,6.89,1,1,
2017-03-25,389,Laval,7218063983,15,13,67.35,4.49,6.89,0,0,
2017-04-01,389,Laval,7218063983,2,2,12.76,6.38,6.38,0,0,
2017-04-08,389,Laval,7218063983,4,3,25.52,6.38,6.38,0,0,
2017-04-15,389,Laval,7218063983,5,4,31.9,6.38,6.38,0,0,
2017-04-22,389,Laval,7218063983,3,3,19.14,6.38,6.38,0,0,
2017-04-29,389,Laval,7218063983,5,4,31.9,6.38,6.38,0,0,
2017-05-06,389,Laval,7218063983,6,4,38.28,6.38,6.38,0,0,
2017-05-13,389,Laval,7218063983,5,4,31.9,6.38,6.38,0,0,
2017-05-20,389,Laval,7218063983,7,7,44.66,6.38,6.38,0,0,
2017-05-27,389,Laval,7218063983,4,4,25.52,6.38,6.38,0,0,
2017-06-03,389,Laval,7218063983,1,1,6.38,6.38,6.38,0,0,
2017-06-17,389,Laval,7218063983,3,3,19.14,6.38,6.38,0,0,
2017-06-24,389,Laval,7218063983,2,2,12.76,6.38,6.38,0,0,
2017-07-01,389,Laval,7218063983,4,4,21.96,5.49,6.38,0,0,
2017-07-08,389,Laval,7218063983,16,14,87.84,5.49,6.38,0,0,
2017-07-22,389,Laval,7218063983,7,6,38.43,5.49,6.38,0,0,
2017-07-29,389,Laval,7218063983,5,4,31.9,6.38,6.38,0,0,
2017-08-05,389,Laval,7218063983,3,3,19.14,6.38,6.38,0,0,
2017-08-12,389,Laval,7218063983,9,7,57.42,6.38,6.38,0,0,
2017-08-19,389,Laval,7218063983,2,2,12.76,6.38,6.38,0,0,
2017-08-26,389,Laval,7218063983,9,8,44.91,4.99,6.38,1,1,
2017-09-02,389,Laval,7218063983,18,17,89.82,4.99,6.38,0,1,
2017-09-09,389,Laval,7218063983,4,4,27.56,6.89,6.38,0,1,
2017-09-16,389,Laval,7218063983,6,6,41.34,6.89,6.38,0,1,
2017-09-23,389,Laval,7218063983,4,3,27.56,6.89,6.89,0,0,
2017-09-30,389,Laval,7218063983,5,4,34.45,6.89,6.89,0,1,
2017-10-07,389,Laval,7218063983,4,4,25.52,6.38,6.89,0,1,
2017-10-14,389,Laval,7218063983,26,23,129.74,4.99,6.89,1,1,
2017-10-21,389,Laval,7218063983,24,22,119.76,4.99,6.89,1,1,
2017-10-28,389,Laval,7218063983,7,7,45.15,6.45,6.89,0,1,
2017-11-04,389,Laval,7218063983,5,5,31.9,6.38,6.38,0,0,
2017-11-11,389,Laval,7218063983,4,4,25.52,6.38,6.38,0,0,
2017-11-18,389,Laval,7218063983,8,7,51.04,6.38,6.38,0,0,
2017-11-25,389,Laval,7218063983,8,8,51.04,6.38,6.38,0,0,
2017-12-02,389,Laval,7218063983,2,2,12.76,6.38,6.38,0,0,
2017-12-09,389,Laval,7218063983,5,5,31.9,6.38,6.38,0,0,
2017-12-16,389,Laval,7218063983,5,5,31.9,6.38,6.38,0,0,
2017-12-23,389,Laval,7218063983,8,8,51.04,6.38,6.38,0,0,
2017-12-30,389,Laval,7218063983,5,2,31.9,6.38,6.38,0,0,
2018-01-06,389,Laval,7218063983,42,37,167.58,3.99,6.38,1,1,
2018-01-13,389,Laval,7218063983,19,17,75.81,3.99,6.38,1,0,
2018-01-20,389,Laval,7218063983,10,9,63.8,6.38,6.38,0,0,
2017-01-14,389,Laval,7797502248,16,15,39.84,2.49,2.49,0,0,
2017-01-21,389,Laval,7797502248,12,8,29.88,2.49,2.49,0,0,
2017-01-28,389,Laval,7797502248,16,11,39.84,2.49,2.49,0,0,
2017-02-04,389,Laval,7797502248,17,15,42.33,2.49,2.49,0,0,
2017-02-11,389,Laval,7797502248,8,7,19.92,2.49,2.49,0,0,
2017-02-18,389,Laval,7797502248,17,16,42.33,2.49,2.49,0,0,
2017-02-25,389,Laval,7797502248,6,6,14.94,2.49,2.49,0,0,
2017-03-04,389,Laval,7797502248,12,11,29.88,2.49,2.49,0,0,
2017-03-11,389,Laval,7797502248,16,14,39.84,2.49,2.49,0,0,
2017-03-18,389,Laval,7797502248,14,15,34.86,2.49,2.49,0,0,
2017-03-25,389,Laval,7797502248,15,13,37.35,2.49,2.49,0,0,
2017-04-01,389,Laval,7797502248,15,13,37.35,2.49,2.49,0,0,
2017-04-08,389,Laval,7797502248,16,13,39.84,2.49,2.49,0,0,
2017-04-15,389,Laval,7797502248,122,83,131.76,1.08,2.49,0,0,
2017-04-22,389,Laval,7797502248,19,18,41.99,2.21,2.49,0,0,
2017-04-29,389,Laval,7797502248,29,21,58,2,2.49,0,0,
2017-05-06,389,Laval,7797502248,10,8,23.9,2.39,2.39,0,0,
2017-05-13,389,Laval,7797502248,20,18,49.8,2.49,2.49,0,0,
2017-05-20,389,Laval,7797502248,16,14,39.84,2.49,2.49,0,0,
2017-05-27,389,Laval,7797502248,18,16,44.82,2.49,2.49,0,0,
2017-06-03,389,Laval,7797502248,17,11,42.33,2.49,2.49,0,0,
2017-06-10,389,Laval,7797502248,6,5,14.94,2.49,2.49,0,0,
2017-06-17,389,Laval,7797502248,10,8,24.9,2.49,2.49,0,0,
2017-06-24,389,Laval,7797502248,14,14,34.86,2.49,2.49,0,0,
2017-07-01,389,Laval,7797502248,25,24,44.75,1.79,2.49,0,1,
2017-07-08,389,Laval,7797502248,31,25,57.66,1.86,2.49,0,1,
2017-07-15,389,Laval,7797502248,21,21,37.59,1.79,2.49,0,1,
2017-07-22,389,Laval,7797502248,18,14,44.82,2.49,2.49,0,0,
2017-07-29,389,Laval,7797502248,12,11,29.88,2.49,2.49,0,0,
2017-08-05,389,Laval,7797502248,12,11,29.88,2.49,2.49,0,0,
2017-08-12,389,Laval,7797502248,8,7,19.92,2.49,2.49,0,0,
2017-08-19,389,Laval,7797502248,14,14,34.86,2.49,2.49,0,0,
2017-08-26,389,Laval,7797502248,15,12,37.35,2.49,2.49,0,0,
2017-09-02,389,Laval,7797502248,8,8,19.92,2.49,2.49,0,0,
2017-09-09,389,Laval,7797502248,12,12,29.88,2.49,2.49,0,0,
2017-09-16,389,Laval,7797502248,7,6,17.43,2.49,2.49,0,0,
2017-09-23,389,Laval,7797502248,18,15,44.82,2.49,2.49,0,0,
2017-09-30,389,Laval,7797502248,4,4,9.96,2.49,2.49,0,0,
2017-10-07,389,Laval,7797502248,26,23,46.54,1.79,2.49,0,1,
2017-10-14,389,Laval,7797502248,25,21,44.75,1.79,2.49,0,1,
2017-10-21,389,Laval,7797502248,31,29,55.49,1.79,2.49,0,1,
2017-10-28,389,Laval,7797502248,22,19,40.04,1.82,2.49,0,1,
2017-11-04,389,Laval,7797502248,17,16,42.33,2.49,2.49,0,0,
2017-11-11,389,Laval,7797502248,16,15,39.84,2.49,2.49,0,0,
2017-11-18,389,Laval,7797502248,17,16,42.33,2.49,2.49,0,0,
2017-11-25,389,Laval,7797502248,20,18,39.8,1.99,2.49,0,0,
2017-12-02,389,Laval,7797502248,23,18,45.77,1.99,2.49,0,0,
2017-12-09,389,Laval,7797502248,14,13,27.86,1.99,2.49,0,0,
2017-12-16,389,Laval,7797502248,16,13,39.84,2.49,2.49,0,0,
2017-12-23,389,Laval,7797502248,20,16,49.8,2.49,2.49,0,0,
2017-12-30,389,Laval,7797502248,11,10,27.39,2.49,2.49,0,0,
2018-01-06,389,Laval,7797502248,9,9,22.41,2.49,2.49,0,0,
2018-01-13,389,Laval,7797502248,18,17,40.5,2.25,2.25,0,0,
2018-01-20,389,Laval,7797502248,16,16,36,2.25,2.25,0,0,
2017-01-14,389,Laval,31254742725,2,2,7.98,3.99,3.99,0,0,
2017-01-28,389,Laval,31254742725,9,8,35.91,3.99,3.99,0,0,
2017-02-04,389,Laval,31254742725,4,4,15.96,3.99,3.99,0,0,
2017-02-11,389,Laval,31254742725,6,6,23.94,3.99,3.99,0,0,
2017-02-18,389,Laval,31254742725,5,5,19.95,3.99,3.99,0,0,
2017-02-25,389,Laval,31254742725,6,6,23.94,3.99,3.99,0,0,
2017-03-04,389,Laval,31254742725,1,1,3.99,3.99,3.99,0,0,
2017-03-11,389,Laval,31254742725,4,4,15.96,3.99,3.99,0,0,
2017-03-18,389,Laval,31254742725,6,6,23.94,3.99,3.99,0,0,
2017-03-25,389,Laval,31254742725,6,6,23.94,3.99,3.99,0,0,
2017-04-01,389,Laval,31254742725,8,8,31.92,3.99,3.99,0,0,
2017-04-08,389,Laval,31254742725,4,4,15.96,3.99,3.99,0,0,
2017-04-15,389,Laval,31254742725,2,2,7.98,3.99,3.99,0,0,
2017-04-22,389,Laval,31254742725,8,8,31.92,3.99,3.99,0,0,
2017-04-29,389,Laval,31254742725,4,4,15.96,3.99,3.99,0,0,
2017-05-13,389,Laval,31254742725,4,4,15.96,3.99,3.99,0,0,
2017-05-20,389,Laval,31254742725,5,5,19.95,3.99,3.99,0,0,
2017-05-27,389,Laval,31254742725,2,2,7.98,3.99,3.99,0,0,
2017-06-03,389,Laval,31254742725,5,5,19.95,3.99,3.99,0,0,
2017-06-10,389,Laval,31254742725,3,3,11.97,3.99,3.99,0,0,
2017-06-17,389,Laval,31254742725,3,3,11.97,3.99,3.99,0,0,
2017-06-24,389,Laval,31254742725,7,7,27.93,3.99,3.99,0,0,
2017-07-01,389,Laval,31254742725,7,6,27.93,3.99,3.99,0,0,
2017-07-08,389,Laval,31254742725,9,9,35.91,3.99,3.99,0,0,
2017-07-22,389,Laval,31254742725,13,13,39,3,3.99,1,1,
2017-07-29,389,Laval,31254742725,16,15,48,3,3.99,1,1,
2017-08-05,389,Laval,31254742725,7,7,21,3,3.99,0,0,
2017-08-12,389,Laval,31254742725,6,6,18,3,3.99,0,0,
2017-08-19,389,Laval,31254742725,4,4,15.96,3.99,3.99,0,0,
2017-09-02,389,Laval,31254742725,3,3,11.97,3.99,3.99,0,0,
2017-09-09,389,Laval,31254742725,1,1,3.99,3.99,3.99,0,0,
2017-09-16,389,Laval,31254742725,3,3,11.97,3.99,3.99,0,0,
2017-09-23,389,Laval,31254742725,3,3,11.97,3.99,3.99,0,0,
2017-09-30,389,Laval,31254742725,4,3,15.96,3.99,3.99,0,0,
2017-10-07,389,Laval,31254742725,6,6,23.94,3.99,3.99,0,0,
2017-10-14,389,Laval,31254742725,2,2,7.98,3.99,3.99,0,0,
2017-10-28,389,Laval,31254742725,2,2,7.98,3.99,3.99,0,0,
2017-11-04,389,Laval,31254742725,4,4,15.96,3.99,3.99,0,0,
2017-11-11,389,Laval,31254742725,2,2,7.98,3.99,3.99,0,0,
2017-11-18,389,Laval,31254742725,4,4,12.96,3.24,3.99,0,0,
2017-11-25,389,Laval,31254742725,6,6,17.94,2.99,3.99,0,0,
2017-12-02,389,Laval,31254742725,2,2,5.98,2.99,3.99,0,0,
2017-12-09,389,Laval,31254742725,3,3,9.96,3.32,3.99,0,1,
2017-12-16,389,Laval,31254742725,3,3,10.98,3.66,3.99,0,1,
2017-12-23,389,Laval,31254742725,3,3,11.97,3.99,3.99,0,1,
2017-12-30,389,Laval,31254742725,5,5,19.95,3.99,3.99,0,1,
2018-01-06,389,Laval,31254742725,2,2,7.98,3.99,3.99,0,0,
2018-01-13,389,Laval,31254742725,2,2,7.98,3.99,3.99,0,0,
2018-01-20,389,Laval,31254742725,2,2,7.98,3.99,3.99,0,0,
2017-01-14,389,Laval,31254742735,8,8,39.92,4.99,4.99,0,0,
2017-01-21,389,Laval,31254742735,3,3,14.97,4.99,4.99,0,0,
2017-01-28,389,Laval,31254742735,4,4,19.96,4.99,4.99,0,0,
2017-02-04,389,Laval,31254742735,8,7,39.92,4.99,4.99,0,0,
2017-02-11,389,Laval,31254742735,7,7,34.93,4.99,4.99,0,0,
2017-02-18,389,Laval,31254742735,13,12,58.5,4.5,4.99,0,1,
2017-02-25,389,Laval,31254742735,11,9,49.5,4.5,4.5,0,0,
2017-03-04,389,Laval,31254742735,4,3,18,4.5,4.5,0,0,
2017-03-11,389,Laval,31254742735,3,3,13.5,4.5,4.5,0,0,
2017-03-18,389,Laval,31254742735,1,1,4.99,4.99,4.99,0,0,
2017-03-25,389,Laval,31254742735,1,1,4.99,4.99,4.99,0,0,
2017-04-08,389,Laval,31254742735,6,6,29.94,4.99,4.99,0,0,
2017-04-22,389,Laval,31254742735,3,3,14.97,4.99,4.99,0,0,
2017-04-29,389,Laval,31254742735,9,7,44.91,4.99,4.99,0,0,
2017-05-06,389,Laval,31254742735,3,3,11.97,3.99,4.99,0,0,
2017-05-13,389,Laval,31254742735,3,3,11.97,3.99,4.99,0,0,
2017-05-20,389,Laval,31254742735,3,3,11.97,3.99,4.99,0,0,
2017-05-27,389,Laval,31254742735,6,6,23.94,3.99,4.99,0,0,
2017-06-03,389,Laval,31254742735,2,2,9.98,4.99,4.99,0,0,
2017-06-10,389,Laval,31254742735,3,3,14.97,4.99,4.99,0,0,
2017-06-17,389,Laval,31254742735,1,1,4.99,4.99,4.99,0,0,
2017-07-01,389,Laval,31254742735,2,2,9.98,4.99,4.99,0,0,
2017-07-08,389,Laval,31254742735,5,5,24.95,4.99,4.99,0,0,
2017-07-15,389,Laval,31254742735,1,1,4.99,4.99,4.99,0,0,
2017-07-22,389,Laval,31254742735,1,1,4.99,4.99,4.99,0,0,
2017-08-19,389,Laval,31254742735,3,3,11.97,3.99,4.99,1,0,
2017-08-26,389,Laval,31254742735,8,7,31.92,3.99,4.99,0,0,
2017-09-02,389,Laval,31254742735,4,4,15.96,3.99,4.99,0,0,
2017-09-09,389,Laval,31254742735,5,4,19.95,3.99,4.99,0,0,
2017-09-16,389,Laval,31254742735,4,4,19.96,4.99,4.99,0,0,
2017-09-23,389,Laval,31254742735,2,2,9.98,4.99,4.99,0,0,
2017-09-30,389,Laval,31254742735,5,5,24.95,4.99,4.99,0,0,
2017-10-07,389,Laval,31254742735,5,5,24.95,4.99,4.99,0,0,
2017-10-14,389,Laval,31254742735,4,4,19.96,4.99,4.99,0,0,
2017-10-21,389,Laval,31254742735,6,6,29.94,4.99,4.99,0,0,
2017-10-28,389,Laval,31254742735,8,8,39.92,4.99,4.99,0,0,
2017-11-04,389,Laval,31254742735,13,10,52,4,4.99,1,1,
2017-11-11,389,Laval,31254742735,23,17,92,4,4.99,1,0,
2017-11-18,389,Laval,31254742735,4,4,16,4,4.99,0,0,
2017-11-25,389,Laval,31254742735,3,3,12,4,4.99,0,0,
2017-12-02,389,Laval,31254742735,1,1,4.99,4.99,4.99,0,0,
2017-12-09,389,Laval,31254742735,3,3,14.97,4.99,4.99,0,0,
2017-12-16,389,Laval,31254742735,5,5,24.95,4.99,4.99,0,0,
2017-12-23,389,Laval,31254742735,2,2,9.52,4.76,4.76,0,0,
2017-12-30,389,Laval,31254742735,3,3,14.28,4.76,4.76,0,0,
2018-01-06,389,Laval,31254742735,6,6,28.56,4.76,4.76,0,0,
2018-01-13,389,Laval,31254742735,6,6,28.56,4.76,4.76,0,0,
2017-01-14,389,Laval,31254742835,11,11,54.89,4.99,4.99,0,0,
2017-01-21,389,Laval,31254742835,4,4,19.96,4.99,4.99,0,0,
2017-01-28,389,Laval,31254742835,9,9,44.91,4.99,4.99,0,0,
2017-02-04,389,Laval,31254742835,8,8,39.92,4.99,4.99,0,0,
2017-02-11,389,Laval,31254742835,8,6,39.92,4.99,4.99,0,0,
2017-02-18,389,Laval,31254742835,12,11,54,4.5,4.5,0,0,
2017-02-25,389,Laval,31254742835,12,12,54,4.5,4.5,0,0,
2017-03-04,389,Laval,31254742835,5,4,22.5,4.5,4.5,0,0,
2017-03-11,389,Laval,31254742835,5,4,22.5,4.5,4.5,0,0,
2017-03-18,389,Laval,31254742835,8,8,39.92,4.99,4.99,0,0,
2017-03-25,389,Laval,31254742835,2,2,9.98,4.99,4.99,0,0,
2017-04-01,389,Laval,31254742835,5,5,24.95,4.99,4.99,0,0,
2017-04-08,389,Laval,31254742835,3,3,14.97,4.99,4.99,0,0,
2017-04-15,389,Laval,31254742835,3,3,14.97,4.99,4.99,0,0,
2017-04-22,389,Laval,31254742835,4,4,19.96,4.99,4.99,0,0,
2017-05-06,389,Laval,31254742835,2,2,7.98,3.99,4.99,0,0,
2017-05-13,389,Laval,31254742835,2,2,7.98,3.99,4.99,0,0,
2017-05-20,389,Laval,31254742835,1,1,3.99,3.99,4.99,0,0,
2017-05-27,389,Laval,31254742835,5,5,19.95,3.99,4.99,0,0,
2017-06-03,389,Laval,31254742835,5,5,22.95,4.59,4.59,0,0,
2017-06-10,389,Laval,31254742835,8,7,39.92,4.99,4.99,0,0,
2017-06-17,389,Laval,31254742835,3,3,14.97,4.99,4.99,0,0,
2017-07-01,389,Laval,31254742835,1,1,4.99,4.99,4.99,0,0,
2017-07-08,389,Laval,31254742835,1,1,4.99,4.99,4.99,0,0,
2017-07-15,389,Laval,31254742835,1,1,4.99,4.99,4.99,0,0,
2017-07-22,389,Laval,31254742835,1,1,4.99,4.99,4.99,0,0,
2017-07-29,389,Laval,31254742835,2,2,9.98,4.99,4.99,0,0,
2017-08-05,389,Laval,31254742835,2,2,9.98,4.99,4.99,0,0,
2017-08-12,389,Laval,31254742835,7,7,34.93,4.99,4.99,0,0,
2017-08-19,389,Laval,31254742835,8,7,31.92,3.99,4.99,1,0,
2017-08-26,389,Laval,31254742835,1,1,3.99,3.99,4.99,0,0,
2017-09-02,389,Laval,31254742835,1,1,3.99,3.99,4.99,0,0,
2017-09-09,389,Laval,31254742835,12,10,46.92,3.91,4.99,0,0,
2017-09-16,389,Laval,31254742835,1,1,4.99,4.99,4.99,0,0,
2017-09-23,389,Laval,31254742835,2,2,9.98,4.99,4.99,0,0,
2017-09-30,389,Laval,31254742835,7,7,34.93,4.99,4.99,0,0,
2017-10-07,389,Laval,31254742835,3,2,14.97,4.99,4.99,0,0,
2017-10-14,389,Laval,31254742835,4,3,19.96,4.99,4.99,0,0,
2017-10-21,389,Laval,31254742835,9,9,44.91,4.99,4.99,0,0,
2017-10-28,389,Laval,31254742835,10,10,49.9,4.99,4.99,0,0,
2017-11-04,389,Laval,31254742835,21,19,84,4,4.99,1,1,
2017-11-11,389,Laval,31254742835,21,15,84,4,4.99,1,0,
2017-11-18,389,Laval,31254742835,7,6,28,4,4.99,0,0,
2017-11-25,389,Laval,31254742835,5,5,20,4,4.99,0,0,
2017-12-02,389,Laval,31254742835,5,5,24.95,4.99,4.99,0,0,
2017-12-09,389,Laval,31254742835,2,2,9.98,4.99,4.99,0,0,
2017-12-16,389,Laval,31254742835,5,5,24.95,4.99,4.99,0,0,
2017-12-23,389,Laval,31254742835,6,6,28.56,4.76,4.76,0,0,
2017-12-30,389,Laval,31254742835,6,6,28.56,4.76,4.76,0,0,
2018-01-06,389,Laval,31254742835,6,5,28.56,4.76,4.76,0,0,
2018-01-13,389,Laval,31254742835,5,5,23.8,4.76,4.76,0,0,
2018-01-20,389,Laval,31254742835,8,8,38.08,4.76,4.76,0,0,
2017-01-14,623,Ottawa,1111009497,42,39,49.56,1.18,1.18,0,1,
2017-01-21,623,Ottawa,1111009497,42,39,40.74,0.97,1.18,1,0,
2017-01-28,623,Ottawa,1111009497,33,31,32.34,0.98,1.18,0,0,
2017-02-04,623,Ottawa,1111009497,36,34,42.84,1.19,1.19,0,0,
2017-02-11,623,Ottawa,1111009497,23,20,27.14,1.18,1.18,0,0,
2017-02-18,623,Ottawa,1111009497,32,28,37.76,1.18,1.18,0,0,
2017-02-25,623,Ottawa,1111009497,27,26,31.59,1.17,1.17,0,0,
2017-03-04,623,Ottawa,1111009497,72,64,70.56,0.98,1.17,1,1,
2017-03-11,623,Ottawa,1111009497,33,28,36.63,1.11,1.11,0,0,
2017-03-18,623,Ottawa,1111009497,27,23,31.86,1.18,1.18,0,0,
2017-03-25,623,Ottawa,1111009497,30,28,35.1,1.17,1.17,0,0,
2017-04-01,623,Ottawa,1111009497,35,32,39.9,1.14,1.14,0,0,
2017-04-08,623,Ottawa,1111009497,23,18,26.91,1.17,1.17,0,0,
2017-04-15,623,Ottawa,1111009497,32,29,37.12,1.16,1.16,0,0,
2017-04-22,623,Ottawa,1111009497,39,34,46.02,1.18,1.18,0,0,
2017-04-29,623,Ottawa,1111009497,37,36,43.66,1.18,1.18,0,0,
2017-05-06,623,Ottawa,1111009497,33,29,38.94,1.18,1.18,0,0,
2017-05-13,623,Ottawa,1111009497,30,28,35.4,1.18,1.18,0,0,
2017-05-20,623,Ottawa,1111009497,40,36,40.4,1.01,1.18,0,0,
2017-05-27,623,Ottawa,1111009497,32,31,31.36,0.98,1.18,0,0,
2017-06-03,623,Ottawa,1111009497,31,27,30.38,0.98,1.18,0,0,
2017-06-10,623,Ottawa,1111009497,32,25,31.36,0.98,1.18,0,0,
2017-06-17,623,Ottawa,1111009497,41,37,40.18,0.98,1.18,0,0,
2017-06-24,623,Ottawa,1111009497,30,29,29.4,0.98,1.18,0,0,
2017-07-01,623,Ottawa,1111009497,38,36,36.86,0.97,0.97,0,0,
2017-07-08,623,Ottawa,1111009497,25,22,24.75,0.99,0.99,0,0,
2017-07-15,623,Ottawa,1111009497,29,27,28.71,0.99,0.99,0,0,
2017-07-22,623,Ottawa,1111009497,30,27,29.1,0.97,0.97,0,0,
2017-07-29,623,Ottawa,1111009497,32,27,31.04,0.97,0.97,0,0,
2017-08-05,623,Ottawa,1111009497,38,35,37.24,0.98,0.98,0,0,
2017-08-12,623,Ottawa,1111009497,21,16,20.58,0.98,0.98,0,0,
2017-08-19,623,Ottawa,1111009497,21,17,20.58,0.98,0.98,0,0,
2017-08-26,623,Ottawa,1111009497,30,26,29.4,0.98,0.98,0,0,
2017-09-02,623,Ottawa,1111009497,21,19,20.37,0.97,0.97,0,0,
2017-09-09,623,Ottawa,1111009497,24,22,23.28,0.97,0.97,0,0,
2017-09-16,623,Ottawa,1111009497,62,53,60.14,0.97,0.97,1,0,
2017-09-23,623,Ottawa,1111009497,27,20,25.92,0.96,0.96,0,0,
2017-09-30,623,Ottawa,1111009497,42,33,39.48,0.94,0.94,0,0,
2017-10-07,623,Ottawa,1111009497,25,22,21.5,0.86,0.86,0,0,
2017-10-14,623,Ottawa,1111009497,29,21,27.26,0.94,0.94,0,0,
2017-10-21,623,Ottawa,1111009497,38,34,37.24,0.98,0.98,0,0,
2017-10-28,623,Ottawa,1111009497,33,29,32.01,0.97,0.97,0,0,
2017-11-04,623,Ottawa,1111009497,27,26,26.46,0.98,0.98,0,0,
2017-11-11,623,Ottawa,1111009497,24,21,22.56,0.94,0.94,0,0,
2017-11-18,623,Ottawa,1111009497,26,23,25.48,0.98,0.98,0,0,
2017-11-25,623,Ottawa,1111009497,22,18,21.56,0.98,0.98,0,0,
2017-12-02,623,Ottawa,1111009497,15,14,14.85,0.99,0.99,0,0,
2017-12-09,623,Ottawa,1111009497,32,27,31.36,0.98,0.99,1,0,
2017-12-16,623,Ottawa,1111009497,81,64,79.38,0.98,0.99,1,0,
2017-12-23,623,Ottawa,1111009497,26,20,25.48,0.98,0.98,0,0,
2017-12-30,623,Ottawa,1111009497,16,13,16,1,1,0,0,
2018-01-06,623,Ottawa,1111009497,26,23,26,1,1,1,0,
2018-01-13,623,Ottawa,1111009497,27,24,26.46,0.98,0.98,0,0,
2018-01-20,623,Ottawa,1111009497,25,23,24.75,0.99,0.99,0,0,
