EN/S05_Descriptive_Analytics/Demo - retail_sales_data.csv
WEEK_END_DATE,STORE_NUM,STORE_CITY,UPC,UNITS,VISITS,SPEND,PRICE,BASE_PRICE,FEATURE,DISPLAY,
2017-01-14,623,Ottawa,1111035398,1,1,4.69,4.69,4.69,0,0,
2017-01-21,623,Ottawa,1111035398,1,1,4.69,4.69,4.69,0,0,
2017-02-11,623,Ottawa,1111035398,1,1,4.69,4.69,4.69,0,0,
2017-02-25,623,Ottawa,1111035398,3,2,14.07,4.69,4.69,0,0,
2017-03-04,623,Ottawa,1111035398,1,1,4.69,4.69,4.69,0,0,
2017-03-11,623,Ottawa,1111035398,2,2,9.38,4.69,4.69,0,0,
2017-03-25,623,Ottawa,1111035398,1,1,4.69,4.69,4.69,0,0,
2017-04-08,623,Ottawa,1111035398,1,1,4.69,4.69,4.69,0,0,
2017-04-29,623,Ottawa,1111035398,1,1,4.69,4.69,4.69,0,0,
2017-05-20,623,Ottawa,1111035398,2,2,9.38,4.69,4.69,0,0,
2017-06-03,623,Ottawa,1111035398,1,1,4.22,4.22,4.69,0,0,
2017-06-10,623,Ottawa,1111035398,1,1,4.69,4.69,4.69,0,0,
2017-06-17,623,Ottawa,1111035398,1,1,4.69,4.69,4.69,0,0,
2017-07-01,623,Ottawa,1111035398,1,1,4.69,4.69,4.69,0,0,
2017-07-08,623,Ottawa,1111035398,3,3,14.07,4.69,4.69,0,0,
2017-07-15,623,Ottawa,1111035398,5,4,20.05,4.01,4.69,0,0,
2017-07-22,623,Ottawa,1111035398,6,5,18,3,4.69,0,0,
2017-07-29,623,Ottawa,1111035398,4,4,12,3,4.69,0,0,
2017-08-05,623,Ottawa,1111035398,8,7,24.48,3.06,4.69,0,0,
2017-08-12,623,Ottawa,1111035398,4,4,12.24,3.06,4.69,0,0,
2017-08-26,623,Ottawa,1111035398,2,1,6.12,3.06,4.69,0,0,
2017-09-02,623,Ottawa,1111035398,4,4,12.24,3.06,3.06,0,0,
2017-09-09,623,Ottawa,1111035398,3,3,9.18,3.06,3.06,0,0,
2017-09-16,623,Ottawa,1111035398,2,2,6.12,3.06,3.06,0,0,
2017-09-23,623,Ottawa,1111035398,3,3,9.18,3.06,3.06,0,0,
2017-09-30,623,Ottawa,1111035398,4,3,12.24,3.06,3.06,0,0,
2017-10-14,623,Ottawa,1111035398,4,3,11.92,2.98,2.98,0,0,
2017-10-21,623,Ottawa,1111035398,3,3,9.18,3.06,3.06,0,0,
2017-10-28,623,Ottawa,1111035398,4,4,12.24,3.06,3.06,0,0,
2017-11-04,623,Ottawa,1111035398,3,3,9.51,3.17,3.17,0,0,
2017-11-11,623,Ottawa,1111035398,2,2,6.34,3.17,3.17,0,0,
2017-11-18,623,Ottawa,1111035398,1,1,2.85,2.85,3.17,0,0,
2017-11-25,623,Ottawa,1111035398,1,1,3.17,3.17,3.17,0,0,
2017-12-02,623,Ottawa,1111035398,1,1,3.17,3.17,3.17,0,0,
2017-12-09,623,Ottawa,1111035398,3,3,9.51,3.17,3.17,0,0,
2017-12-16,623,Ottawa,1111035398,2,2,6.34,3.17,3.17,0,0,
2017-12-23,623,Ottawa,1111035398,1,1,3.17,3.17,3.17,0,0,
2017-12-30,623,Ottawa,1111035398,1,1,3.17,3.17,3.17,0,0,
2018-01-06,623,Ottawa,1111035398,1,1,3.17,3.17,3.17,0,0,
2018-01-13,623,Ottawa,1111035398,4,2,12.52,3.13,3.13,0,0,
2017-01-14,623,Ottawa,1111038080,5,5,11.35,2.27,2.56,0,0,
2017-01-21,623,Ottawa,1111038080,14,10,13.86,0.99,2.56,1,0,
2017-01-28,623,Ottawa,1111038080,8,8,7.84,0.98,2.56,0,0,
2017-02-04,623,Ottawa,1111038080,4,3,4,1,2.56,0,0,
2017-02-11,623,Ottawa,1111038080,1,1,1,1,2.56,0,0,
2017-02-25,623,Ottawa,1111038080,1,1,2.69,2.69,2.69,0,0,
2017-03-04,623,Ottawa,1111038080,3,3,8.07,2.69,2.69,0,0,
2017-03-11,623,Ottawa,1111038080,5,5,13.45,2.69,2.69,0,0,
2017-03-18,623,Ottawa,1111038080,3,3,8.07,2.69,2.69,0,0,
2017-04-01,623,Ottawa,1111038080,2,2,5.38,2.69,2.69,0,0,
2017-04-08,623,Ottawa,1111038080,2,2,5.38,2.69,2.69,0,0,
2017-04-15,623,Ottawa,1111038080,5,5,10.05,2.01,2.69,0,0,
2017-04-22,623,Ottawa,1111038080,44,35,44,1,2.69,1,0,
2017-04-29,623,Ottawa,1111038080,47,38,47.47,1.01,2.69,0,1,
2017-05-06,623,Ottawa,1111038080,55,47,53.9,0.98,2.69,0,0,
2017-05-13,623,Ottawa,1111038080,64,56,65.92,1.03,2.69,0,0,
2017-05-20,623,Ottawa,1111038080,3,3,8.07,2.69,2.69,0,0,
2017-06-03,623,Ottawa,1111038080,2,2,5.38,2.69,2.69,0,0,
2017-06-10,623,Ottawa,1111038080,1,1,2.42,2.42,2.69,0,0,
2017-06-17,623,Ottawa,1111038080,1,1,2.69,2.69,2.69,0,0,
2017-06-24,623,Ottawa,1111038080,9,9,9,1,2.69,1,0,
2017-07-01,623,Ottawa,1111038080,5,5,5,1,2.69,0,0,
2017-07-08,623,Ottawa,1111038080,10,8,10,1,2.69,0,0,
2017-07-15,623,Ottawa,1111038080,10,9,9.9,0.99,2.69,0,0,
2017-07-22,623,Ottawa,1111038080,1,1,1.58,1.58,2.69,0,0,
2017-07-29,623,Ottawa,1111038080,1,1,1.58,1.58,2.69,0,0,
2017-08-05,623,Ottawa,1111038080,7,7,11.06,1.58,2.69,0,0,
2017-08-12,623,Ottawa,1111038080,1,1,1.58,1.58,1.58,0,0,
2017-08-19,623,Ottawa,1111038080,2,2,3.16,1.58,1.58,1,0,
2017-08-26,623,Ottawa,1111038080,3,3,4.59,1.53,1.58,1,0,
2017-09-02,623,Ottawa,1111038080,5,5,7.75,1.55,1.58,1,0,
2017-09-09,623,Ottawa,1111038080,5,5,7.75,1.55,1.55,0,0,
2017-09-16,623,Ottawa,1111038080,3,3,4.74,1.58,1.58,0,0,
2017-09-23,623,Ottawa,1111038080,4,4,6.16,1.54,1.54,0,0,
2017-09-30,623,Ottawa,1111038080,3,3,4.59,1.53,1.53,0,0,
2017-10-07,623,Ottawa,1111038080,8,7,12.48,1.56,1.56,0,0,
2017-10-14,623,Ottawa,1111038080,8,8,11.92,1.49,1.49,0,0,
2017-10-21,623,Ottawa,1111038080,8,8,8.4,1.05,1.49,1,0,
2017-10-28,623,Ottawa,1111038080,16,13,15.36,0.96,1.49,1,0,
2017-11-04,623,Ottawa,1111038080,11,11,17.27,1.57,1.57,0,0,
2017-11-11,623,Ottawa,1111038080,5,5,7.6,1.52,1.52,0,0,
2017-11-18,623,Ottawa,1111038080,7,6,10.92,1.56,1.56,0,0,
2017-11-25,623,Ottawa,1111038080,4,4,6.16,1.54,1.56,0,1,
2017-12-02,623,Ottawa,1111038080,2,2,2.48,1.24,1.56,0,1,
2017-12-09,623,Ottawa,1111038080,8,8,7.92,0.99,1.56,0,1,
2017-12-16,623,Ottawa,1111038080,13,10,12.74,0.98,1.56,0,0,
2017-12-23,623,Ottawa,1111038080,4,4,4.6,1.15,1.56,0,0,
2017-12-30,623,Ottawa,1111038080,10,9,10,1,1.56,0,0,
2018-01-06,623,Ottawa,1111038080,4,4,5.76,1.44,1.44,0,0,
2018-01-13,623,Ottawa,1111038080,5,5,7.75,1.55,1.55,0,0,
2018-01-20,623,Ottawa,1111038080,1,1,1.58,1.58,1.58,0,0,
2017-01-14,623,Ottawa,1111087395,4,3,13,3.25,3.25,0,0,
2017-01-21,623,Ottawa,1111087395,5,5,16.7,3.34,3.34,0,0,
2017-01-28,623,Ottawa,1111087395,5,5,16,3.2,3.2,0,0,
2017-02-04,623,Ottawa,1111087395,5,4,16.35,3.27,3.27,0,0,
2017-02-11,623,Ottawa,1111087395,4,2,13.32,3.33,3.33,0,0,
2017-02-18,623,Ottawa,1111087395,5,4,16.35,3.27,3.27,0,0,
2017-02-25,623,Ottawa,1111087395,1,1,3.34,3.34,3.34,0,0,
2017-03-04,623,Ottawa,1111087395,5,5,16.65,3.33,3.33,0,0,
2017-03-11,623,Ottawa,1111087395,4,4,13.04,3.26,3.26,0,0,
2017-03-18,623,Ottawa,1111087395,10,7,31.4,3.14,3.14,0,0,
2017-03-25,623,Ottawa,1111087395,13,10,42.38,3.26,3.26,0,0,
2017-04-01,623,Ottawa,1111087395,7,7,23.03,3.29,3.29,0,0,
2017-04-08,623,Ottawa,1111087395,9,8,30.06,3.34,3.34,0,0,
2017-04-15,623,Ottawa,1111087395,17,8,56.27,3.31,3.31,0,0,
2017-04-22,623,Ottawa,1111087395,13,12,42.38,3.26,3.26,0,0,
2017-04-29,623,Ottawa,1111087395,17,12,55.42,3.26,3.26,0,0,
2017-05-06,623,Ottawa,1111087395,18,12,57.96,3.22,3.26,1,0,
2017-05-13,623,Ottawa,1111087395,20,14,66,3.3,3.26,1,0,
2017-05-20,623,Ottawa,1111087395,11,8,36.74,3.34,3.34,0,0,
2017-05-27,623,Ottawa,1111087395,6,4,19.02,3.17,3.17,0,0,
2017-06-03,623,Ottawa,1111087395,12,10,39.36,3.28,3.28,0,0,
2017-06-10,623,Ottawa,1111087395,8,7,25.68,3.21,3.21,0,0,
2017-06-17,623,Ottawa,1111087395,4,4,13.04,3.26,3.26,0,0,
2017-06-24,623,Ottawa,1111087395,15,10,49.65,3.31,3.31,0,0,
2017-07-01,623,Ottawa,1111087395,8,6,25.36,3.17,3.17,0,0,
2017-07-08,623,Ottawa,1111087395,4,4,13.36,3.34,3.34,0,0,
2017-07-15,623,Ottawa,1111087395,8,6,26.32,3.29,3.29,0,0,
2017-07-22,623,Ottawa,1111087395,8,6,26.64,3.33,3.33,0,0,
2017-07-29,623,Ottawa,1111087395,11,9,35.42,3.22,3.22,0,0,
2017-08-05,623,Ottawa,1111087395,12,8,39.96,3.33,3.33,0,0,
2017-08-12,623,Ottawa,1111087395,4,4,12.36,3.09,3.09,0,0,
2017-08-19,623,Ottawa,1111087395,6,5,20.04,3.34,3.34,0,0,
2017-08-26,623,Ottawa,1111087395,11,9,36.74,3.34,3.34,0,0,
2017-09-02,623,Ottawa,1111087395,18,12,58.68,3.26,3.26,0,0,
2017-09-09,623,Ottawa,1111087395,9,7,29.07,3.23,3.23,0,0,
2017-09-16,623,Ottawa,1111087395,19,12,60.99,3.21,3.21,0,0,
2017-09-23,623,Ottawa,1111087395,5,5,16.35,3.27,3.27,0,0,
2017-09-30,623,Ottawa,1111087395,11,7,33,3,3,0,0,
2017-10-07,623,Ottawa,1111087395,3,3,9.99,3.33,3.33,0,0,
2017-10-14,623,Ottawa,1111087395,8,5,26.64,3.33,3.33,0,0,
2017-10-21,623,Ottawa,1111087395,15,11,48,3.2,3.2,0,0,
2017-10-28,623,Ottawa,1111087395,10,9,32.4,3.24,3.24,0,0,
2017-11-04,623,Ottawa,1111087395,11,9,33.33,3.03,3.03,0,0,
2017-11-11,623,Ottawa,1111087395,12,9,39.36,3.28,3.28,0,0,
2017-11-18,623,Ottawa,1111087395,19,14,61.75,3.25,3.25,0,0,
2017-11-25,623,Ottawa,1111087395,16,13,53.12,3.32,3.32,0,0,
2017-12-02,623,Ottawa,1111087395,11,9,35.75,3.25,3.25,0,0,
2017-12-09,623,Ottawa,1111087395,16,12,52.32,3.27,3.27,0,0,
2017-12-16,623,Ottawa,1111087395,22,18,64.02,2.91,3.27,1,0,
2017-12-23,623,Ottawa,1111087395,10,9,29.3,2.93,3.27,0,0,
2017-12-30,623,Ottawa,1111087395,22,18,65.12,2.96,3.27,1,0,
2018-01-06,623,Ottawa,1111087395,17,14,50.83,2.99,3.27,1,0,
2018-01-13,623,Ottawa,1111087395,22,18,71.28,3.24,3.24,0,0,
2018-01-20,623,Ottawa,1111087395,16,13,51.68,3.23,3.23,0,0,
2017-01-14,623,Ottawa,1111087396,10,8,32.7,3.27,3.27,0,0,
2017-01-21,623,Ottawa,1111087396,8,6,25.68,3.21,3.21,0,0,
2017-01-28,623,Ottawa,1111087396,5,4,16.7,3.34,3.34,0,0,
2017-02-04,623,Ottawa,1111087396,7,5,22.68,3.24,3.24,0,0,
2017-02-11,623,Ottawa,1111087396,1,1,3.33,3.33,3.33,0,0,
2017-02-18,623,Ottawa,1111087396,9,8,29.34,3.26,3.26,0,0,
2017-02-25,623,Ottawa,1111087396,7,6,22.68,3.24,3.24,0,0,
2017-03-04,623,Ottawa,1111087396,5,3,16.25,3.25,3.25,0,0,
2017-03-11,623,Ottawa,1111087396,4,3,12.68,3.17,3.17,0,0,
2017-03-18,623,Ottawa,1111087396,14,11,45.64,3.26,3.26,0,0,
2017-03-25,623,Ottawa,1111087396,11,9,36.08,3.28,3.28,0,0,
2017-04-01,623,Ottawa,1111087396,7,6,23.03,3.29,3.29,0,0,
2017-04-08,623,Ottawa,1111087396,9,8,29.7,3.3,3.3,0,0,
2017-04-15,623,Ottawa,1111087396,10,7,32,3.2,3.2,0,0,
2017-04-22,623,Ottawa,1111087396,8,7,26.72,3.34,3.34,0,0,
2017-04-29,623,Ottawa,1111087396,5,5,16.65,3.33,3.33,0,0,
2017-05-06,623,Ottawa,1111087396,12,10,38.4,3.2,3.33,1,0,
2017-05-13,623,Ottawa,1111087396,15,11,48,3.2,3.33,1,0,
2017-05-20,623,Ottawa,1111087396,11,7,35.09,3.19,3.19,0,0,
2017-05-27,623,Ottawa,1111087396,13,9,42.64,3.28,3.28,0,0,
2017-06-03,623,Ottawa,1111087396,23,13,75.44,3.28,3.28,0,0,
2017-06-10,623,Ottawa,1111087396,22,14,71.94,3.27,3.27,0,0,
2017-06-17,623,Ottawa,1111087396,9,6,29.34,3.26,3.26,0,0,
2017-06-24,623,Ottawa,1111087396,20,12,65.8,3.29,3.29,0,0,
2017-07-01,623,Ottawa,1111087396,15,9,49.2,3.28,3.28,0,0,
2017-07-08,623,Ottawa,1111087396,15,8,49.05,3.27,3.27,0,0,
2017-07-15,623,Ottawa,1111087396,23,11,75.21,3.27,3.27,0,0,
2017-07-22,623,Ottawa,1111087396,14,11,45.92,3.28,3.28,0,0,
2017-07-29,623,Ottawa,1111087396,4,4,13.36,3.34,3.34,0,0,
2017-08-05,623,Ottawa,1111087396,21,11,69.72,3.32,3.32,0,0,
2017-08-12,623,Ottawa,1111087396,15,9,48,3.2,3.2,0,0,
2017-08-19,623,Ottawa,1111087396,19,13,61.94,3.26,3.26,0,0,
2017-08-26,623,Ottawa,1111087396,17,11,55.42,3.26,3.26,0,0,
2017-09-02,623,Ottawa,1111087396,14,12,45.78,3.27,3.27,0,0,
2017-09-09,623,Ottawa,1111087396,12,8,38.4,3.2,3.2,0,0,
2017-09-16,623,Ottawa,1111087396,5,5,16.7,3.34,3.34,0,0,
2017-09-23,623,Ottawa,1111087396,14,8,42.42,3.03,3.03,0,0,
2017-09-30,623,Ottawa,1111087396,14,7,42.98,3.07,3.07,0,0,
2017-10-07,623,Ottawa,1111087396,4,3,13.36,3.34,3.34,0,0,
2017-10-14,623,Ottawa,1111087396,11,8,33.33,3.03,3.03,0,0,
2017-10-21,623,Ottawa,1111087396,7,7,21.7,3.1,3.1,0,0,
2017-10-28,623,Ottawa,1111087396,12,8,35.4,2.95,2.95,0,0,
2017-11-04,623,Ottawa,1111087396,6,6,16.38,2.73,2.73,0,0,
2017-11-11,623,Ottawa,1111087396,8,3,26.72,3.34,3.34,0,0,
2017-11-18,623,Ottawa,1111087396,10,8,33.3,3.33,3.33,0,0,
2017-11-25,623,Ottawa,1111087396,24,17,75.84,3.16,3.16,0,0,
2017-12-02,623,Ottawa,1111087396,24,17,78.72,3.28,3.28,0,0,
2017-12-09,623,Ottawa,1111087396,27,20,88.29,3.27,3.27,0,0,
2017-12-16,623,Ottawa,1111087396,20,16,59,2.95,3.27,1,0,
2017-12-23,623,Ottawa,1111087396,11,10,32.34,2.94,3.27,0,0,
2017-12-30,623,Ottawa,1111087396,18,14,51.66,2.87,3.27,1,0,
2018-01-06,623,Ottawa,1111087396,28,18,83.72,2.99,3.27,1,0,
2018-01-13,623,Ottawa,1111087396,15,13,48.75,3.25,3.25,0,0,
2018-01-20,623,Ottawa,1111087396,12,9,39.48,3.29,3.29,0,0,
2017-01-14,623,Ottawa,1111087398,6,6,20.04,3.34,3.34,0,0,
2017-01-21,623,Ottawa,1111087398,6,5,20.04,3.34,3.34,0,0,
2017-01-28,623,Ottawa,1111087398,6,6,19.68,3.28,3.28,0,0,
2017-02-04,623,Ottawa,1111087398,8,7,25.68,3.21,3.21,0,0,
2017-02-11,623,Ottawa,1111087398,7,5,22.68,3.24,3.24,0,0,
2017-02-18,623,Ottawa,1111087398,14,10,46.06,3.29,3.29,0,0,
2017-02-25,623,Ottawa,1111087398,12,8,38.76,3.23,3.23,0,0,
2017-03-04,623,Ottawa,1111087398,7,7,23.03,3.29,3.29,0,0,
2017-03-18,623,Ottawa,1111087398,4,3,13.36,3.34,3.34,0,0,
2017-03-25,623,Ottawa,1111087398,7,7,23.03,3.29,3.29,0,0,
2017-04-01,623,Ottawa,1111087398,12,8,38.4,3.2,3.2,0,0,
2017-04-08,623,Ottawa,1111087398,12,11,38.76,3.23,3.23,0,0,
2017-04-15,623,Ottawa,1111087398,10,9,33.4,3.34,3.34,0,0,
2017-04-22,623,Ottawa,1111087398,12,9,39,3.25,3.25,0,0,
2017-04-29,623,Ottawa,1111087398,14,9,46.76,3.34,3.34,0,0,
2017-05-06,623,Ottawa,1111087398,11,10,35.75,3.25,3.34,1,0,
2017-05-13,623,Ottawa,1111087398,15,12,49.65,3.31,3.34,1,0,
2017-05-20,623,Ottawa,1111087398,7,6,23.31,3.33,3.33,0,0,
2017-05-27,623,Ottawa,1111087398,15,13,49.05,3.27,3.27,0,0,
2017-06-03,623,Ottawa,1111087398,8,6,26,3.25,3.25,0,0,
2017-06-10,623,Ottawa,1111087398,13,8,43.03,3.31,3.31,0,0,
2017-06-17,623,Ottawa,1111087398,16,11,52.32,3.27,3.27,0,0,
2017-06-24,623,Ottawa,1111087398,11,11,35.75,3.25,3.25,0,0,
2017-07-01,623,Ottawa,1111087398,12,10,39.36,3.28,3.28,0,0,
2017-07-08,623,Ottawa,1111087398,14,10,46.62,3.33,3.33,0,0,
2017-07-15,623,Ottawa,1111087398,17,10,56.61,3.33,3.33,0,0,
2017-07-22,623,Ottawa,1111087398,22,16,72.38,3.29,3.29,0,0,
2017-07-29,623,Ottawa,1111087398,11,9,36.08,3.28,3.28,0,0,
2017-08-05,623,Ottawa,1111087398,9,5,29.97,3.33,3.33,0,0,
2017-08-12,623,Ottawa,1111087398,14,9,46.34,3.31,3.31,0,0,
2017-08-19,623,Ottawa,1111087398,12,9,37.68,3.14,3.14,0,0,
2017-08-26,623,Ottawa,1111087398,11,8,36.3,3.3,3.3,0,0,
2017-09-02,623,Ottawa,1111087398,6,5,19.44,3.24,3.24,0,0,
2017-09-09,623,Ottawa,1111087398,12,7,39,3.25,3.25,0,0,
2017-09-16,623,Ottawa,1111087398,9,7,28.71,3.19,3.19,0,0,
2017-09-23,623,Ottawa,1111087398,12,10,39.72,3.31,3.31,0,0,
2017-09-30,623,Ottawa,1111087398,5,4,15.35,3.07,3.07,0,0,
2017-10-07,623,Ottawa,1111087398,9,6,28.89,3.21,3.21,0,0,
2017-10-14,623,Ottawa,1111087398,12,11,36.72,3.06,3.06,0,0,
2017-10-21,623,Ottawa,1111087398,15,8,46.35,3.09,3.09,0,0,
2017-10-28,623,Ottawa,1111087398,10,8,33,3.3,3.3,0,0,
2017-11-04,623,Ottawa,1111087398,12,7,39.72,3.31,3.31,0,0,
2017-11-11,623,Ottawa,1111087398,14,10,45.08,3.22,3.22,0,0,
2017-11-18,623,Ottawa,1111087398,25,18,81,3.24,3.24,0,0,
2017-11-25,623,Ottawa,1111087398,20,15,65.6,3.28,3.28,0,0,
2017-12-02,623,Ottawa,1111087398,21,15,66.57,3.17,3.17,0,0,
2017-12-09,623,Ottawa,1111087398,29,19,95.7,3.3,3.3,0,0,
2017-12-16,623,Ottawa,1111087398,28,24,83.44,2.98,3.3,1,0,
2017-12-23,623,Ottawa,1111087398,24,18,70.56,2.94,3.3,0,0,
2017-12-30,623,Ottawa,1111087398,13,10,38.61,2.97,3.3,1,0,
2018-01-06,623,Ottawa,1111087398,30,19,88.5,2.95,3.3,1,0,
2018-01-13,623,Ottawa,1111087398,31,20,100.44,3.24,3.24,0,0,
2018-01-20,623,Ottawa,1111087398,17,13,56.44,3.32,3.32,0,0,
2017-01-14,623,Ottawa,1600027528,16,15,66.4,4.15,4.15,0,0,
2017-01-21,623,Ottawa,1600027528,21,20,86.52,4.12,4.12,0,0,
2017-01-28,623,Ottawa,1600027528,20,20,83,4.15,4.15,0,0,
2017-02-04,623,Ottawa,1600027528,14,14,58.1,4.15,4.15,0,0,
2017-02-11,623,Ottawa,1600027528,56,53,136.08,2.43,4.15,1,1,
2017-02-18,623,Ottawa,1600027528,45,43,112.05,2.49,4.15,1,1,
2017-02-25,623,Ottawa,1600027528,14,14,58.1,4.15,4.15,0,0,
2017-03-04,623,Ottawa,1600027528,21,20,87.15,4.15,4.15,0,0,
2017-03-11,623,Ottawa,1600027528,23,20,95.45,4.15,4.15,0,0,
2017-03-18,623,Ottawa,1600027528,25,24,103.75,4.15,4.15,0,0,
2017-03-25,623,Ottawa,1600027528,23,22,95.45,4.15,4.15,0,0,
2017-04-01,623,Ottawa,1600027528,20,18,83,4.15,4.15,0,0,
2017-04-08,623,Ottawa,1600027528,25,24,103.75,4.15,4.15,0,0,
2017-04-15,623,Ottawa,1600027528,19,19,78.85,4.15,4.15,0,0,
2017-04-22,623,Ottawa,1600027528,21,19,87.15,4.15,4.15,0,0,
2017-04-29,623,Ottawa,1600027528,16,15,66.4,4.15,4.15,0,0,
2017-05-06,623,Ottawa,1600027528,22,22,91.3,4.15,4.15,0,0,
2017-05-13,623,Ottawa,1600027528,18,17,74.7,4.15,4.15,0,0,
2017-05-20,623,Ottawa,1600027528,18,17,74.7,4.15,4.15,0,0,
2017-05-27,623,Ottawa,1600027528,15,15,62.25,4.15,4.15,0,0,
2017-06-03,623,Ottawa,1600027528,27,24,112.05,4.15,4.15,0,0,
2017-06-10,623,Ottawa,1600027528,15,13,62.25,4.15,4.15,0,0,
2017-06-17,623,Ottawa,1600027528,15,12,62.25,4.15,4.15,0,0,
2017-06-24,623,Ottawa,1600027528,15,15,62.25,4.15,4.15,0,0,
2017-07-01,623,Ottawa,1600027528,61,56,151.89,2.49,4.15,1,0,
2017-07-08,623,Ottawa,1600027528,55,40,136.95,2.49,4.15,1,1,
2017-07-15,623,Ottawa,1600027528,16,16,66.4,4.15,4.15,0,0,
2017-07-22,623,Ottawa,1600027528,24,23,99.6,4.15,4.15,0,0,
2017-07-29,623,Ottawa,1600027528,26,23,107.9,4.15,4.15,0,0,
2017-08-05,623,Ottawa,1600027528,20,20,83,4.15,4.15,0,0,
2017-08-12,623,Ottawa,1600027528,19,18,78.85,4.15,4.15,0,0,
2017-08-19,623,Ottawa,1600027528,20,18,83,4.15,4.15,0,0,
2017-08-26,623,Ottawa,1600027528,24,23,99.6,4.15,4.15,0,0,
2017-09-02,623,Ottawa,1600027528,18,15,74.7,4.15,4.15,0,0,
2017-09-09,623,Ottawa,1600027528,10,10,41.5,4.15,4.15,0,0,
2017-09-16,623,Ottawa,1600027528,22,20,91.3,4.15,4.15,0,0,
2017-09-23,623,Ottawa,1600027528,13,13,53.95,4.15,4.15,0,0,
2017-09-30,623,Ottawa,1600027528,19,19,78.85,4.15,4.15,0,0,
2017-10-07,623,Ottawa,1600027528,20,18,83,4.15,4.15,0,0,
2017-10-14,623,Ottawa,1600027528,23,23,95.45,4.15,4.15,0,0,
2017-10-21,623,Ottawa,1600027528,15,14,62.25,4.15,4.15,0,0,
2017-10-28,623,Ottawa,1600027528,24,19,99.6,4.15,4.15,0,0,
2017-11-04,623,Ottawa,1600027528,21,20,87.15,4.15,4.15,0,0,
2017-11-11,623,Ottawa,1600027528,19,17,78.85,4.15,4.15,0,0,
2017-11-18,623,Ottawa,1600027528,25,23,103.75,4.15,4.15,0,0,
2017-11-25,623,Ottawa,1600027528,21,20,87.15,4.15,4.15,0,0,
2017-12-02,623,Ottawa,1600027528,25,21,103.75,4.15,4.15,0,0,
2017-12-09,623,Ottawa,1600027528,22,22,91.3,4.15,4.15,0,0,
2017-12-16,623,Ottawa,1600027528,16,15,66.4,4.15,4.15,0,0,
2017-12-23,623,Ottawa,1600027528,21,21,87.15,4.15,4.15,0,0,
2017-12-30,623,Ottawa,1600027528,13,11,53.95,4.15,4.15,0,0,
2018-01-06,623,Ottawa,1600027528,20,20,83,4.15,4.15,0,0,
2018-01-13,623,Ottawa,1600027528,20,18,83,4.15,4.15,0,0,
2018-01-20,623,Ottawa,1600027528,14,14,58.1,4.15,4.15,0,0,
