EN/S05_Descriptive_Analytics/Demo - retail_sales_data.csv
WEEK_END_DATE,STORE_NUM,STORE_CITY,UPC,UNITS,VISITS,SPEND,PRICE,BASE_PRICE,FEATURE,DISPLAY,
2017-01-14,623,Ottawa,2840002333,1,1,2.49,2.49,2.49,0,0,
2017-01-21,623,Ottawa,2840002333,4,4,9.96,2.49,2.49,0,0,
2017-01-28,623,Ottawa,2840002333,5,4,12.45,2.49,2.49,0,0,
2017-02-04,623,Ottawa,2840002333,5,4,12.45,2.49,2.49,0,0,
2017-02-11,623,Ottawa,2840002333,4,4,9.96,2.49,2.49,0,0,
2017-02-18,623,Ottawa,2840002333,8,6,19.92,2.49,2.49,0,0,
2017-03-04,623,Ottawa,2840002333,5,5,12.45,2.49,2.49,0,0,
2017-03-11,623,Ottawa,2840002333,12,10,29.88,2.49,2.49,0,0,
2017-03-18,623,Ottawa,2840002333,6,5,14.94,2.49,2.49,0,0,
2017-03-25,623,Ottawa,2840002333,3,3,7.47,2.49,2.49,0,0,
2017-04-01,623,Ottawa,2840002333,7,7,17.43,2.49,2.49,0,0,
2017-04-08,623,Ottawa,2840002333,9,8,22.41,2.49,2.49,0,0,
2017-04-15,623,Ottawa,2840002333,2,2,4.98,2.49,2.49,0,0,
2017-04-22,623,Ottawa,2840002333,4,4,9.96,2.49,2.49,0,0,
2017-04-29,623,Ottawa,2840002333,7,7,17.43,2.49,2.49,0,0,
2017-05-06,623,Ottawa,2840002333,5,5,12.45,2.49,2.49,0,0,
2017-05-13,623,Ottawa,2840002333,8,6,19.92,2.49,2.49,0,0,
2017-05-20,623,Ottawa,2840002333,4,4,9.96,2.49,2.49,0,0,
2017-05-27,623,Ottawa,2840002333,5,5,12.45,2.49,2.49,0,0,
2017-06-03,623,Ottawa,2840002333,2,2,4.98,2.49,2.49,0,0,
2017-06-10,623,Ottawa,2840002333,8,8,21.52,2.69,2.69,0,0,
2017-06-17,623,Ottawa,2840002333,6,5,17.34,2.89,2.89,0,0,
2017-06-24,623,Ottawa,2840002333,1,1,2.89,2.89,2.89,0,0,
2017-07-01,623,Ottawa,2840002333,3,3,8.67,2.89,2.89,0,0,
2017-07-08,623,Ottawa,2840002333,2,2,5.78,2.89,2.89,0,0,
2017-07-15,623,Ottawa,2840002333,9,8,26.01,2.89,2.89,0,0,
2017-07-22,623,Ottawa,2840002333,1,1,2.89,2.89,2.89,0,0,
2017-07-29,623,Ottawa,2840002333,9,9,26.01,2.89,2.89,0,0,
2017-08-05,623,Ottawa,2840002333,2,2,5.78,2.89,2.89,0,0,
2017-08-12,623,Ottawa,2840002333,6,6,17.34,2.89,2.89,0,0,
2017-08-19,623,Ottawa,2840002333,7,6,20.23,2.89,2.89,0,0,
2017-08-26,623,Ottawa,2840002333,7,7,20.23,2.89,2.89,0,0,
2017-09-02,623,Ottawa,2840002333,5,4,14.45,2.89,2.89,0,0,
2017-09-09,623,Ottawa,2840002333,9,9,26.01,2.89,2.89,0,0,
2017-09-16,623,Ottawa,2840002333,3,3,8.67,2.89,2.89,0,0,
2017-09-23,623,Ottawa,2840002333,5,3,14.45,2.89,2.89,0,0,
2017-09-30,623,Ottawa,2840002333,6,5,17.34,2.89,2.89,0,0,
2017-10-07,623,Ottawa,2840002333,10,6,28.9,2.89,2.89,0,0,
2017-10-14,623,Ottawa,2840002333,7,7,20.23,2.89,2.89,0,0,
2017-10-21,623,Ottawa,2840002333,8,6,23.12,2.89,2.89,0,0,
2017-10-28,623,Ottawa,2840002333,2,2,5.78,2.89,2.89,0,0,
2017-11-04,623,Ottawa,2840002333,7,6,20.23,2.89,2.89,0,0,
2017-11-11,623,Ottawa,2840002333,6,6,17.34,2.89,2.89,0,0,
2017-11-18,623,Ottawa,2840002333,2,2,5.78,2.89,2.89,0,0,
2017-11-25,623,Ottawa,2840002333,6,5,17.34,2.89,2.89,0,0,
2017-12-02,623,Ottawa,2840002333,7,7,20.23,2.89,2.89,0,0,
2017-12-09,623,Ottawa,2840002333,9,8,26.01,2.89,2.89,0,0,
2017-12-16,623,Ottawa,2840002333,7,7,20.23,2.89,2.89,0,0,
2017-12-30,623,Ottawa,2840002333,7,6,20.23,2.89,2.89,0,0,
2018-01-06,623,Ottawa,2840002333,4,4,11.56,2.89,2.89,0,0,
2018-01-13,623,Ottawa,2840002333,5,4,14.45,2.89,2.89,0,0,
2018-01-20,623,Ottawa,2840002333,8,8,23.12,2.89,2.89,0,0,
2017-01-14,623,Ottawa,2840004768,6,6,14.94,2.49,2.49,0,0,
2017-01-21,623,Ottawa,2840004768,14,14,34.86,2.49,2.49,0,0,
2017-01-28,623,Ottawa,2840004768,7,7,17.43,2.49,2.49,0,0,
2017-02-04,623,Ottawa,2840004768,15,15,37.35,2.49,2.49,0,0,
2017-02-11,623,Ottawa,2840004768,9,9,22.41,2.49,2.49,0,0,
2017-02-18,623,Ottawa,2840004768,11,11,27.39,2.49,2.49,0,0,
2017-02-25,623,Ottawa,2840004768,15,15,37.35,2.49,2.49,0,0,
2017-03-04,623,Ottawa,2840004768,11,11,27.39,2.49,2.49,0,0,
2017-03-11,623,Ottawa,2840004768,7,7,17.43,2.49,2.49,0,0,
2017-03-18,623,Ottawa,2840004768,9,9,22.41,2.49,2.49,0,0,
2017-03-25,623,Ottawa,2840004768,13,12,32.37,2.49,2.49,0,0,
2017-04-01,623,Ottawa,2840004768,17,17,42.33,2.49,2.49,0,0,
2017-04-08,623,Ottawa,2840004768,6,5,14.94,2.49,2.49,0,0,
2017-04-15,623,Ottawa,2840004768,11,11,27.39,2.49,2.49,0,0,
2017-04-22,623,Ottawa,2840004768,11,11,27.39,2.49,2.49,0,0,
2017-04-29,623,Ottawa,2840004768,12,12,29.88,2.49,2.49,0,0,
2017-05-06,623,Ottawa,2840004768,8,8,19.92,2.49,2.49,0,0,
2017-05-13,623,Ottawa,2840004768,10,10,24.9,2.49,2.49,0,0,
2017-05-20,623,Ottawa,2840004768,4,4,9.96,2.49,2.49,0,0,
2017-05-27,623,Ottawa,2840004768,9,9,22.41,2.49,2.49,0,0,
2017-06-03,623,Ottawa,2840004768,6,6,14.94,2.49,2.49,0,0,
2017-06-10,623,Ottawa,2840004768,9,9,25.2,2.8,2.8,0,0,
2017-06-17,623,Ottawa,2840004768,13,13,37.57,2.89,2.89,0,0,
2017-06-24,623,Ottawa,2840004768,7,7,20.23,2.89,2.89,0,0,
2017-07-01,623,Ottawa,2840004768,11,10,31.79,2.89,2.89,0,0,
2017-07-08,623,Ottawa,2840004768,11,10,31.79,2.89,2.89,0,0,
2017-07-15,623,Ottawa,2840004768,7,7,20.23,2.89,2.89,0,0,
2017-07-22,623,Ottawa,2840004768,4,4,11.56,2.89,2.89,0,0,
2017-07-29,623,Ottawa,2840004768,6,6,17.34,2.89,2.89,0,0,
2017-08-05,623,Ottawa,2840004768,8,8,23.12,2.89,2.89,0,0,
2017-08-12,623,Ottawa,2840004768,7,7,20.23,2.89,2.89,0,0,
2017-08-19,623,Ottawa,2840004768,11,11,31.79,2.89,2.89,0,0,
2017-08-26,623,Ottawa,2840004768,9,9,26.01,2.89,2.89,0,0,
2017-09-02,623,Ottawa,2840004768,4,4,11.56,2.89,2.89,0,0,
2017-09-09,623,Ottawa,2840004768,8,8,23.12,2.89,2.89,0,0,
2017-09-16,623,Ottawa,2840004768,5,5,14.45,2.89,2.89,0,0,
2017-09-23,623,Ottawa,2840004768,10,9,28.9,2.89,2.89,0,0,
2017-09-30,623,Ottawa,2840004768,7,6,20.23,2.89,2.89,0,0,
2017-10-07,623,Ottawa,2840004768,14,14,40.46,2.89,2.89,0,0,
2017-10-14,623,Ottawa,2840004768,10,10,28.9,2.89,2.89,0,0,
2017-10-21,623,Ottawa,2840004768,7,7,20.23,2.89,2.89,0,0,
2017-10-28,623,Ottawa,2840004768,12,12,34.68,2.89,2.89,0,0,
2017-11-04,623,Ottawa,2840004768,15,15,43.35,2.89,2.89,0,0,
2017-11-11,623,Ottawa,2840004768,18,14,52.02,2.89,2.89,0,0,
2017-11-18,623,Ottawa,2840004768,9,9,26.01,2.89,2.89,0,0,
2017-11-25,623,Ottawa,2840004768,13,13,37.57,2.89,2.89,0,0,
2017-12-02,623,Ottawa,2840004768,8,8,23.12,2.89,2.89,0,0,
2017-12-09,623,Ottawa,2840004768,14,13,40.46,2.89,2.89,0,0,
2017-12-16,623,Ottawa,2840004768,15,13,43.35,2.89,2.89,0,0,
2017-12-23,623,Ottawa,2840004768,22,21,63.58,2.89,2.89,0,0,
2017-12-30,623,Ottawa,2840004768,12,12,34.68,2.89,2.89,0,0,
2018-01-06,623,Ottawa,2840004768,14,13,40.46,2.89,2.89,0,0,
2018-01-13,623,Ottawa,2840004768,6,6,17.34,2.89,2.89,0,0,
2018-01-20,623,Ottawa,2840004768,5,5,14.45,2.89,2.89,0,0,
2017-01-14,623,Ottawa,2840004770,8,8,19.92,2.49,2.49,0,0,
2017-01-21,623,Ottawa,2840004770,16,14,39.84,2.49,2.49,0,0,
2017-01-28,623,Ottawa,2840004770,10,10,24.9,2.49,2.49,0,0,
2017-02-04,623,Ottawa,2840004770,8,5,19.92,2.49,2.49,0,0,
2017-02-11,623,Ottawa,2840004770,13,13,32.37,2.49,2.49,0,0,
2017-02-18,623,Ottawa,2840004770,8,8,19.92,2.49,2.49,0,0,
2017-02-25,623,Ottawa,2840004770,12,12,29.88,2.49,2.49,0,0,
2017-03-04,623,Ottawa,2840004770,10,10,24.9,2.49,2.49,0,0,
2017-03-11,623,Ottawa,2840004770,6,5,14.94,2.49,2.49,0,0,
2017-03-18,623,Ottawa,2840004770,10,10,24.9,2.49,2.49,0,0,
2017-03-25,623,Ottawa,2840004770,6,6,14.94,2.49,2.49,0,0,
2017-04-01,623,Ottawa,2840004770,8,8,19.92,2.49,2.49,0,0,
2017-04-08,623,Ottawa,2840004770,5,5,12.45,2.49,2.49,0,0,
2017-04-15,623,Ottawa,2840004770,5,5,12.45,2.49,2.49,0,0,
2017-04-22,623,Ottawa,2840004770,10,10,24.9,2.49,2.49,0,0,
2017-04-29,623,Ottawa,2840004770,4,4,9.96,2.49,2.49,0,0,
2017-05-06,623,Ottawa,2840004770,5,5,12.45,2.49,2.49,0,0,
2017-05-13,623,Ottawa,2840004770,3,3,7.47,2.49,2.49,0,0,
2017-05-20,623,Ottawa,2840004770,8,8,19.92,2.49,2.49,0,0,
2017-05-27,623,Ottawa,2840004770,11,11,27.39,2.49,2.49,0,0,
2017-06-03,623,Ottawa,2840004770,1,1,2.49,2.49,2.49,0,0,
2017-06-10,623,Ottawa,2840004770,19,16,52.44,2.76,2.76,0,0,
2017-06-17,623,Ottawa,2840004770,5,5,14.45,2.89,2.89,0,0,
2017-06-24,623,Ottawa,2840004770,1,1,2.89,2.89,2.89,0,0,
2017-07-01,623,Ottawa,2840004770,4,4,11.56,2.89,2.89,0,0,
2017-07-08,623,Ottawa,2840004770,8,8,23.12,2.89,2.89,0,0,
2017-07-15,623,Ottawa,2840004770,4,4,11.56,2.89,2.89,0,0,
2017-07-22,623,Ottawa,2840004770,8,7,23.12,2.89,2.89,0,0,
2017-07-29,623,Ottawa,2840004770,4,4,11.56,2.89,2.89,0,0,
2017-08-05,623,Ottawa,2840004770,7,7,20.23,2.89,2.89,0,0,
2017-08-12,623,Ottawa,2840004770,14,11,40.46,2.89,2.89,0,0,
2017-08-19,623,Ottawa,2840004770,9,8,26.01,2.89,2.89,0,0,
2017-08-26,623,Ottawa,2840004770,12,11,34.68,2.89,2.89,0,0,
2017-09-02,623,Ottawa,2840004770,3,3,8.67,2.89,2.89,0,0,
2017-09-09,623,Ottawa,2840004770,4,4,11.56,2.89,2.89,0,0,
2017-09-16,623,Ottawa,2840004770,6,6,17.34,2.89,2.89,0,0,
2017-09-23,623,Ottawa,2840004770,6,6,17.34,2.89,2.89,0,0,
2017-09-30,623,Ottawa,2840004770,4,4,11.56,2.89,2.89,0,0,
2017-10-07,623,Ottawa,2840004770,8,8,23.12,2.89,2.89,0,0,
2017-10-14,623,Ottawa,2840004770,11,11,31.79,2.89,2.89,0,0,
2017-10-21,623,Ottawa,2840004770,12,9,34.68,2.89,2.89,0,0,
2017-10-28,623,Ottawa,2840004770,6,6,17.34,2.89,2.89,0,0,
2017-11-04,623,Ottawa,2840004770,9,9,26.01,2.89,2.89,0,0,
2017-11-11,623,Ottawa,2840004770,18,7,52.02,2.89,2.89,0,0,
2017-11-18,623,Ottawa,2840004770,6,6,17.34,2.89,2.89,0,0,
2017-11-25,623,Ottawa,2840004770,6,6,17.34,2.89,2.89,0,0,
2017-12-02,623,Ottawa,2840004770,4,4,11.56,2.89,2.89,0,0,
2017-12-09,623,Ottawa,2840004770,6,6,17.34,2.89,2.89,0,0,
2017-12-16,623,Ottawa,2840004770,8,6,23.12,2.89,2.89,0,0,
2017-12-23,623,Ottawa,2840004770,21,17,60.69,2.89,2.89,0,0,
2017-12-30,623,Ottawa,2840004770,15,15,43.35,2.89,2.89,0,0,
2018-01-06,623,Ottawa,2840004770,10,12,28.9,2.89,2.89,0,0,
2018-01-13,623,Ottawa,2840004770,4,4,11.56,2.89,2.89,0,0,
2018-01-20,623,Ottawa,2840004770,6,6,17.34,2.89,2.89,0,0,
2017-01-14,623,Ottawa,3000006340,44,35,88,2,2.71,0,1,
2017-01-21,623,Ottawa,3000006340,10,10,27.1,2.71,2.71,0,0,
2017-01-28,623,Ottawa,3000006340,6,8,16.26,2.71,2.71,0,0,
2017-02-04,623,Ottawa,3000006340,5,5,13.55,2.71,2.71,0,0,
2017-02-11,623,Ottawa,3000006340,5,4,13.55,2.71,2.71,0,0,
2017-02-18,623,Ottawa,3000006340,1,1,2.71,2.71,2.71,0,0,
2017-02-25,623,Ottawa,3000006340,1,1,2.71,2.71,2.71,0,0,
2017-03-04,623,Ottawa,3000006340,3,3,8.13,2.71,2.71,0,0,
2017-03-11,623,Ottawa,3000006340,7,5,18.97,2.71,2.71,0,0,
2017-03-18,623,Ottawa,3000006340,5,5,13.55,2.71,2.71,0,0,
2017-03-25,623,Ottawa,3000006340,6,6,16.26,2.71,2.71,0,0,
2017-04-01,623,Ottawa,3000006340,19,13,47.5,2.5,2.71,1,0,
2017-04-08,623,Ottawa,3000006340,11,9,27.5,2.5,2.5,0,0,
2017-04-15,623,Ottawa,3000006340,10,9,26.9,2.69,2.69,0,0,
2017-04-22,623,Ottawa,3000006340,4,4,10.84,2.71,2.71,0,0,
2017-04-29,623,Ottawa,3000006340,5,5,13.55,2.71,2.71,0,0,
2017-05-06,623,Ottawa,3000006340,3,3,8.13,2.71,2.71,0,0,
2017-05-13,623,Ottawa,3000006340,4,4,10.84,2.71,2.71,0,0,
2017-05-20,623,Ottawa,3000006340,3,3,8.13,2.71,2.71,0,0,
2017-05-27,623,Ottawa,3000006340,6,5,14.04,2.34,2.71,1,0,
2017-06-03,623,Ottawa,3000006340,6,6,14.04,2.34,2.71,1,0,
2017-06-10,623,Ottawa,3000006340,4,4,10.84,2.71,2.71,0,0,
2017-06-17,623,Ottawa,3000006340,5,5,13.55,2.71,2.71,0,0,
2017-06-24,623,Ottawa,3000006340,2,2,5.42,2.71,2.71,0,0,
2017-07-01,623,Ottawa,3000006340,7,7,18.97,2.71,2.71,0,0,
2017-07-08,623,Ottawa,3000006340,8,8,21.68,2.71,2.71,0,0,
2017-07-15,623,Ottawa,3000006340,10,8,25,2.5,2.5,0,0,
2017-07-22,623,Ottawa,3000006340,11,10,27.5,2.5,2.5,0,0,
2017-07-29,623,Ottawa,3000006340,2,2,5.28,2.64,2.64,0,0,
2017-08-05,623,Ottawa,3000006340,6,6,16.26,2.71,2.71,0,0,
2017-08-12,623,Ottawa,3000006340,2,2,5.42,2.71,2.71,0,0,
2017-08-19,623,Ottawa,3000006340,5,5,13.55,2.71,2.71,0,0,
2017-08-26,623,Ottawa,3000006340,19,14,37.81,1.99,2.71,1,0,
2017-09-02,623,Ottawa,3000006340,16,15,31.84,1.99,2.71,1,0,
2017-09-09,623,Ottawa,3000006340,14,12,28.56,2.04,2.71,0,0,
2017-09-16,623,Ottawa,3000006340,12,12,23.88,1.99,2.71,0,0,
2017-09-23,623,Ottawa,3000006340,4,4,10.84,2.71,2.71,0,0,
2017-09-30,623,Ottawa,3000006340,5,5,13.55,2.71,2.71,0,0,
2017-10-07,623,Ottawa,3000006340,1,1,2.71,2.71,2.71,0,0,
2017-10-14,623,Ottawa,3000006340,8,8,21.68,2.71,2.71,0,0,
2017-10-21,623,Ottawa,3000006340,2,2,5.42,2.71,2.71,0,0,
2017-10-28,623,Ottawa,3000006340,4,4,10.84,2.71,2.71,0,0,
2017-11-04,623,Ottawa,3000006340,5,5,13.55,2.71,2.71,0,0,
2017-11-11,623,Ottawa,3000006340,5,5,13.55,2.71,2.71,0,0,
2017-11-18,623,Ottawa,3000006340,11,8,27.5,2.5,2.71,1,0,
2017-11-25,623,Ottawa,3000006340,5,5,12.5,2.5,2.5,0,0,
2017-12-02,623,Ottawa,3000006340,2,2,5.42,2.71,2.71,0,0,
2017-12-09,623,Ottawa,3000006340,6,6,16.26,2.71,2.71,0,0,
2017-12-16,623,Ottawa,3000006340,10,9,27.1,2.71,2.71,0,0,
2017-12-23,623,Ottawa,3000006340,14,13,26.32,1.88,2.71,1,0,
2017-12-30,623,Ottawa,3000006340,12,9,22.56,1.88,2.71,1,0,
2018-01-06,623,Ottawa,3000006340,11,10,20.68,1.88,2.71,0,0,
2018-01-13,623,Ottawa,3000006340,3,3,5.64,1.88,2.71,0,0,
2018-01-20,623,Ottawa,3000006340,4,4,10.84,2.71,2.71,0,0,
2017-01-14,623,Ottawa,3000006610,26,23,52,2,2.59,0,0,
2017-01-21,623,Ottawa,3000006610,16,16,41.44,2.59,2.59,0,0,
2017-01-28,623,Ottawa,3000006610,15,15,38.85,2.59,2.59,0,0,
2017-02-04,623,Ottawa,3000006610,15,15,38.85,2.59,2.59,0,0,
2017-02-11,623,Ottawa,3000006610,12,12,31.08,2.59,2.59,0,0,
2017-02-18,623,Ottawa,3000006610,15,15,38.85,2.59,2.59,0,0,
2017-02-25,623,Ottawa,3000006610,7,7,18.13,2.59,2.59,0,0,
2017-03-04,623,Ottawa,3000006610,10,10,25.9,2.59,2.59,0,0,
2017-03-11,623,Ottawa,3000006610,7,7,18.13,2.59,2.59,0,0,
2017-03-18,623,Ottawa,3000006610,9,9,23.31,2.59,2.59,0,0,
2017-03-25,623,Ottawa,3000006610,9,9,23.31,2.59,2.59,0,0,
2017-04-01,623,Ottawa,3000006610,65,48,162.5,2.5,2.59,1,1,
2017-04-08,623,Ottawa,3000006610,16,16,40.16,2.51,2.51,0,0,
2017-04-15,623,Ottawa,3000006610,12,11,31.08,2.59,2.59,0,0,
2017-04-22,623,Ottawa,3000006610,13,13,33.67,2.59,2.59,0,0,
2017-04-29,623,Ottawa,3000006610,9,9,23.31,2.59,2.59,0,0,
2017-05-06,623,Ottawa,3000006610,11,13,28.49,2.59,2.59,0,0,
2017-05-13,623,Ottawa,3000006610,10,10,25.9,2.59,2.59,0,0,
2017-05-20,623,Ottawa,3000006610,14,14,36.26,2.59,2.59,0,0,
2017-05-27,623,Ottawa,3000006610,28,28,65.8,2.35,2.59,1,1,
2017-06-03,623,Ottawa,3000006610,39,36,91.26,2.34,2.59,1,1,
2017-06-10,623,Ottawa,3000006610,9,9,23.31,2.59,2.59,0,0,
2017-06-17,623,Ottawa,3000006610,10,10,25.9,2.59,2.59,0,0,
2017-06-24,623,Ottawa,3000006610,10,10,25.9,2.59,2.59,0,0,
2017-07-01,623,Ottawa,3000006610,10,10,25.9,2.59,2.59,0,0,
2017-07-08,623,Ottawa,3000006610,7,7,18.13,2.59,2.59,0,0,
2017-07-15,623,Ottawa,3000006610,13,11,32.63,2.51,2.51,0,0,
2017-07-22,623,Ottawa,3000006610,18,18,45,2.5,2.5,0,0,
2017-07-29,623,Ottawa,3000006610,6,6,15.54,2.59,2.59,0,0,
2017-08-05,623,Ottawa,3000006610,6,6,15.54,2.59,2.59,0,0,
2017-08-12,623,Ottawa,3000006610,4,4,10.36,2.59,2.59,0,0,
2017-08-19,623,Ottawa,3000006610,5,5,12.95,2.59,2.59,0,0,
2017-08-26,623,Ottawa,3000006610,40,39,79.6,1.99,2.59,1,0,
2017-09-02,623,Ottawa,3000006610,53,48,107.06,2.02,2.59,1,1,
2017-09-09,623,Ottawa,3000006610,13,13,25.87,1.99,2.59,0,1,
2017-09-16,623,Ottawa,3000006610,10,10,20.2,2.02,2.59,0,0,
2017-09-23,623,Ottawa,3000006610,16,13,41.44,2.59,2.59,0,0,
2017-09-30,623,Ottawa,3000006610,5,7,12.95,2.59,2.59,0,0,
2017-10-07,623,Ottawa,3000006610,12,12,31.08,2.59,2.59,0,0,
2017-10-14,623,Ottawa,3000006610,6,6,15.54,2.59,2.59,0,0,
2017-10-21,623,Ottawa,3000006610,11,11,28.49,2.59,2.59,0,0,
2017-10-28,623,Ottawa,3000006610,11,10,28.49,2.59,2.59,0,0,
2017-11-04,623,Ottawa,3000006610,6,6,15.54,2.59,2.59,0,0,
2017-11-11,623,Ottawa,3000006610,3,3,7.77,2.59,2.59,0,0,
2017-11-18,623,Ottawa,3000006610,10,10,25,2.5,2.59,1,0,
2017-11-25,623,Ottawa,3000006610,9,9,22.5,2.5,2.5,0,0,
2017-12-02,623,Ottawa,3000006610,12,12,30.96,2.58,2.58,0,0,
2017-12-09,623,Ottawa,3000006610,14,14,36.26,2.59,2.59,0,0,
2017-12-16,623,Ottawa,3000006610,7,7,18.13,2.59,2.59,0,0,
2017-12-23,623,Ottawa,3000006610,16,13,30.08,1.88,2.59,1,0,
2017-12-30,623,Ottawa,3000006610,7,7,13.16,1.88,2.59,1,0,
2018-01-06,623,Ottawa,3000006610,14,12,26.32,1.88,2.59,0,0,
2018-01-13,623,Ottawa,3000006610,20,20,38.2,1.91,2.59,0,0,
2018-01-20,623,Ottawa,3000006610,10,10,25.9,2.59,2.59,0,0,
