EN/S05_Descriptive_Analytics/Demo - retail_sales_data.csv
WEEK_END_DATE,STORE_NUM,STORE_CITY,UPC,UNITS,VISITS,SPEND,PRICE,BASE_PRICE,FEATURE,DISPLAY,
2017-01-14,623,Ottawa,3700019521,8,8,20.96,2.62,2.62,0,0,
2017-01-21,623,Ottawa,3700019521,9,7,22.5,2.5,2.5,0,0,
2017-01-28,623,Ottawa,3700019521,8,8,20,2.5,2.5,0,0,
2017-02-04,623,Ottawa,3700019521,5,4,17.45,3.49,3.49,0,0,
2017-02-11,623,Ottawa,3700019521,4,3,10,2.5,3.49,1,0,
2017-02-18,623,Ottawa,3700019521,6,6,15,2.5,3.49,0,0,
2017-02-25,623,Ottawa,3700019521,8,7,20.96,2.62,3.49,0,0,
2017-03-11,623,Ottawa,3700019521,3,3,7.5,2.5,3.49,0,0,
2017-03-18,623,Ottawa,3700019521,4,3,10,2.5,3.49,0,0,
2017-03-25,623,Ottawa,3700019521,4,4,10,2.5,3.49,0,0,
2017-04-01,623,Ottawa,3700019521,5,5,12.5,2.5,3.49,1,1,
2017-04-15,623,Ottawa,3700019521,9,8,20.97,2.33,3.49,0,1,
2017-04-22,623,Ottawa,3700019521,3,3,7.5,2.5,3.49,0,0,
2017-04-29,623,Ottawa,3700019521,3,3,9.48,3.16,3.16,0,0,
2017-05-06,623,Ottawa,3700019521,10,10,32.9,3.29,3.29,0,0,
2017-05-13,623,Ottawa,3700019521,5,4,12.5,2.5,3.29,1,1,
2017-05-20,623,Ottawa,3700019521,13,9,32.5,2.5,3.29,0,0,
2017-05-27,623,Ottawa,3700019521,7,5,17.5,2.5,3.29,0,0,
2017-06-03,623,Ottawa,3700019521,3,3,7.5,2.5,3.29,0,0,
2017-06-10,623,Ottawa,3700019521,3,3,10.47,3.49,3.49,0,0,
2017-06-17,623,Ottawa,3700019521,5,4,17.45,3.49,3.49,0,0,
2017-06-24,623,Ottawa,3700019521,3,3,9.48,3.16,3.16,0,0,
2017-07-01,623,Ottawa,3700019521,9,7,22.5,2.5,3.16,1,1,
2017-07-08,623,Ottawa,3700019521,9,8,22.5,2.5,3.16,1,0,
2017-07-15,623,Ottawa,3700019521,5,5,12.5,2.5,3.16,0,0,
2017-07-22,623,Ottawa,3700019521,1,1,3.49,3.49,3.49,0,0,
2017-07-29,623,Ottawa,3700019521,3,2,10.47,3.49,3.49,0,0,
2017-08-05,623,Ottawa,3700019521,1,1,3.49,3.49,3.49,0,0,
2017-08-12,623,Ottawa,3700019521,1,1,3.49,3.49,3.49,0,0,
2017-08-19,623,Ottawa,3700019521,4,4,13.96,3.49,3.49,0,0,
2017-08-26,623,Ottawa,3700019521,10,7,25,2.5,3.49,1,0,
2017-09-02,623,Ottawa,3700019521,3,3,7.5,2.5,3.49,0,0,
2017-09-09,623,Ottawa,3700019521,7,5,17.5,2.5,3.49,0,0,
2017-09-16,623,Ottawa,3700019521,9,9,22.5,2.5,3.49,0,0,
2017-09-30,623,Ottawa,3700019521,3,3,8.49,2.83,3.49,0,0,
2017-10-07,623,Ottawa,3700019521,7,6,17.5,2.5,3.49,1,0,
2017-10-14,623,Ottawa,3700019521,8,7,20.96,2.62,3.49,1,0,
2017-10-21,623,Ottawa,3700019521,5,5,10,2,3.49,0,0,
2017-10-28,623,Ottawa,3700019521,4,3,10,2.5,3.49,0,0,
2017-11-04,623,Ottawa,3700019521,4,4,13.96,3.49,3.49,0,0,
2017-11-11,623,Ottawa,3700019521,3,3,10.47,3.49,3.49,0,0,
2017-11-18,623,Ottawa,3700019521,2,2,6.98,3.49,3.49,0,0,
2017-11-25,623,Ottawa,3700019521,1,1,3.49,3.49,3.49,0,0,
2017-12-09,623,Ottawa,3700019521,2,2,6.98,3.49,3.49,0,0,
2017-12-16,623,Ottawa,3700019521,1,1,3.49,3.49,3.49,0,0,
2017-12-23,623,Ottawa,3700019521,2,2,6.98,3.49,3.49,0,0,
2017-12-30,623,Ottawa,3700019521,1,1,3.49,3.49,3.49,0,0,
2018-01-06,623,Ottawa,3700019521,4,3,10,2.5,3.49,1,1,
2018-01-13,623,Ottawa,3700019521,9,8,22.5,2.5,3.49,1,0,
2018-01-20,623,Ottawa,3700019521,6,5,15,2.5,3.49,0,1,
2017-01-14,623,Ottawa,3700031613,5,5,19.95,3.99,6.59,0,0,
2017-01-21,623,Ottawa,3700031613,3,3,11.97,3.99,6.59,0,0,
2017-01-28,623,Ottawa,3700031613,7,7,28.21,4.03,6.59,0,1,
2017-02-04,623,Ottawa,3700031613,2,2,8.58,4.29,6.59,0,1,
2017-02-11,623,Ottawa,3700031613,5,5,21.45,4.29,6.59,0,1,
2017-02-18,623,Ottawa,3700031613,7,7,30.03,4.29,6.59,0,1,
2017-02-25,623,Ottawa,3700031613,1,1,4.29,4.29,6.59,0,1,
2017-03-04,623,Ottawa,3700031613,19,17,66.5,3.5,6.59,1,1,
2017-03-11,623,Ottawa,3700031613,6,5,21,3.5,6.59,0,1,
2017-03-18,623,Ottawa,3700031613,4,4,14,3.5,6.59,0,1,
2017-03-25,623,Ottawa,3700031613,6,6,21,3.5,6.59,0,1,
2017-04-01,623,Ottawa,3700031613,3,3,12.87,4.29,6.59,0,1,
2017-04-08,623,Ottawa,3700031613,3,3,12.87,4.29,6.59,0,1,
2017-04-15,623,Ottawa,3700031613,4,4,17.16,4.29,6.59,0,1,
2017-04-22,623,Ottawa,3700031613,4,4,17.16,4.29,6.59,0,1,
2017-04-29,623,Ottawa,3700031613,2,2,8.58,4.29,6.59,0,1,
2017-05-06,623,Ottawa,3700031613,5,5,21.45,4.29,6.59,0,0,
2017-05-13,623,Ottawa,3700031613,2,2,8.58,4.29,4.29,0,0,
2017-05-20,623,Ottawa,3700031613,5,5,21.45,4.29,4.29,0,0,
2017-05-27,623,Ottawa,3700031613,3,3,12.87,4.29,4.29,0,0,
2017-06-03,623,Ottawa,3700031613,4,4,17.16,4.29,4.29,0,0,
2017-06-10,623,Ottawa,3700031613,7,7,23.73,3.39,4.29,1,1,
2017-06-17,623,Ottawa,3700031613,8,8,27.12,3.39,4.29,1,1,
2017-06-24,623,Ottawa,3700031613,13,13,45.89,3.53,4.29,1,1,
2017-07-01,623,Ottawa,3700031613,4,4,17.16,4.29,4.29,0,1,
2017-07-08,623,Ottawa,3700031613,1,1,4.29,4.29,4.29,0,0,
2017-07-15,623,Ottawa,3700031613,2,2,8.58,4.29,4.29,0,0,
2017-07-22,623,Ottawa,3700031613,1,1,4.29,4.29,4.29,0,0,
2017-07-29,623,Ottawa,3700031613,2,2,8.58,4.29,4.29,0,0,
2017-08-05,623,Ottawa,3700031613,6,6,25.74,4.29,4.29,0,0,
2017-08-12,623,Ottawa,3700031613,8,8,34.32,4.29,4.29,0,0,
2017-08-19,623,Ottawa,3700031613,7,7,30.03,4.29,4.29,0,0,
2017-08-26,623,Ottawa,3700031613,4,4,17.16,4.29,4.29,0,0,
2017-09-02,623,Ottawa,3700031613,2,2,7.76,3.88,3.88,0,0,
2017-09-09,623,Ottawa,3700031613,7,7,24.29,3.47,3.88,1,0,
2017-09-16,623,Ottawa,3700031613,5,5,17.35,3.47,3.88,1,0,
2017-09-23,623,Ottawa,3700031613,7,7,24.29,3.47,3.88,0,0,
2017-09-30,623,Ottawa,3700031613,4,4,13.88,3.47,3.88,0,0,
2017-10-07,623,Ottawa,3700031613,1,1,4.29,4.29,4.29,0,0,
2017-10-14,623,Ottawa,3700031613,1,1,4.29,4.29,4.29,0,0,
2017-10-21,623,Ottawa,3700031613,1,1,4.29,4.29,4.29,0,0,
2017-10-28,623,Ottawa,3700031613,3,3,12.96,4.32,4.32,0,0,
2017-11-04,623,Ottawa,3700031613,5,5,21.95,4.39,4.39,0,0,
2017-11-11,623,Ottawa,3700031613,3,3,13.17,4.39,4.39,0,0,
2017-11-18,623,Ottawa,3700031613,2,2,8.78,4.39,4.39,0,0,
2017-11-25,623,Ottawa,3700031613,1,1,4.39,4.39,4.39,0,0,
2017-12-09,623,Ottawa,3700031613,3,3,13.17,4.39,4.39,0,0,
2017-12-16,623,Ottawa,3700031613,4,4,17.56,4.39,4.39,0,0,
2017-12-30,623,Ottawa,3700031613,2,2,8.78,4.39,4.39,0,0,
2018-01-06,623,Ottawa,3700031613,2,2,8.78,4.39,4.39,0,0,
2018-01-13,623,Ottawa,3700031613,1,1,4.39,4.39,4.39,0,0,
2018-01-20,623,Ottawa,3700031613,2,2,8.78,4.39,4.39,0,0,
2017-01-14,623,Ottawa,3700044982,11,11,49.5,4.5,4.5,0,1,
2017-01-21,623,Ottawa,3700044982,7,4,31.5,4.5,4.5,0,0,
2017-01-28,623,Ottawa,3700044982,7,5,31.5,4.5,4.5,0,1,
2017-02-04,623,Ottawa,3700044982,5,4,22.5,4.5,4.5,0,1,
2017-02-11,623,Ottawa,3700044982,10,9,46.2,4.62,4.5,0,1,
2017-02-18,623,Ottawa,3700044982,1,3,4.5,4.5,4.5,0,1,
2017-02-25,623,Ottawa,3700044982,4,4,18,4.5,4.5,0,1,
2017-03-04,623,Ottawa,3700044982,4,6,22.76,5.69,4.5,0,1,
2017-03-11,623,Ottawa,3700044982,3,3,17.07,5.69,5.69,0,0,
2017-03-18,623,Ottawa,3700044982,6,6,34.14,5.69,5.69,0,0,
2017-03-25,623,Ottawa,3700044982,3,3,15.66,5.22,5.22,0,0,
2017-04-01,623,Ottawa,3700044982,7,7,34.93,4.99,5.22,1,1,
2017-04-08,623,Ottawa,3700044982,7,7,34.93,4.99,5.22,0,1,
2017-04-15,623,Ottawa,3700044982,4,4,19.96,4.99,5.22,0,1,
2017-04-22,623,Ottawa,3700044982,3,3,14.97,4.99,4.99,0,0,
2017-04-29,623,Ottawa,3700044982,5,5,28.45,5.69,5.69,0,0,
2017-05-06,623,Ottawa,3700044982,3,3,15.66,5.22,5.22,0,0,
2017-05-13,623,Ottawa,3700044982,8,8,39.92,4.99,5.22,1,0,
2017-05-20,623,Ottawa,3700044982,8,7,39.92,4.99,4.99,0,0,
2017-05-27,623,Ottawa,3700044982,5,5,24.95,4.99,4.99,0,0,
2017-06-03,623,Ottawa,3700044982,2,2,9.98,4.99,4.99,0,0,
2017-06-10,623,Ottawa,3700044982,4,4,22.76,5.69,5.69,0,0,
2017-06-17,623,Ottawa,3700044982,1,1,5.69,5.69,5.69,0,0,
2017-06-24,623,Ottawa,3700044982,2,2,10.68,5.34,5.34,0,0,
2017-07-01,623,Ottawa,3700044982,6,6,29.94,4.99,5.34,1,1,
2017-07-08,623,Ottawa,3700044982,7,7,34.93,4.99,5.34,0,1,
2017-07-15,623,Ottawa,3700044982,8,8,39.92,4.99,5.34,0,1,
2017-07-22,623,Ottawa,3700044982,5,5,25.65,5.13,5.34,0,1,
2017-07-29,623,Ottawa,3700044982,2,2,10.98,5.49,5.49,0,0,
2017-08-05,623,Ottawa,3700044982,6,6,32.94,5.49,5.49,0,0,
2017-08-12,623,Ottawa,3700044982,2,2,10.98,5.49,5.49,0,0,
2017-08-19,623,Ottawa,3700044982,12,12,65.88,5.49,5.49,0,0,
2017-08-26,623,Ottawa,3700044982,7,7,31.29,4.47,5.49,1,0,
2017-09-02,623,Ottawa,3700044982,5,5,28.45,5.69,5.69,0,0,
2017-09-09,623,Ottawa,3700044982,2,2,11.38,5.69,5.69,0,0,
2017-09-16,623,Ottawa,3700044982,3,2,17.07,5.69,5.69,0,0,
2017-09-23,623,Ottawa,3700044982,2,2,11.38,5.69,5.69,0,0,
2017-09-30,623,Ottawa,3700044982,5,5,28.45,5.69,5.69,0,0,
2017-10-07,623,Ottawa,3700044982,6,6,29.94,4.99,5.69,1,0,
2017-10-14,623,Ottawa,3700044982,2,2,9.98,4.99,5.69,0,0,
2017-10-21,623,Ottawa,3700044982,1,1,4.99,4.99,5.69,0,0,
2017-10-28,623,Ottawa,3700044982,4,4,20.68,5.17,5.17,0,0,
2017-11-04,623,Ottawa,3700044982,5,5,27.25,5.45,5.45,0,0,
2017-11-11,623,Ottawa,3700044982,8,8,36.96,4.62,5.45,1,0,
2017-11-18,623,Ottawa,3700044982,4,4,17.88,4.47,5.45,0,0,
2017-11-25,623,Ottawa,3700044982,5,5,22.35,4.47,5.45,0,0,
2017-12-02,623,Ottawa,3700044982,2,2,8.94,4.47,5.45,0,0,
2017-12-09,623,Ottawa,3700044982,2,2,11.38,5.69,5.69,0,0,
2017-12-16,623,Ottawa,3700044982,1,1,5.69,5.69,5.69,0,0,
2017-12-23,623,Ottawa,3700044982,1,1,5.69,5.69,5.69,0,0,
2018-01-06,623,Ottawa,3700044982,4,4,18,4.5,5.69,1,1,
2018-01-13,623,Ottawa,3700044982,2,2,9,4.5,5.69,0,1,
2018-01-20,623,Ottawa,3700044982,8,7,36,4.5,5.69,0,1,
2017-01-14,623,Ottawa,7192100336,11,8,65.89,5.99,6.29,1,0,
2017-01-21,623,Ottawa,7192100336,17,13,101.83,5.99,6.29,1,0,
2017-01-28,623,Ottawa,7192100336,12,12,75.48,6.29,6.29,0,0,
2017-02-04,623,Ottawa,7192100336,14,12,88.06,6.29,6.29,0,0,
2017-02-11,623,Ottawa,7192100336,8,8,51.04,6.38,6.38,0,0,
2017-02-18,623,Ottawa,7192100336,11,11,70.29,6.39,6.39,0,0,
2017-02-25,623,Ottawa,7192100336,12,12,76.68,6.39,6.39,0,0,
2017-03-04,623,Ottawa,7192100336,7,7,44.17,6.31,6.31,0,0,
2017-03-11,623,Ottawa,7192100336,13,13,77.87,5.99,5.99,0,0,
2017-03-18,623,Ottawa,7192100336,15,13,90.3,6.02,6.02,0,0,
2017-03-25,623,Ottawa,7192100336,5,5,29.95,5.99,5.99,0,0,
2017-04-01,623,Ottawa,7192100336,26,25,144.82,5.57,5.99,1,1,
2017-04-08,623,Ottawa,7192100336,17,16,94.35,5.55,5.99,1,0,
2017-04-15,623,Ottawa,7192100336,11,11,71.39,6.49,6.49,0,0,
2017-04-22,623,Ottawa,7192100336,16,15,105.44,6.59,6.59,0,0,
2017-04-29,623,Ottawa,7192100336,13,13,85.67,6.59,6.59,0,0,
2017-05-06,623,Ottawa,7192100336,10,10,65.9,6.59,6.59,0,0,
2017-05-13,623,Ottawa,7192100336,7,6,46.13,6.59,6.59,0,0,
2017-05-20,623,Ottawa,7192100336,13,13,85.67,6.59,6.59,0,0,
2017-05-27,623,Ottawa,7192100336,18,17,89.82,4.99,6.59,1,1,
2017-06-03,623,Ottawa,7192100336,23,22,114.77,4.99,6.59,1,0,
2017-06-10,623,Ottawa,7192100336,10,10,65.9,6.59,6.59,0,0,
2017-06-17,623,Ottawa,7192100336,14,12,92.26,6.59,6.59,0,0,
2017-06-24,623,Ottawa,7192100336,10,9,65.9,6.59,6.59,0,0,
2017-07-01,623,Ottawa,7192100336,16,16,105.44,6.59,6.59,0,0,
2017-07-08,623,Ottawa,7192100336,18,15,89.82,4.99,6.59,1,0,
2017-07-15,623,Ottawa,7192100336,18,16,91.44,5.08,6.59,1,0,
2017-07-22,623,Ottawa,7192100336,15,15,98.85,6.59,6.59,0,0,
2017-07-29,623,Ottawa,7192100336,16,14,105.44,6.59,6.59,0,0,
2017-08-05,623,Ottawa,7192100336,13,12,85.67,6.59,6.59,0,0,
2017-08-12,623,Ottawa,7192100336,6,6,39.54,6.59,6.59,0,0,
2017-08-19,623,Ottawa,7192100336,8,8,52.72,6.59,6.59,0,0,
2017-08-26,623,Ottawa,7192100336,11,11,72.49,6.59,6.59,0,0,
2017-09-02,623,Ottawa,7192100336,10,10,65.9,6.59,6.59,0,0,
2017-09-09,623,Ottawa,7192100336,12,12,79.08,6.59,6.59,0,0,
2017-09-16,623,Ottawa,7192100336,11,11,72.49,6.59,6.59,0,0,
2017-09-23,623,Ottawa,7192100336,37,34,165.39,4.47,6.59,1,0,
2017-09-30,623,Ottawa,7192100336,29,27,129.63,4.47,6.59,1,0,
2017-10-07,623,Ottawa,7192100336,24,22,109.44,4.56,6.59,0,0,
2017-10-14,623,Ottawa,7192100336,28,26,125.16,4.47,6.59,0,0,
2017-10-21,623,Ottawa,7192100336,11,11,70.4,6.4,6.4,0,0,
2017-10-28,623,Ottawa,7192100336,12,11,79.08,6.59,6.59,0,0,
2017-11-04,623,Ottawa,7192100336,11,11,72.49,6.59,6.59,0,0,
2017-11-11,623,Ottawa,7192100336,6,6,39.54,6.59,6.59,0,0,
2017-11-18,623,Ottawa,7192100336,20,19,109.8,5.49,6.59,1,1,
2017-11-25,623,Ottawa,7192100336,13,13,73.58,5.66,6.59,1,0,
2017-12-02,623,Ottawa,7192100336,19,17,105.45,5.55,6.59,1,0,
2017-12-09,623,Ottawa,7192100336,20,18,130.8,6.54,6.54,0,0,
2017-12-16,623,Ottawa,7192100336,14,14,92.26,6.59,6.59,0,0,
2017-12-23,623,Ottawa,7192100336,14,14,92.26,6.59,6.59,0,0,
2017-12-30,623,Ottawa,7192100336,7,7,46.13,6.59,6.59,0,0,
2018-01-06,623,Ottawa,7192100336,18,17,118.62,6.59,6.59,0,0,
2018-01-13,623,Ottawa,7192100336,17,16,112.03,6.59,6.59,0,0,
2018-01-20,623,Ottawa,7192100336,12,12,79.08,6.59,6.59,0,0,
2017-01-14,623,Ottawa,7192100339,6,5,35.94,5.99,6.29,1,0,
2017-01-21,623,Ottawa,7192100339,9,9,54.27,6.03,6.29,1,0,
2017-01-28,623,Ottawa,7192100339,15,14,94.35,6.29,6.29,0,0,
2017-02-04,623,Ottawa,7192100339,9,9,56.61,6.29,6.29,0,0,
2017-02-11,623,Ottawa,7192100339,20,19,127.6,6.38,6.38,0,0,
2017-02-18,623,Ottawa,7192100339,11,10,70.29,6.39,6.39,0,0,
2017-02-25,623,Ottawa,7192100339,14,14,89.46,6.39,6.39,0,0,
2017-03-04,623,Ottawa,7192100339,11,10,68.97,6.27,6.27,0,0,
2017-03-11,623,Ottawa,7192100339,7,7,42.7,6.1,6.1,0,0,
2017-03-18,623,Ottawa,7192100339,20,16,120.2,6.01,6.01,0,0,
2017-03-25,623,Ottawa,7192100339,27,26,162.54,6.02,6.02,0,0,
2017-04-01,623,Ottawa,7192100339,21,18,115.29,5.49,6.02,1,1,
2017-04-08,623,Ottawa,7192100339,20,18,112,5.6,6.02,1,1,
2017-04-15,623,Ottawa,7192100339,13,11,85.67,6.59,6.59,0,0,
2017-04-22,623,Ottawa,7192100339,12,12,79.08,6.59,6.59,0,0,
2017-04-29,623,Ottawa,7192100339,20,15,131.8,6.59,6.59,0,0,
2017-05-06,623,Ottawa,7192100339,11,10,72.49,6.59,6.59,0,0,
2017-05-13,623,Ottawa,7192100339,12,12,79.08,6.59,6.59,0,0,
2017-05-20,623,Ottawa,7192100339,11,10,72.49,6.59,6.59,0,0,
2017-05-27,623,Ottawa,7192100339,19,17,94.81,4.99,6.59,1,0,
2017-06-03,623,Ottawa,7192100339,19,18,94.81,4.99,6.59,1,0,
2017-06-10,623,Ottawa,7192100339,13,13,85.67,6.59,6.59,0,0,
2017-06-17,623,Ottawa,7192100339,12,10,79.08,6.59,6.59,0,0,
2017-06-24,623,Ottawa,7192100339,12,12,79.08,6.59,6.59,0,0,
2017-07-01,623,Ottawa,7192100339,11,11,72.49,6.59,6.59,0,0,
2017-07-08,623,Ottawa,7192100339,24,23,119.76,4.99,6.59,1,1,
2017-07-15,623,Ottawa,7192100339,30,28,151.2,5.04,6.59,1,1,
2017-07-22,623,Ottawa,7192100339,23,21,151.57,6.59,6.59,0,0,
2017-07-29,623,Ottawa,7192100339,21,19,138.39,6.59,6.59,0,0,
2017-08-05,623,Ottawa,7192100339,15,15,98.85,6.59,6.59,0,0,
2017-08-12,623,Ottawa,7192100339,14,14,92.26,6.59,6.59,0,0,
2017-08-19,623,Ottawa,7192100339,12,11,79.08,6.59,6.59,0,0,
2017-08-26,623,Ottawa,7192100339,13,11,85.67,6.59,6.59,0,0,
2017-09-02,623,Ottawa,7192100339,5,5,32.95,6.59,6.59,0,0,
2017-09-09,623,Ottawa,7192100339,20,20,131.8,6.59,6.59,0,0,
2017-09-16,623,Ottawa,7192100339,18,18,118.62,6.59,6.59,0,0,
2017-09-23,623,Ottawa,7192100339,57,47,257.07,4.51,6.59,1,1,
2017-09-30,623,Ottawa,7192100339,57,50,254.79,4.47,6.59,1,1,
2017-10-07,623,Ottawa,7192100339,32,31,147.2,4.6,6.59,0,1,
2017-10-14,623,Ottawa,7192100339,38,35,169.86,4.47,6.59,0,1,
2017-10-21,623,Ottawa,7192100339,27,25,175.77,6.51,6.59,0,1,
2017-10-28,623,Ottawa,7192100339,16,15,105.44,6.59,6.59,0,1,
2017-11-04,623,Ottawa,7192100339,18,16,118.62,6.59,6.59,0,0,
2017-11-11,623,Ottawa,7192100339,16,13,105.44,6.59,6.59,0,0,
2017-11-18,623,Ottawa,7192100339,21,20,115.29,5.49,6.59,1,0,
2017-11-25,623,Ottawa,7192100339,23,20,126.27,5.49,6.59,1,0,
2017-12-02,623,Ottawa,7192100339,22,19,120.78,5.49,6.59,1,0,
2017-12-09,623,Ottawa,7192100339,19,19,124.07,6.53,6.53,0,0,
2017-12-16,623,Ottawa,7192100339,12,11,79.08,6.59,6.59,0,0,
2017-12-23,623,Ottawa,7192100339,17,17,112.03,6.59,6.59,0,0,
2017-12-30,623,Ottawa,7192100339,13,12,85.67,6.59,6.59,0,0,
2018-01-06,623,Ottawa,7192100339,23,20,151.57,6.59,6.59,0,0,
2018-01-13,623,Ottawa,7192100339,17,14,112.03,6.59,6.59,0,0,
2018-01-20,623,Ottawa,7192100339,22,22,144.98,6.59,6.59,0,0,
