EN/S05_Descriptive_Analytics/Demo - retail_sales_data.csv
WEEK_END_DATE,STORE_NUM,STORE_CITY,UPC,UNITS,VISITS,SPEND,PRICE,BASE_PRICE,FEATURE,DISPLAY,
2017-01-14,623,Ottawa,7218063052,3,3,20.37,6.79,6.79,0,0,
2017-01-21,623,Ottawa,7218063052,3,3,20.37,6.79,6.79,0,0,
2017-01-28,623,Ottawa,7218063052,6,6,40.74,6.79,6.79,0,0,
2017-02-04,623,Ottawa,7218063052,6,6,40.74,6.79,6.79,0,0,
2017-02-11,623,Ottawa,7218063052,19,15,98.99,5.21,6.79,1,0,
2017-02-18,623,Ottawa,7218063052,7,7,34.93,4.99,6.79,0,1,
2017-02-25,623,Ottawa,7218063052,6,5,40.74,6.79,6.79,0,0,
2017-03-04,623,Ottawa,7218063052,1,1,6.79,6.79,6.79,0,0,
2017-03-11,623,Ottawa,7218063052,20,18,89.8,4.49,6.79,1,1,
2017-03-18,623,Ottawa,7218063052,22,18,98.78,4.49,6.79,1,1,
2017-03-25,623,Ottawa,7218063052,29,23,130.21,4.49,6.79,1,0,
2017-04-01,623,Ottawa,7218063052,5,4,33.95,6.79,6.79,0,0,
2017-04-08,623,Ottawa,7218063052,3,3,20.37,6.79,6.79,0,0,
2017-04-15,623,Ottawa,7218063052,7,7,47.53,6.79,6.79,0,0,
2017-04-22,623,Ottawa,7218063052,3,2,20.37,6.79,6.79,0,0,
2017-04-29,623,Ottawa,7218063052,4,4,27.16,6.79,6.79,0,0,
2017-05-06,623,Ottawa,7218063052,3,3,20.37,6.79,6.79,0,0,
2017-05-13,623,Ottawa,7218063052,6,5,40.74,6.79,6.79,0,0,
2017-05-20,623,Ottawa,7218063052,3,3,20.37,6.79,6.79,0,0,
2017-05-27,623,Ottawa,7218063052,3,3,20.37,6.79,6.79,0,0,
2017-06-03,623,Ottawa,7218063052,7,7,47.53,6.79,6.79,0,0,
2017-06-10,623,Ottawa,7218063052,5,5,33.95,6.79,6.79,0,0,
2017-06-17,623,Ottawa,7218063052,11,10,74.69,6.79,6.79,0,0,
2017-06-24,623,Ottawa,7218063052,6,6,40.08,6.68,6.68,0,0,
2017-07-01,623,Ottawa,7218063052,11,10,60.39,5.49,6.68,0,0,
2017-07-08,623,Ottawa,7218063052,8,7,43.92,5.49,6.68,0,0,
2017-07-15,623,Ottawa,7218063052,2,2,10.98,5.49,6.68,0,0,
2017-07-22,623,Ottawa,7218063052,9,8,57.24,6.36,6.36,0,0,
2017-07-29,623,Ottawa,7218063052,2,2,13.58,6.79,6.79,0,0,
2017-08-05,623,Ottawa,7218063052,7,7,48.02,6.86,6.86,0,0,
2017-08-12,623,Ottawa,7218063052,13,12,88.27,6.79,6.79,0,0,
2017-08-19,623,Ottawa,7218063052,5,5,36.45,7.29,7.29,0,0,
2017-08-26,623,Ottawa,7218063052,8,8,39.92,4.99,7.29,1,1,
2017-09-02,623,Ottawa,7218063052,13,12,64.87,4.99,7.29,0,1,
2017-09-09,623,Ottawa,7218063052,5,5,32.45,6.49,7.29,0,0,
2017-09-16,623,Ottawa,7218063052,8,8,51.92,6.49,7.29,0,1,
2017-09-23,623,Ottawa,7218063052,5,4,32.45,6.49,7.29,0,0,
2017-09-30,623,Ottawa,7218063052,2,2,12.98,6.49,7.29,0,0,
2017-10-07,623,Ottawa,7218063052,4,4,25.96,6.49,7.29,0,0,
2017-10-14,623,Ottawa,7218063052,7,7,34.93,4.99,7.29,1,0,
2017-10-21,623,Ottawa,7218063052,8,8,39.92,4.99,7.29,0,0,
2017-10-28,623,Ottawa,7218063052,7,7,45.43,6.49,7.29,0,0,
2017-11-04,623,Ottawa,7218063052,8,7,51.92,6.49,6.49,0,0,
2017-11-11,623,Ottawa,7218063052,8,8,52.72,6.59,6.59,0,0,
2017-11-18,623,Ottawa,7218063052,4,4,25.96,6.49,6.49,0,0,
2017-11-25,623,Ottawa,7218063052,5,4,32.45,6.49,6.49,0,0,
2017-12-02,623,Ottawa,7218063052,5,5,32.45,6.49,6.49,0,0,
2017-12-09,623,Ottawa,7218063052,4,3,26.76,6.69,6.69,0,0,
2017-12-16,623,Ottawa,7218063052,4,4,25.96,6.49,6.49,0,0,
2017-12-23,623,Ottawa,7218063052,2,2,12.98,6.49,6.49,0,0,
2017-12-30,623,Ottawa,7218063052,3,3,19.47,6.49,6.49,0,0,
2018-01-06,623,Ottawa,7218063052,20,18,79.8,3.99,6.49,1,0,
2018-01-13,623,Ottawa,7218063052,32,28,130.88,4.09,6.49,1,1,
2018-01-20,623,Ottawa,7218063052,6,5,38.94,6.49,6.49,0,1,
2017-01-14,623,Ottawa,7218063979,2,2,13.58,6.79,6.79,0,0,
2017-01-21,623,Ottawa,7218063979,5,5,33.95,6.79,6.79,0,0,
2017-01-28,623,Ottawa,7218063979,7,7,48.02,6.86,6.86,0,0,
2017-02-04,623,Ottawa,7218063979,12,10,81.48,6.79,6.79,0,0,
2017-02-11,623,Ottawa,7218063979,16,13,79.84,4.99,6.79,1,1,
2017-02-18,623,Ottawa,7218063979,9,8,44.91,4.99,6.79,0,0,
2017-02-25,623,Ottawa,7218063979,6,6,40.74,6.79,6.79,0,0,
2017-03-04,623,Ottawa,7218063979,10,10,68.3,6.83,6.83,0,0,
2017-03-11,623,Ottawa,7218063979,41,35,184.09,4.49,6.83,1,1,
2017-03-18,623,Ottawa,7218063979,29,28,130.21,4.49,6.83,1,1,
2017-03-25,623,Ottawa,7218063979,31,29,139.19,4.49,6.83,1,1,
2017-04-01,623,Ottawa,7218063979,4,4,22.56,5.64,6.83,0,0,
2017-04-08,623,Ottawa,7218063979,5,5,34.45,6.89,6.89,0,0,
2017-04-22,623,Ottawa,7218063979,4,3,27.16,6.79,6.79,0,0,
2017-04-29,623,Ottawa,7218063979,2,2,13.58,6.79,6.79,0,0,
2017-05-06,623,Ottawa,7218063979,4,4,27.16,6.79,6.79,0,0,
2017-05-13,623,Ottawa,7218063979,2,2,13.58,6.79,6.79,0,0,
2017-05-20,623,Ottawa,7218063979,2,2,13.58,6.79,6.79,0,0,
2017-05-27,623,Ottawa,7218063979,2,2,14.08,7.04,7.04,0,0,
2017-06-03,623,Ottawa,7218063979,2,2,13.58,6.79,6.79,0,0,
2017-06-10,623,Ottawa,7218063979,5,5,33.95,6.79,6.79,0,0,
2017-06-17,623,Ottawa,7218063979,3,3,20.37,6.79,6.79,0,0,
2017-06-24,623,Ottawa,7218063979,3,3,19.08,6.36,6.36,0,0,
2017-07-01,623,Ottawa,7218063979,9,7,49.41,5.49,6.36,0,0,
2017-07-08,623,Ottawa,7218063979,3,3,16.47,5.49,6.36,0,0,
2017-07-15,623,Ottawa,7218063979,1,1,5.49,5.49,6.36,0,0,
2017-07-22,623,Ottawa,7218063979,7,6,43.61,6.23,6.23,0,0,
2017-08-19,623,Ottawa,7218063979,5,5,36.45,7.29,7.29,0,0,
2017-08-26,623,Ottawa,7218063979,9,8,44.91,4.99,7.29,1,0,
2017-09-02,623,Ottawa,7218063979,15,12,74.85,4.99,7.29,0,0,
2017-09-09,623,Ottawa,7218063979,4,4,25.96,6.49,7.29,0,0,
2017-09-16,623,Ottawa,7218063979,2,2,12.98,6.49,7.29,0,0,
2017-09-23,623,Ottawa,7218063979,2,1,12.98,6.49,7.29,0,0,
2017-09-30,623,Ottawa,7218063979,5,5,32.45,6.49,7.29,0,0,
2017-10-07,623,Ottawa,7218063979,1,1,6.49,6.49,7.29,0,0,
2017-10-14,623,Ottawa,7218063979,10,9,52,5.2,7.29,1,0,
2017-10-21,623,Ottawa,7218063979,9,9,44.91,4.99,4.99,0,0,
2017-10-28,623,Ottawa,7218063979,7,6,43.96,6.28,6.28,0,0,
2017-11-04,623,Ottawa,7218063979,6,5,40.56,6.76,6.76,0,0,
2017-11-11,623,Ottawa,7218063979,4,4,25.96,6.49,6.49,0,0,
2017-11-18,623,Ottawa,7218063979,6,5,38.94,6.49,6.49,0,0,
2017-11-25,623,Ottawa,7218063979,4,2,25.96,6.49,6.49,0,0,
2017-12-02,623,Ottawa,7218063979,2,2,12.98,6.49,6.49,0,0,
2017-12-09,623,Ottawa,7218063979,3,3,19.47,6.49,6.49,0,0,
2017-12-16,623,Ottawa,7218063979,1,1,6.49,6.49,6.49,0,0,
2017-12-23,623,Ottawa,7218063979,6,6,38.94,6.49,6.49,0,0,
2017-12-30,623,Ottawa,7218063979,3,3,19.47,6.49,6.49,0,0,
2018-01-06,623,Ottawa,7218063979,28,22,111.72,3.99,6.49,1,1,
2018-01-13,623,Ottawa,7218063979,15,14,59.85,3.99,6.49,1,1,
2018-01-20,623,Ottawa,7218063979,8,7,51.92,6.49,6.49,0,1,
2017-01-14,623,Ottawa,7218063983,4,4,27.16,6.79,6.79,0,0,
2017-01-21,623,Ottawa,7218063983,4,4,27.16,6.79,6.79,0,0,
2017-01-28,623,Ottawa,7218063983,4,3,27.16,6.79,6.79,0,0,
2017-02-04,623,Ottawa,7218063983,9,9,61.11,6.79,6.79,0,0,
2017-02-11,623,Ottawa,7218063983,7,7,34.93,4.99,6.79,1,1,
2017-02-18,623,Ottawa,7218063983,5,4,24.95,4.99,6.79,0,0,
2017-02-25,623,Ottawa,7218063983,4,4,27.16,6.79,6.79,0,0,
2017-03-04,623,Ottawa,7218063983,3,3,20.37,6.79,6.79,0,0,
2017-03-11,623,Ottawa,7218063983,26,23,116.74,4.49,6.79,1,1,
2017-03-18,623,Ottawa,7218063983,19,17,85.31,4.49,6.79,1,1,
2017-03-25,623,Ottawa,7218063983,14,13,62.86,4.49,6.79,1,1,
2017-04-01,623,Ottawa,7218063983,2,2,13.58,6.79,6.79,0,0,
2017-04-08,623,Ottawa,7218063983,1,1,6.79,6.79,6.79,0,0,
2017-04-15,623,Ottawa,7218063983,5,3,33.95,6.79,6.79,0,0,
2017-04-22,623,Ottawa,7218063983,3,3,20.37,6.79,6.79,0,0,
2017-04-29,623,Ottawa,7218063983,2,2,13.58,6.79,6.79,0,0,
2017-05-06,623,Ottawa,7218063983,5,5,33.95,6.79,6.79,0,0,
2017-05-13,623,Ottawa,7218063983,1,1,6.79,6.79,6.79,0,0,
2017-05-20,623,Ottawa,7218063983,3,3,20.37,6.79,6.79,0,0,
2017-05-27,623,Ottawa,7218063983,2,2,13.58,6.79,6.79,0,0,
2017-06-10,623,Ottawa,7218063983,1,1,6.79,6.79,6.79,0,0,
2017-06-17,623,Ottawa,7218063983,1,1,6.79,6.79,6.79,0,0,
2017-06-24,623,Ottawa,7218063983,3,3,19.08,6.36,6.36,0,0,
2017-07-01,623,Ottawa,7218063983,1,1,5.49,5.49,6.36,0,0,
2017-07-08,623,Ottawa,7218063983,1,1,5.49,5.49,6.36,0,0,
2017-07-15,623,Ottawa,7218063983,1,1,5.49,5.49,6.36,0,0,
2017-07-29,623,Ottawa,7218063983,4,4,27.16,6.79,6.79,0,0,
2017-08-05,623,Ottawa,7218063983,4,4,27.16,6.79,6.79,0,0,
2017-08-12,623,Ottawa,7218063983,4,4,27.16,6.79,6.79,0,0,
2017-08-19,623,Ottawa,7218063983,4,4,29.16,7.29,7.29,0,0,
2017-08-26,623,Ottawa,7218063983,6,3,29.94,4.99,7.29,1,0,
2017-09-02,623,Ottawa,7218063983,7,6,34.93,4.99,7.29,0,1,
2017-09-16,623,Ottawa,7218063983,1,1,6.49,6.49,7.29,0,0,
2017-09-23,623,Ottawa,7218063983,3,3,19.47,6.49,7.29,0,0,
2017-10-07,623,Ottawa,7218063983,3,3,19.47,6.49,7.29,0,0,
2017-10-14,623,Ottawa,7218063983,3,3,14.97,4.99,7.29,1,0,
2017-10-21,623,Ottawa,7218063983,7,5,34.93,4.99,7.29,0,1,
2017-10-28,623,Ottawa,7218063983,3,3,19.47,6.49,7.29,0,0,
2017-11-04,623,Ottawa,7218063983,2,2,12.98,6.49,7.29,0,0,
2017-11-25,623,Ottawa,7218063983,2,2,13.78,6.89,6.89,0,0,
2017-12-02,623,Ottawa,7218063983,4,3,25.96,6.49,6.49,0,0,
2017-12-09,623,Ottawa,7218063983,2,2,12.98,6.49,6.49,0,0,
2017-12-16,623,Ottawa,7218063983,2,2,12.98,6.49,6.49,0,0,
2017-12-23,623,Ottawa,7218063983,2,2,12.98,6.49,6.49,0,0,
2017-12-30,623,Ottawa,7218063983,4,3,25.96,6.49,6.49,0,0,
2018-01-06,623,Ottawa,7218063983,19,17,75.81,3.99,6.49,1,1,
2018-01-13,623,Ottawa,7218063983,13,13,51.87,3.99,6.49,1,1,
2018-01-20,623,Ottawa,7218063983,1,1,6.49,6.49,6.49,0,0,
2017-01-14,623,Ottawa,7797502248,2,2,4.78,2.39,2.39,0,0,
2017-01-21,623,Ottawa,7797502248,2,2,4.78,2.39,2.39,0,0,
2017-01-28,623,Ottawa,7797502248,4,3,9.56,2.39,2.39,0,0,
2017-02-04,623,Ottawa,7797502248,3,3,7.17,2.39,2.39,0,0,
2017-02-11,623,Ottawa,7797502248,5,5,11.95,2.39,2.39,0,0,
2017-02-18,623,Ottawa,7797502248,6,6,14.34,2.39,2.39,0,0,
2017-02-25,623,Ottawa,7797502248,4,4,9.56,2.39,2.39,0,0,
2017-03-04,623,Ottawa,7797502248,4,4,9.56,2.39,2.39,0,0,
2017-03-11,623,Ottawa,7797502248,1,1,2.39,2.39,2.39,0,0,
2017-03-18,623,Ottawa,7797502248,7,7,16.73,2.39,2.39,0,0,
2017-03-25,623,Ottawa,7797502248,3,2,7.17,2.39,2.39,0,0,
2017-04-01,623,Ottawa,7797502248,10,6,23.9,2.39,2.39,0,0,
2017-04-08,623,Ottawa,7797502248,5,5,11.55,2.31,2.31,0,0,
2017-04-15,623,Ottawa,7797502248,8,7,16,2,2.31,0,0,
2017-04-22,623,Ottawa,7797502248,11,9,22,2,2.31,0,0,
2017-04-29,623,Ottawa,7797502248,9,8,18,2,2.31,0,0,
2017-05-06,623,Ottawa,7797502248,3,3,6.78,2.26,2.26,0,0,
2017-05-13,623,Ottawa,7797502248,13,9,31.07,2.39,2.39,0,0,
2017-05-20,623,Ottawa,7797502248,5,5,11.95,2.39,2.39,0,0,
2017-05-27,623,Ottawa,7797502248,4,3,9.56,2.39,2.39,0,0,
2017-06-03,623,Ottawa,7797502248,5,3,11.95,2.39,2.39,0,0,
2017-06-10,623,Ottawa,7797502248,2,2,4.78,2.39,2.39,0,0,
2017-06-17,623,Ottawa,7797502248,3,2,7.17,2.39,2.39,0,0,
2017-06-24,623,Ottawa,7797502248,1,1,1.79,1.79,2.39,0,0,
2017-07-01,623,Ottawa,7797502248,10,10,17.9,1.79,2.39,0,0,
2017-07-08,623,Ottawa,7797502248,6,6,10.74,1.79,2.39,0,0,
2017-07-15,623,Ottawa,7797502248,8,8,14.32,1.79,2.39,0,0,
2017-07-22,623,Ottawa,7797502248,6,3,11.76,1.96,2.39,0,0,
2017-07-29,623,Ottawa,7797502248,4,4,9.56,2.39,2.39,0,0,
2017-08-05,623,Ottawa,7797502248,6,6,14.34,2.39,2.39,0,0,
2017-08-12,623,Ottawa,7797502248,4,4,9.56,2.39,2.39,0,0,
2017-08-19,623,Ottawa,7797502248,2,2,4.78,2.39,2.39,0,0,
2017-08-26,623,Ottawa,7797502248,7,6,16.73,2.39,2.39,0,0,
2017-09-02,623,Ottawa,7797502248,4,4,9.56,2.39,2.39,0,0,
2017-09-09,623,Ottawa,7797502248,8,8,19.12,2.39,2.39,0,0,
2017-09-16,623,Ottawa,7797502248,8,7,19.12,2.39,2.39,0,0,
2017-09-23,623,Ottawa,7797502248,5,5,11.95,2.39,2.39,0,0,
2017-09-30,623,Ottawa,7797502248,7,6,16.73,2.39,2.39,0,0,
2017-10-07,623,Ottawa,7797502248,5,5,8.95,1.79,2.39,0,0,
2017-10-14,623,Ottawa,7797502248,9,8,16.11,1.79,2.39,0,0,
2017-10-21,623,Ottawa,7797502248,6,6,10.74,1.79,2.39,0,0,
2017-10-28,623,Ottawa,7797502248,7,6,12.53,1.79,2.39,0,0,
2017-11-04,623,Ottawa,7797502248,7,6,16.73,2.39,2.39,0,0,
2017-11-11,623,Ottawa,7797502248,3,2,7.17,2.39,2.39,0,0,
2017-11-18,623,Ottawa,7797502248,4,4,8.96,2.24,2.24,0,0,
2017-11-25,623,Ottawa,7797502248,6,6,11.34,1.89,2.24,0,0,
2017-12-02,623,Ottawa,7797502248,4,2,7.16,1.79,2.24,0,0,
2017-12-09,623,Ottawa,7797502248,7,6,12.53,1.79,2.24,0,0,
2017-12-16,623,Ottawa,7797502248,20,10,35.8,1.79,2.24,0,0,
2017-12-23,623,Ottawa,7797502248,16,9,28.64,1.79,2.24,0,0,
2017-12-30,623,Ottawa,7797502248,11,7,19.69,1.79,2.24,0,0,
2018-01-06,623,Ottawa,7797502248,6,4,10.74,1.79,1.79,0,0,
2018-01-13,623,Ottawa,7797502248,6,4,12,2,2,0,0,
2018-01-20,623,Ottawa,7797502248,5,5,10,2,2,0,0,
2017-01-14,623,Ottawa,7797508006,7,7,17.5,2.5,2.89,0,0,
2017-01-21,623,Ottawa,7797508006,7,7,17.5,2.5,2.89,0,0,
2017-01-28,623,Ottawa,7797508006,9,8,22.5,2.5,2.89,0,0,
2017-02-04,623,Ottawa,7797508006,20,20,50.4,2.52,2.89,0,0,
2017-02-11,623,Ottawa,7797508006,8,8,23.12,2.89,2.89,0,0,
2017-02-18,623,Ottawa,7797508006,7,7,20.23,2.89,2.89,0,0,
2017-02-25,623,Ottawa,7797508006,11,10,31.79,2.89,2.89,0,0,
2017-03-04,623,Ottawa,7797508006,9,9,26.01,2.89,2.89,0,0,
2017-03-11,623,Ottawa,7797508006,6,6,17.34,2.89,2.89,0,0,
2017-03-18,623,Ottawa,7797508006,11,11,27.39,2.49,2.89,0,0,
2017-03-25,623,Ottawa,7797508006,13,13,32.37,2.49,2.89,0,0,
2017-04-01,623,Ottawa,7797508006,10,10,24.9,2.49,2.89,0,0,
2017-04-08,623,Ottawa,7797508006,7,7,20.23,2.89,2.89,0,0,
2017-04-15,623,Ottawa,7797508006,2,2,5.78,2.89,2.89,0,0,
2017-04-22,623,Ottawa,7797508006,7,7,20.23,2.89,2.89,0,0,
2017-04-29,623,Ottawa,7797508006,7,7,20.23,2.89,2.89,0,0,
2017-05-06,623,Ottawa,7797508006,8,8,23.12,2.89,2.89,0,1,
2017-05-13,623,Ottawa,7797508006,10,10,28.9,2.89,2.89,0,1,
2017-05-20,623,Ottawa,7797508006,5,5,14.45,2.89,2.89,0,0,
2017-05-27,623,Ottawa,7797508006,7,6,20.23,2.89,2.89,0,0,
2017-06-03,623,Ottawa,7797508006,5,5,13.3,2.66,2.66,0,0,
2017-06-10,623,Ottawa,7797508006,11,10,27.5,2.5,2.5,0,0,
2017-06-17,623,Ottawa,7797508006,8,8,20.4,2.55,2.5,0,1,
2017-06-24,623,Ottawa,7797508006,13,11,32.5,2.5,2.5,0,1,
2017-07-01,623,Ottawa,7797508006,8,8,23.44,2.93,2.5,0,1,
2017-07-08,623,Ottawa,7797508006,3,3,8.97,2.99,2.99,0,0,
2017-07-15,623,Ottawa,7797508006,10,9,29.9,2.99,2.99,0,0,
2017-07-22,623,Ottawa,7797508006,9,9,22.41,2.49,2.99,1,0,
2017-07-29,623,Ottawa,7797508006,11,11,27.39,2.49,2.99,1,0,
2017-08-05,623,Ottawa,7797508006,7,7,17.43,2.49,2.99,0,0,
2017-08-12,623,Ottawa,7797508006,11,10,32.89,2.99,2.99,0,0,
2017-08-19,623,Ottawa,7797508006,8,7,23.92,2.99,2.99,0,0,
2017-08-26,623,Ottawa,7797508006,16,15,47.84,2.99,2.99,0,0,
2017-09-02,623,Ottawa,7797508006,10,8,27.5,2.75,2.75,0,0,
2017-09-09,623,Ottawa,7797508006,14,14,35.98,2.57,2.57,0,0,
2017-09-16,623,Ottawa,7797508006,1,1,2.5,2.5,2.57,0,1,
2017-09-23,623,Ottawa,7797508006,8,6,20,2.5,2.5,0,0,
2017-09-30,623,Ottawa,7797508006,14,14,35,2.5,2.5,0,0,
2017-10-07,623,Ottawa,7797508006,5,5,14.45,2.89,2.89,0,0,
2017-10-14,623,Ottawa,7797508006,6,5,17.94,2.99,2.99,0,0,
2017-10-21,623,Ottawa,7797508006,4,4,11.96,2.99,2.99,0,0,
2017-10-28,623,Ottawa,7797508006,4,4,11.96,2.99,2.99,0,0,
2017-11-04,623,Ottawa,7797508006,22,19,54.78,2.49,2.99,1,0,
2017-11-11,623,Ottawa,7797508006,11,11,28.38,2.58,2.99,1,0,
2017-11-18,623,Ottawa,7797508006,8,7,19.92,2.49,2.99,0,0,
2017-11-25,623,Ottawa,7797508006,8,8,23.92,2.99,2.99,0,0,
2017-12-02,623,Ottawa,7797508006,4,4,11.96,2.99,2.99,0,0,
2017-12-09,623,Ottawa,7797508006,4,4,11.96,2.99,2.99,0,0,
2017-12-16,623,Ottawa,7797508006,11,11,32.89,2.99,2.99,0,0,
2017-12-23,623,Ottawa,7797508006,11,11,32.89,2.99,2.99,0,0,
2017-12-30,623,Ottawa,7797508006,14,13,41.86,2.99,2.99,0,0,
2018-01-06,623,Ottawa,7797508006,6,6,17.94,2.99,2.99,0,0,
2018-01-13,623,Ottawa,7797508006,8,8,23.92,2.99,2.99,0,0,
2018-01-20,623,Ottawa,7797508006,9,9,26.91,2.99,2.99,0,0,
