EN/S05_Descriptive_Analytics/Demo - retail_sales_data.csv
WEEK_END_DATE,STORE_NUM,STORE_CITY,UPC,UNITS,VISITS,SPEND,PRICE,BASE_PRICE,FEATURE,DISPLAY,
2017-01-14,623,Ottawa,31254742725,4,4,18.36,4.59,4.59,0,0,
2017-01-21,623,Ottawa,31254742725,6,6,27.54,4.59,4.59,0,1,
2017-01-28,623,Ottawa,31254742725,4,4,18.36,4.59,4.59,0,0,
2017-02-04,623,Ottawa,31254742725,3,3,13.77,4.59,4.59,0,0,
2017-02-11,623,Ottawa,31254742725,2,4,9.18,4.59,4.59,0,0,
2017-02-18,623,Ottawa,31254742725,6,6,27.54,4.59,4.59,0,0,
2017-02-25,623,Ottawa,31254742725,5,4,22.95,4.59,4.59,0,0,
2017-03-04,623,Ottawa,31254742725,5,4,22.95,4.59,4.59,0,0,
2017-03-11,623,Ottawa,31254742725,2,2,9.18,4.59,4.59,0,0,
2017-03-18,623,Ottawa,31254742725,2,2,9.18,4.59,4.59,0,0,
2017-03-25,623,Ottawa,31254742725,5,5,22.95,4.59,4.59,0,0,
2017-04-01,623,Ottawa,31254742725,3,3,13.77,4.59,4.59,0,0,
2017-04-08,623,Ottawa,31254742725,5,5,22.95,4.59,4.59,0,0,
2017-04-15,623,Ottawa,31254742725,2,2,9.18,4.59,4.59,0,0,
2017-04-22,623,Ottawa,31254742725,2,2,9.18,4.59,4.59,0,0,
2017-04-29,623,Ottawa,31254742725,3,3,13.77,4.59,4.59,0,0,
2017-05-06,623,Ottawa,31254742725,1,1,4.59,4.59,4.59,0,0,
2017-05-20,623,Ottawa,31254742725,2,2,9.18,4.59,4.59,0,0,
2017-05-27,623,Ottawa,31254742725,4,4,18.36,4.59,4.59,0,0,
2017-06-03,623,Ottawa,31254742725,8,8,36.72,4.59,4.59,0,0,
2017-06-10,623,Ottawa,31254742725,1,1,4.59,4.59,4.59,0,0,
2017-06-17,623,Ottawa,31254742725,3,3,13.77,4.59,4.59,0,0,
2017-06-24,623,Ottawa,31254742725,3,3,13.77,4.59,4.59,0,0,
2017-07-01,623,Ottawa,31254742725,2,2,9.18,4.59,4.59,0,0,
2017-07-15,623,Ottawa,31254742725,4,4,16.76,4.19,4.59,0,1,
2017-07-22,623,Ottawa,31254742725,15,14,46.5,3.1,4.59,1,0,
2017-07-29,623,Ottawa,31254742725,12,7,35.88,2.99,4.59,0,0,
2017-08-05,623,Ottawa,31254742725,4,4,11.96,2.99,4.59,0,0,
2017-08-12,623,Ottawa,31254742725,2,2,5.98,2.99,4.59,0,0,
2017-08-19,623,Ottawa,31254742725,3,3,13.77,4.59,4.59,0,0,
2017-08-26,623,Ottawa,31254742725,3,3,13.77,4.59,4.59,0,0,
2017-09-09,623,Ottawa,31254742725,1,1,4.59,4.59,4.59,0,0,
2017-09-16,623,Ottawa,31254742725,2,2,9.18,4.59,4.59,0,0,
2017-09-23,623,Ottawa,31254742725,2,2,9.18,4.59,4.59,0,0,
2017-09-30,623,Ottawa,31254742725,1,1,4.59,4.59,4.59,0,0,
2017-10-07,623,Ottawa,31254742725,5,5,22.95,4.59,4.59,0,0,
2017-10-14,623,Ottawa,31254742725,3,3,13.77,4.59,4.59,0,0,
2017-10-21,623,Ottawa,31254742725,3,3,13.77,4.59,4.59,0,0,
2017-11-04,623,Ottawa,31254742725,2,2,9.18,4.59,4.59,0,0,
2017-11-11,623,Ottawa,31254742725,3,5,7.38,2.46,4.59,0,0,
2017-11-18,623,Ottawa,31254742725,2,2,5.98,2.99,4.59,1,0,
2017-11-25,623,Ottawa,31254742725,9,9,26.91,2.99,4.59,0,1,
2017-12-02,623,Ottawa,31254742725,6,6,17.94,2.99,4.59,0,1,
2017-12-09,623,Ottawa,31254742725,8,8,23.92,2.99,4.59,0,0,
2017-12-16,623,Ottawa,31254742725,4,4,16.76,4.19,4.19,0,0,
2017-12-23,623,Ottawa,31254742725,3,3,13.77,4.59,4.59,0,0,
2017-12-30,623,Ottawa,31254742725,2,2,9.18,4.59,4.59,0,0,
2018-01-06,623,Ottawa,31254742725,5,5,22.95,4.59,4.59,0,0,
2018-01-13,623,Ottawa,31254742725,4,4,18.36,4.59,4.59,0,0,
2018-01-20,623,Ottawa,31254742725,2,2,9.18,4.59,4.59,0,0,
2017-01-14,623,Ottawa,31254742735,8,8,41.52,5.19,5.19,0,0,
2017-01-21,623,Ottawa,31254742735,6,6,31.14,5.19,5.19,0,0,
2017-01-28,623,Ottawa,31254742735,1,1,5.19,5.19,5.19,0,0,
2017-02-11,623,Ottawa,31254742735,14,13,70.56,5.04,5.04,0,0,
2017-02-18,623,Ottawa,31254742735,20,18,90,4.5,5.04,1,1,
2017-02-25,623,Ottawa,31254742735,10,8,45,4.5,5.04,1,1,
2017-03-04,623,Ottawa,31254742735,7,6,31.5,4.5,5.04,0,0,
2017-03-11,623,Ottawa,31254742735,3,2,13.5,4.5,5.04,0,0,
2017-03-18,623,Ottawa,31254742735,4,4,20.76,5.19,5.19,0,0,
2017-03-25,623,Ottawa,31254742735,6,6,31.14,5.19,5.19,0,0,
2017-04-01,623,Ottawa,31254742735,6,5,31.14,5.19,5.19,0,0,
2017-04-08,623,Ottawa,31254742735,2,1,10.38,5.19,5.19,0,0,
2017-04-15,623,Ottawa,31254742735,6,6,25.14,4.19,5.19,0,0,
2017-04-22,623,Ottawa,31254742735,21,17,83.79,3.99,5.19,1,0,
2017-04-29,623,Ottawa,31254742735,11,11,43.89,3.99,5.19,0,1,
2017-05-06,623,Ottawa,31254742735,12,11,47.88,3.99,5.19,0,0,
2017-05-13,623,Ottawa,31254742735,3,3,11.97,3.99,5.19,0,0,
2017-05-20,623,Ottawa,31254742735,14,13,55.86,3.99,5.19,0,0,
2017-05-27,623,Ottawa,31254742735,5,5,19.95,3.99,5.19,0,0,
2017-06-03,623,Ottawa,31254742735,2,2,9.18,4.59,5.19,0,0,
2017-06-10,623,Ottawa,31254742735,5,5,25.95,5.19,5.19,0,0,
2017-06-17,623,Ottawa,31254742735,3,3,14.07,4.69,4.69,0,0,
2017-06-24,623,Ottawa,31254742735,6,6,31.14,5.19,5.19,0,0,
2017-07-01,623,Ottawa,31254742735,4,4,20.76,5.19,5.19,0,0,
2017-07-08,623,Ottawa,31254742735,4,4,20.76,5.19,5.19,0,0,
2017-07-15,623,Ottawa,31254742735,2,2,10.38,5.19,5.19,0,0,
2017-07-22,623,Ottawa,31254742735,5,5,25.95,5.19,5.19,0,0,
2017-07-29,623,Ottawa,31254742735,4,4,20.76,5.19,5.19,0,0,
2017-08-05,623,Ottawa,31254742735,2,2,10.38,5.19,5.19,0,0,
2017-08-12,623,Ottawa,31254742735,5,5,23.55,4.71,4.71,0,0,
2017-08-19,623,Ottawa,31254742735,14,13,55.86,3.99,4.71,1,0,
2017-09-02,623,Ottawa,31254742735,2,2,7.98,3.99,4.71,0,0,
2017-09-09,623,Ottawa,31254742735,5,5,19.95,3.99,4.71,0,0,
2017-09-16,623,Ottawa,31254742735,2,2,10.38,5.19,5.19,0,0,
2017-09-23,623,Ottawa,31254742735,3,3,15.57,5.19,5.19,0,0,
2017-09-30,623,Ottawa,31254742735,1,1,5.19,5.19,5.19,0,0,
2017-10-07,623,Ottawa,31254742735,8,8,38.32,4.79,4.79,0,0,
2017-10-14,623,Ottawa,31254742735,2,2,9.58,4.79,4.79,0,0,
2017-10-21,623,Ottawa,31254742735,5,5,23.95,4.79,4.79,0,0,
2017-10-28,623,Ottawa,31254742735,7,6,30.31,4.33,4.33,0,0,
2017-11-04,623,Ottawa,31254742735,12,10,47.88,3.99,4.33,1,0,
2017-11-11,623,Ottawa,31254742735,17,17,67.83,3.99,4.33,1,0,
2017-11-18,623,Ottawa,31254742735,3,3,11.97,3.99,3.99,0,0,
2017-11-25,623,Ottawa,31254742735,1,1,4.79,4.79,4.79,0,0,
2017-12-09,623,Ottawa,31254742735,3,3,14.37,4.79,4.79,0,0,
2017-12-16,623,Ottawa,31254742735,2,2,9.58,4.79,4.79,0,0,
2017-12-23,623,Ottawa,31254742735,5,5,23.95,4.79,4.79,0,1,
2017-12-30,623,Ottawa,31254742735,3,3,14.37,4.79,4.79,0,1,
2018-01-06,623,Ottawa,31254742735,3,3,14.37,4.79,4.79,0,0,
2018-01-13,623,Ottawa,31254742735,2,2,9.58,4.79,4.79,0,0,
2018-01-20,623,Ottawa,31254742735,3,3,15.27,5.09,5.09,0,0,
2017-01-14,623,Ottawa,31254742835,3,3,15.57,5.19,5.19,0,0,
2017-01-21,623,Ottawa,31254742835,3,3,15.57,5.19,5.19,0,0,
2017-01-28,623,Ottawa,31254742835,4,3,20.76,5.19,5.19,0,0,
2017-02-04,623,Ottawa,31254742835,5,4,25.95,5.19,5.19,0,0,
2017-02-11,623,Ottawa,31254742835,3,3,14.88,4.96,4.96,0,0,
2017-02-18,623,Ottawa,31254742835,8,6,36,4.5,4.96,1,0,
2017-02-25,623,Ottawa,31254742835,3,3,13.5,4.5,4.96,1,0,
2017-03-04,623,Ottawa,31254742835,1,1,4.5,4.5,4.5,0,0,
2017-03-11,623,Ottawa,31254742835,2,2,9,4.5,4.5,0,0,
2017-03-18,623,Ottawa,31254742835,1,1,5.19,5.19,5.19,0,0,
2017-03-25,623,Ottawa,31254742835,3,3,15.57,5.19,5.19,0,0,
2017-04-01,623,Ottawa,31254742835,1,1,5.19,5.19,5.19,0,0,
2017-04-08,623,Ottawa,31254742835,1,1,5.19,5.19,5.19,0,0,
2017-04-15,623,Ottawa,31254742835,3,3,11.97,3.99,5.19,0,0,
2017-04-22,623,Ottawa,31254742835,3,3,11.97,3.99,5.19,1,0,
2017-04-29,623,Ottawa,31254742835,5,5,19.95,3.99,5.19,0,0,
2017-05-06,623,Ottawa,31254742835,10,10,39.9,3.99,5.19,0,0,
2017-05-13,623,Ottawa,31254742835,5,5,19.95,3.99,5.19,0,0,
2017-05-20,623,Ottawa,31254742835,1,1,3.99,3.99,5.19,0,0,
2017-05-27,623,Ottawa,31254742835,4,4,15.96,3.99,5.19,0,0,
2017-06-03,623,Ottawa,31254742835,3,3,15.57,5.19,5.19,0,0,
2017-06-10,623,Ottawa,31254742835,3,3,15.57,5.19,5.19,0,0,
2017-06-17,623,Ottawa,31254742835,4,4,20.76,5.19,5.19,0,0,
2017-06-24,623,Ottawa,31254742835,3,3,15.57,5.19,5.19,0,0,
2017-07-08,623,Ottawa,31254742835,2,2,10.38,5.19,5.19,0,0,
2017-07-15,623,Ottawa,31254742835,3,3,15.57,5.19,5.19,0,0,
2017-07-22,623,Ottawa,31254742835,1,1,5.19,5.19,5.19,0,0,
2017-07-29,623,Ottawa,31254742835,8,7,41.52,5.19,5.19,0,0,
2017-08-05,623,Ottawa,31254742835,3,3,15.57,5.19,5.19,0,0,
2017-08-12,623,Ottawa,31254742835,7,4,35.14,5.02,5.02,0,0,
2017-08-19,623,Ottawa,31254742835,7,6,27.93,3.99,5.02,1,0,
2017-08-26,623,Ottawa,31254742835,5,5,19.95,3.99,5.02,1,0,
2017-09-02,623,Ottawa,31254742835,7,7,27.93,3.99,5.02,0,0,
2017-09-09,623,Ottawa,31254742835,11,11,43.89,3.99,5.02,0,0,
2017-09-16,623,Ottawa,31254742835,3,3,15.57,5.19,5.19,0,0,
2017-09-30,623,Ottawa,31254742835,5,5,23.95,4.79,4.79,0,0,
2017-10-07,623,Ottawa,31254742835,5,5,23.95,4.79,4.79,0,0,
2017-10-14,623,Ottawa,31254742835,2,2,9.58,4.79,4.79,0,0,
2017-10-21,623,Ottawa,31254742835,4,4,19.16,4.79,4.79,0,0,
2017-10-28,623,Ottawa,31254742835,4,4,18.36,4.59,4.59,0,0,
2017-11-04,623,Ottawa,31254742835,12,11,47.88,3.99,4.59,1,0,
2017-11-11,623,Ottawa,31254742835,16,14,63.84,3.99,4.59,1,1,
2017-11-18,623,Ottawa,31254742835,5,5,19.95,3.99,4.59,0,0,
2017-11-25,623,Ottawa,31254742835,3,3,14.37,4.79,4.79,0,0,
2017-12-02,623,Ottawa,31254742835,3,3,14.37,4.79,4.79,0,0,
2017-12-09,623,Ottawa,31254742835,3,2,14.37,4.79,4.79,0,0,
2017-12-16,623,Ottawa,31254742835,6,6,28.74,4.79,4.79,0,0,
2017-12-23,623,Ottawa,31254742835,3,3,14.37,4.79,4.79,0,0,
2017-12-30,623,Ottawa,31254742835,3,3,14.37,4.79,4.79,0,0,
2018-01-06,623,Ottawa,31254742835,1,1,4.79,4.79,4.79,0,0,
2018-01-13,623,Ottawa,31254742835,7,6,33.53,4.79,4.79,0,0,
2018-01-20,623,Ottawa,31254742835,6,6,30.24,5.04,5.04,0,0,
2017-01-21,389,Laval,7110410470,2,2,5,2.5,2.79,0,0,
2017-01-28,389,Laval,7110410470,1,1,2.5,2.5,2.79,0,0,
2017-02-04,389,Laval,7110410470,3,3,7.5,2.5,2.79,0,0,
2017-02-11,389,Laval,7110410470,4,4,10,2.5,2.79,0,0,
2017-02-18,389,Laval,7110410470,1,1,2.5,2.5,2.79,0,0,
2017-02-25,389,Laval,7110410470,6,5,15,2.5,2.79,0,0,
2017-03-04,389,Laval,7110410470,1,1,2.5,2.5,2.5,0,0,
2017-03-11,389,Laval,7110410470,3,3,8.37,2.79,2.79,0,0,
2017-03-18,389,Laval,7110410470,4,4,11.16,2.79,2.79,0,0,
2017-03-25,389,Laval,7110410470,2,2,5.58,2.79,2.79,0,0,
2017-04-01,389,Laval,7110410470,4,4,11.16,2.79,2.79,0,0,
2017-04-08,389,Laval,7110410470,2,2,5,2.5,2.79,0,0,
2017-04-15,389,Laval,7110410470,3,3,7.5,2.5,2.79,0,0,
2017-04-22,389,Laval,7110410470,3,3,7.5,2.5,2.79,0,0,
2017-04-29,389,Laval,7110410470,5,5,12.5,2.5,2.79,0,0,
2017-05-06,389,Laval,7110410470,1,1,2.5,2.5,2.79,0,0,
2017-05-13,389,Laval,7110410470,3,3,7.5,2.5,2.79,0,0,
2017-05-20,389,Laval,7110410470,6,6,15,2.5,2.5,0,0,
2017-05-27,389,Laval,7110410470,4,4,10,2.5,2.5,0,0,
2017-06-03,389,Laval,7110410470,3,3,7.5,2.5,2.5,0,0,
2017-06-10,389,Laval,7110410470,7,7,17.5,2.5,2.5,0,1,
2017-06-17,389,Laval,7110410470,3,3,7.5,2.5,2.5,0,0,
2017-06-24,389,Laval,7110410470,1,1,2.5,2.5,2.5,0,0,
2017-07-01,389,Laval,7110410470,4,4,10,2.5,2.5,0,0,
2017-07-08,389,Laval,7110410470,5,4,12.5,2.5,2.5,0,0,
2017-07-15,389,Laval,7110410470,2,2,5,2.5,2.5,0,0,
2017-07-22,389,Laval,7110410470,1,1,2.5,2.5,2.5,0,0,
2017-07-29,389,Laval,7110410470,11,9,22,2,2.5,0,0,
2017-08-05,389,Laval,7110410470,6,5,12,2,2.5,0,1,
2017-08-12,389,Laval,7110410470,3,3,6,2,2.5,0,0,
2017-08-19,389,Laval,7110410470,6,6,12,2,2.5,0,1,
2017-08-26,389,Laval,7110410470,3,3,7.92,2.64,2.5,0,1,
2017-09-16,389,Laval,7110410470,4,4,10.56,2.64,2.5,0,1,
2017-09-23,389,Laval,7110410470,4,4,8,2,2.5,0,0,
2017-09-30,389,Laval,7110410470,9,9,18,2,2.5,0,1,
2017-10-07,389,Laval,7110410470,5,5,10,2,2.5,0,0,
2017-10-14,389,Laval,7110410470,5,5,10,2,2.5,0,0,
2017-10-21,389,Laval,7110410470,4,3,8.96,2.24,2.5,0,0,
2017-10-28,389,Laval,7110410470,1,1,2.24,2.24,2.24,0,0,
2017-11-04,389,Laval,7110410470,1,1,2.24,2.24,2.24,0,0,
2017-11-11,389,Laval,7110410470,1,1,2.24,2.24,2.24,0,0,
2017-11-18,389,Laval,7110410470,7,7,16.8,2.4,2.4,0,0,
2017-11-25,389,Laval,7110410470,7,5,16.8,2.4,2.4,0,0,
2017-12-02,389,Laval,7110410470,1,1,2.4,2.4,2.4,0,0,
2017-12-09,389,Laval,7110410470,3,3,7.2,2.4,2.4,0,0,
2017-12-16,389,Laval,7110410470,3,3,7.44,2.48,2.48,0,0,
2017-12-23,389,Laval,7110410470,4,4,9.92,2.48,2.48,0,0,
2017-12-30,389,Laval,7110410470,3,3,7.44,2.48,2.48,0,0,
2018-01-06,389,Laval,7110410470,4,4,9.92,2.48,2.48,0,0,
2018-01-13,389,Laval,7110410470,1,1,2.48,2.48,2.48,0,0,
2018-01-20,389,Laval,7110410470,3,3,7.44,2.48,2.48,0,0,
2017-01-21,389,Laval,7218063979,5,4,32.3,6.46,6.46,0,0,
2017-01-28,389,Laval,7218063979,2,2,12.92,6.46,6.46,0,0,
2017-02-04,389,Laval,7218063979,10,9,64.6,6.46,6.46,0,0,
2017-02-11,389,Laval,7218063979,36,31,179.64,4.99,6.46,1,1,
2017-02-18,389,Laval,7218063979,34,27,169.66,4.99,6.46,0,1,
2017-02-25,389,Laval,7218063979,12,10,82.68,6.89,6.89,0,0,
2017-03-04,389,Laval,7218063979,3,3,20.67,6.89,6.89,0,0,
2017-03-11,389,Laval,7218063979,63,52,287.28,4.56,6.89,1,1,
2017-03-18,389,Laval,7218063979,55,41,246.95,4.49,6.89,1,1,
2017-03-25,389,Laval,7218063979,16,15,71.84,4.49,6.89,0,0,
2017-04-01,389,Laval,7218063979,4,4,25.52,6.38,6.38,0,0,
2017-04-08,389,Laval,7218063979,2,2,12.76,6.38,6.38,0,0,
2017-04-15,389,Laval,7218063979,3,3,19.14,6.38,6.38,0,0,
2017-04-22,389,Laval,7218063979,9,9,57.42,6.38,6.38,0,0,
2017-04-29,389,Laval,7218063979,2,2,12.76,6.38,6.38,0,0,
2017-05-06,389,Laval,7218063979,7,7,44.66,6.38,6.38,0,0,
2017-05-13,389,Laval,7218063979,3,3,19.14,6.38,6.38,0,0,
2017-05-20,389,Laval,7218063979,6,5,38.28,6.38,6.38,0,0,
2017-05-27,389,Laval,7218063979,6,6,38.28,6.38,6.38,0,0,
2017-06-03,389,Laval,7218063979,6,6,38.28,6.38,6.38,0,0,
2017-06-10,389,Laval,7218063979,7,7,44.66,6.38,6.38,0,0,
2017-06-17,389,Laval,7218063979,4,4,25.52,6.38,6.38,0,0,
2017-06-24,389,Laval,7218063979,2,2,12.76,6.38,6.38,0,0,
2017-07-01,389,Laval,7218063979,8,7,43.92,5.49,6.38,0,0,
2017-07-08,389,Laval,7218063979,10,8,54.9,5.49,6.38,0,0,
2017-07-15,389,Laval,7218063979,2,1,10.98,5.49,6.38,0,0,
2017-07-22,389,Laval,7218063979,13,12,71.37,5.49,6.38,0,0,
2017-07-29,389,Laval,7218063979,4,4,25.52,6.38,6.38,0,0,
2017-08-05,389,Laval,7218063979,7,7,44.66,6.38,6.38,0,0,
2017-08-12,389,Laval,7218063979,7,6,44.66,6.38,6.38,0,0,
2017-08-19,389,Laval,7218063979,4,4,25.52,6.38,6.38,0,0,
2017-08-26,389,Laval,7218063979,8,6,39.44,4.93,6.38,1,0,
2017-09-02,389,Laval,7218063979,26,25,129.74,4.99,6.38,0,1,
2017-09-09,389,Laval,7218063979,4,3,27.56,6.89,6.38,0,1,
2017-09-16,389,Laval,7218063979,6,6,41.34,6.89,6.38,0,1,
2017-09-23,389,Laval,7218063979,7,6,48.23,6.89,6.89,0,0,
2017-09-30,389,Laval,7218063979,3,3,20.67,6.89,6.89,0,1,
2017-10-07,389,Laval,7218063979,6,5,38.28,6.38,6.38,0,0,
2017-10-14,389,Laval,7218063979,36,32,179.64,4.99,6.38,1,1,
2017-10-21,389,Laval,7218063979,38,34,189.62,4.99,6.38,1,1,
2017-10-28,389,Laval,7218063979,10,7,63.8,6.38,6.38,0,0,
2017-11-04,389,Laval,7218063979,4,4,25.52,6.38,6.38,0,1,
2017-11-11,389,Laval,7218063979,10,9,63.8,6.38,6.38,0,0,
2017-11-18,389,Laval,7218063979,9,9,57.42,6.38,6.38,0,0,
2017-11-25,389,Laval,7218063979,12,10,76.56,6.38,6.38,0,0,
2017-12-02,389,Laval,7218063979,5,5,31.9,6.38,6.38,0,0,
2017-12-09,389,Laval,7218063979,5,5,31.9,6.38,6.38,0,0,
2017-12-16,389,Laval,7218063979,14,13,89.88,6.42,6.42,0,0,
2017-12-23,389,Laval,7218063979,10,9,63.8,6.38,6.38,0,0,
2017-12-30,389,Laval,7218063979,7,6,44.66,6.38,6.38,0,0,
2018-01-06,389,Laval,7218063979,72,59,287.28,3.99,6.38,1,0,
2018-01-13,389,Laval,7218063979,55,50,219.45,3.99,6.38,1,1,
2018-01-20,389,Laval,7218063979,11,11,70.18,6.38,6.38,0,0,
2017-01-28,389,Laval,3700044982,3,2,15,5,5,0,0,
2017-02-04,389,Laval,3700044982,1,1,4.99,4.99,4.99,0,0,
2017-02-11,389,Laval,3700044982,2,2,9.98,4.99,4.99,0,0,
2017-02-18,389,Laval,3700044982,6,6,28.44,4.74,4.74,0,0,
2017-02-25,389,Laval,3700044982,7,7,34.93,4.99,4.99,0,0,
2017-03-04,389,Laval,3700044982,6,6,32.94,5.49,5.49,0,0,
2017-03-11,389,Laval,3700044982,3,3,16.47,5.49,5.49,0,0,
2017-03-18,389,Laval,3700044982,4,4,21.96,5.49,5.49,0,0,
2017-03-25,389,Laval,3700044982,6,6,32.94,5.49,5.49,0,0,
2017-04-01,389,Laval,3700044982,5,5,23.45,4.69,5.49,0,0,
2017-04-08,389,Laval,3700044982,9,9,43.92,4.88,5.49,0,0,
2017-04-15,389,Laval,3700044982,2,2,9.98,4.99,4.99,0,0,
2017-04-22,389,Laval,3700044982,5,7,24.95,4.99,4.99,0,0,
2017-04-29,389,Laval,3700044982,3,3,16.47,5.49,5.49,0,0,
2017-05-06,389,Laval,3700044982,4,4,21.96,5.49,5.49,0,0,
2017-05-13,389,Laval,3700044982,10,10,49.9,4.99,5.49,0,1,
2017-05-20,389,Laval,3700044982,5,5,24.95,4.99,5.49,0,1,
2017-05-27,389,Laval,3700044982,5,5,24.95,4.99,4.99,0,0,
2017-06-03,389,Laval,3700044982,8,8,40.4,5.05,5.05,0,0,
2017-06-10,389,Laval,3700044982,3,3,16.47,5.49,5.49,0,0,
2017-06-17,389,Laval,3700044982,7,7,38.43,5.49,5.49,0,0,
2017-06-24,389,Laval,3700044982,3,3,16.47,5.49,5.49,0,0,
2017-07-01,389,Laval,3700044982,7,7,34.93,4.99,4.99,0,0,
2017-07-08,389,Laval,3700044982,7,7,35.42,5.06,5.06,0,0,
2017-07-15,389,Laval,3700044982,8,8,39.92,4.99,4.99,0,0,
2017-07-22,389,Laval,3700044982,7,7,38.43,5.49,5.49,0,0,
2017-07-29,389,Laval,3700044982,5,5,24.95,4.99,4.99,0,0,
2017-08-05,389,Laval,3700044982,8,8,39.92,4.99,4.99,0,0,
2017-08-12,389,Laval,3700044982,5,5,27.45,5.49,5.49,0,0,
2017-08-19,389,Laval,3700044982,4,4,21.96,5.49,5.49,0,0,
2017-08-26,389,Laval,3700044982,3,3,13.41,4.47,5.49,0,1,
2017-09-02,389,Laval,3700044982,5,5,22.35,4.47,5.49,0,1,
2017-09-09,389,Laval,3700044982,8,8,35.76,4.47,5.49,0,1,
2017-09-16,389,Laval,3700044982,4,4,17.88,4.47,5.49,0,1,
2017-09-23,389,Laval,3700044982,6,6,32.94,5.49,5.49,0,1,
2017-09-30,389,Laval,3700044982,3,3,16.47,5.49,5.49,0,0,
2017-10-07,389,Laval,3700044982,4,4,19.96,4.99,4.99,0,0,
2017-10-14,389,Laval,3700044982,5,5,24.95,4.99,4.99,0,0,
2017-10-21,389,Laval,3700044982,6,6,29.94,4.99,4.99,0,0,
2017-10-28,389,Laval,3700044982,3,3,14.97,4.99,4.99,0,0,
2017-11-04,389,Laval,3700044982,10,10,54.9,5.49,5.49,0,0,
2017-11-11,389,Laval,3700044982,6,6,31.14,5.19,5.49,0,1,
2017-11-18,389,Laval,3700044982,2,2,10.38,5.19,5.19,0,0,
2017-11-25,389,Laval,3700044982,3,3,15.57,5.19,5.19,0,1,
2017-12-02,389,Laval,3700044982,3,3,15.57,5.19,5.19,0,0,
2017-12-09,389,Laval,3700044982,2,2,10.98,5.49,5.49,0,0,
2017-12-16,389,Laval,3700044982,1,1,5.49,5.49,5.49,0,0,
2017-12-23,389,Laval,3700044982,1,1,5.49,5.49,5.49,0,0,
2017-12-30,389,Laval,3700044982,1,1,5.49,5.49,5.49,0,0,
2018-01-06,389,Laval,3700044982,8,8,36,4.5,5.49,0,0,
2018-01-13,389,Laval,3700044982,8,8,36,4.5,5.49,0,0,
2018-01-20,389,Laval,3700044982,10,10,45,4.5,5.49,0,0,
