EN/S05_Descriptive_Analytics/Demo - retail_sales_data.csv
WEEK_END_DATE,STORE_NUM,STORE_CITY,UPC,UNITS,VISITS,SPEND,PRICE,BASE_PRICE,FEATURE,DISPLAY,
2017-04-15,623,Ottawa,88491201426,7,7,18.83,2.69,2.69,0,0,
2017-04-22,623,Ottawa,88491201426,11,11,36.41,3.31,3.31,0,0,
2017-04-29,623,Ottawa,88491201426,23,22,77.51,3.37,3.37,0,0,
2017-05-06,623,Ottawa,88491201426,27,26,90.99,3.37,3.37,0,0,
2017-05-13,623,Ottawa,88491201426,28,26,94.36,3.37,3.37,0,0,
2017-05-20,623,Ottawa,88491201426,31,29,104.47,3.37,3.37,0,0,
2017-05-27,623,Ottawa,88491201426,26,25,87.62,3.37,3.37,0,0,
2017-06-03,623,Ottawa,88491201426,38,37,128.06,3.37,3.37,0,0,
2017-06-10,623,Ottawa,88491201426,30,29,101.1,3.37,3.37,0,0,
2017-06-17,623,Ottawa,88491201426,27,27,90.99,3.37,3.37,0,0,
2017-06-24,623,Ottawa,88491201426,26,26,87.62,3.37,3.37,0,0,
2017-07-01,623,Ottawa,88491201426,28,26,94.36,3.37,3.37,0,0,
2017-07-08,623,Ottawa,88491201426,26,26,87.62,3.37,3.37,0,0,
2017-07-15,623,Ottawa,88491201426,44,38,110,2.5,3.37,0,0,
2017-07-22,623,Ottawa,88491201426,26,25,87.62,3.37,3.37,0,0,
2017-07-29,623,Ottawa,88491201426,24,22,80.88,3.37,3.37,0,0,
2017-08-05,623,Ottawa,88491201426,21,18,70.77,3.37,3.37,0,0,
2017-08-12,623,Ottawa,88491201426,24,23,80.88,3.37,3.37,0,0,
2017-08-19,623,Ottawa,88491201426,41,38,138.17,3.37,3.37,0,0,
2017-08-26,623,Ottawa,88491201426,31,30,104.47,3.37,3.37,0,0,
2017-09-02,623,Ottawa,88491201426,18,18,60.66,3.37,3.37,0,0,
2017-09-09,623,Ottawa,88491201426,27,26,90.99,3.37,3.37,0,0,
2017-09-16,623,Ottawa,88491201426,23,21,77.51,3.37,3.37,0,0,
2017-09-23,623,Ottawa,88491201426,61,54,152.5,2.5,3.37,1,1,
2017-09-30,623,Ottawa,88491201426,18,18,58.86,3.27,3.27,0,0,
2017-10-07,623,Ottawa,88491201426,32,32,107.84,3.37,3.37,0,0,
2017-10-14,623,Ottawa,88491201426,24,23,80.88,3.37,3.37,0,0,
2017-10-21,623,Ottawa,88491201426,27,26,90.99,3.37,3.37,0,0,
2017-10-28,623,Ottawa,88491201426,21,18,70.77,3.37,3.37,0,0,
2017-11-04,623,Ottawa,88491201426,23,23,77.51,3.37,3.37,0,0,
2017-11-11,623,Ottawa,88491201426,24,22,80.88,3.37,3.37,0,0,
2017-11-18,623,Ottawa,88491201426,21,20,70.77,3.37,3.37,0,0,
2017-11-25,623,Ottawa,88491201426,15,15,50.55,3.37,3.37,0,0,
2017-12-02,623,Ottawa,88491201426,31,27,104.47,3.37,3.37,0,0,
2017-12-09,623,Ottawa,88491201426,23,23,77.51,3.37,3.37,0,0,
2017-12-16,623,Ottawa,88491201426,21,21,70.77,3.37,3.37,0,0,
2017-12-23,623,Ottawa,88491201426,24,22,80.88,3.37,3.37,0,0,
2017-12-30,623,Ottawa,88491201426,17,16,57.29,3.37,3.37,0,0,
2018-01-06,623,Ottawa,88491201426,20,18,67.4,3.37,3.37,0,0,
2018-01-13,623,Ottawa,88491201426,27,24,90.99,3.37,3.37,0,0,
2018-01-20,623,Ottawa,88491201426,27,27,90.99,3.37,3.37,0,0,
2017-07-15,389,Laval,88491201426,10,5,13.9,1.39,1.39,0,0,
2017-07-22,389,Laval,88491201426,9,9,29.61,3.29,3.29,0,0,
2017-07-29,389,Laval,88491201426,31,26,101.99,3.29,3.29,0,0,
2017-08-05,389,Laval,88491201426,43,33,141.47,3.29,3.29,0,0,
2017-08-12,389,Laval,88491201426,39,34,128.31,3.29,3.29,0,0,
2017-08-19,389,Laval,88491201426,37,27,121.73,3.29,3.29,0,0,
2017-08-26,389,Laval,88491201426,36,32,118.44,3.29,3.29,0,0,
2017-09-02,389,Laval,88491201426,44,34,144.76,3.29,3.29,0,0,
2017-09-09,389,Laval,88491201426,47,34,154.63,3.29,3.29,0,0,
2017-09-16,389,Laval,88491201426,51,43,167.79,3.29,3.29,0,0,
2017-09-23,389,Laval,88491201426,83,65,220.78,2.66,3.29,0,1,
2017-09-30,389,Laval,88491201426,35,28,114.45,3.27,3.27,0,0,
2017-10-07,389,Laval,88491201426,37,33,121.73,3.29,3.29,0,0,
2017-10-14,389,Laval,88491201426,43,37,141.47,3.29,3.29,0,0,
2017-10-21,389,Laval,88491201426,39,34,124.41,3.19,3.19,0,0,
2017-10-28,389,Laval,88491201426,67,55,188.27,2.81,3.19,0,0,
2017-11-04,389,Laval,88491201426,40,30,131.6,3.29,3.29,0,0,
2017-11-11,389,Laval,88491201426,44,32,144.76,3.29,3.29,0,0,
2017-11-18,389,Laval,88491201426,28,23,92.12,3.29,3.29,0,0,
2017-11-25,389,Laval,88491201426,17,12,55.93,3.29,3.29,0,0,
2017-12-02,389,Laval,88491201426,40,32,131.6,3.29,3.29,0,0,
2017-12-09,389,Laval,88491201426,46,36,151.34,3.29,3.29,0,0,
2017-12-16,389,Laval,88491201426,49,40,161.21,3.29,3.29,0,0,
2017-12-23,389,Laval,88491201426,37,27,121.73,3.29,3.29,0,0,
2017-12-30,389,Laval,88491201426,35,25,115.15,3.29,3.29,0,0,
2018-01-06,389,Laval,88491201426,41,28,134.89,3.29,3.29,0,0,
2018-01-13,389,Laval,88491201426,38,30,125.02,3.29,3.29,0,0,
2018-01-20,389,Laval,88491201426,30,23,98.7,3.29,3.29,0,0,
2017-07-29,623,Ottawa,88491212971,16,16,40,2.5,2.5,0,0,
2017-08-05,623,Ottawa,88491212971,9,9,22.5,2.5,2.5,0,0,
2017-08-12,623,Ottawa,88491212971,35,34,70,2,2.5,1,1,
2017-08-19,623,Ottawa,88491212971,16,16,39.52,2.47,2.47,0,0,
2017-08-26,623,Ottawa,88491212971,24,22,60,2.5,2.5,0,0,
2017-09-02,623,Ottawa,88491212971,19,19,47.5,2.5,2.5,0,0,
2017-09-09,623,Ottawa,88491212971,21,21,52.5,2.5,2.5,0,0,
2017-09-16,623,Ottawa,88491212971,20,19,50,2.5,2.5,0,0,
2017-09-23,623,Ottawa,88491212971,14,14,35,2.5,2.5,0,0,
2017-09-30,623,Ottawa,88491212971,13,13,32.5,2.5,2.5,0,0,
2017-10-07,623,Ottawa,88491212971,16,16,40,2.5,2.5,0,0,
2017-10-14,623,Ottawa,88491212971,17,17,42.5,2.5,2.5,0,0,
2017-10-21,623,Ottawa,88491212971,15,14,37.5,2.5,2.5,0,0,
2017-10-28,623,Ottawa,88491212971,56,42,140,2.5,2.5,1,1,
2017-11-04,623,Ottawa,88491212971,17,17,42.5,2.5,2.5,0,0,
2017-11-11,623,Ottawa,88491212971,13,13,32.5,2.5,2.5,0,0,
2017-11-18,623,Ottawa,88491212971,14,14,35,2.5,2.5,0,0,
2017-11-25,623,Ottawa,88491212971,21,20,52.5,2.5,2.5,0,0,
2017-12-02,623,Ottawa,88491212971,12,12,30,2.5,2.5,0,0,
2017-12-09,623,Ottawa,88491212971,29,27,58.58,2.02,2.5,1,0,
2017-12-16,623,Ottawa,88491212971,15,15,37.5,2.5,2.5,1,0,
2017-12-23,623,Ottawa,88491212971,15,15,37.5,2.5,2.5,0,0,
2017-12-30,623,Ottawa,88491212971,12,12,30,2.5,2.5,0,0,
2018-01-06,623,Ottawa,88491212971,33,30,66.66,2.02,2.5,1,1,
2018-01-13,623,Ottawa,88491212971,19,17,38,2,2.5,0,0,
2018-01-20,623,Ottawa,88491212971,10,10,25,2.5,2.5,0,0,
